Archive member included because of file (symbol)

c:\Users\Soren\AppData\Roaming\Code\User\globalStorage\vexrobotics.vexcode\sdk\cpp\V5\V5_20240802_15_00_00/vexv5\libv5rt.a(v5_startup.c.obj)
                              (vexStartup)
c:\Users\Soren\AppData\Roaming\Code\User\globalStorage\vexrobotics.vexcode\sdk\cpp\V5\V5_20240802_15_00_00/vexv5\libv5rt.a(v5_util.c.obj)
                              c:\Users\Soren\AppData\Roaming\Code\User\globalStorage\vexrobotics.vexcode\sdk\cpp\V5\V5_20240802_15_00_00/vexv5\libv5rt.a(v5_startup.c.obj) (vexStdlibVersionLinked)
c:\Users\Soren\AppData\Roaming\Code\User\globalStorage\vexrobotics.vexcode\sdk\cpp\V5\V5_20240802_15_00_00/vexv5\libv5rt.a(v5_apijump.c.obj)
                              c:\Users\Soren\AppData\Roaming\Code\User\globalStorage\vexrobotics.vexcode\sdk\cpp\V5\V5_20240802_15_00_00/vexv5\libv5rt.a(v5_startup.c.obj) (vexPrivateApiEnable)
c:\Users\Soren\AppData\Roaming\Code\User\globalStorage\vexrobotics.vexcode\sdk\cpp\V5\V5_20240802_15_00_00/vexv5\libv5rt.a(v5_apiversions.c.obj)
                              c:\Users\Soren\AppData\Roaming\Code\User\globalStorage\vexrobotics.vexcode\sdk\cpp\V5\V5_20240802_15_00_00/vexv5\libv5rt.a(v5_apijump.c.obj) (vexSystemVersion)
c:\Users\Soren\AppData\Roaming\Code\User\globalStorage\vexrobotics.vexcode\sdk\cpp\V5\V5_20240802_15_00_00/vexv5\libv5rt.a(vex_global.cpp.obj)
                              build/src/claw.o (vex::wait(double, vex::timeUnits))
c:\Users\Soren\AppData\Roaming\Code\User\globalStorage\vexrobotics.vexcode\sdk\cpp\V5\V5_20240802_15_00_00/vexv5\libv5rt.a(vex_motor.cpp.obj)
                              build/src/main.o (vex::motor::~motor())
c:\Users\Soren\AppData\Roaming\Code\User\globalStorage\vexrobotics.vexcode\sdk\cpp\V5\V5_20240802_15_00_00/vexv5\libv5rt.a(vex_imu.cpp.obj)
                              build/src/JAR-Template/drive.o (vex::inertial::setRotation(double, vex::rotationUnits))
c:\Users\Soren\AppData\Roaming\Code\User\globalStorage\vexrobotics.vexcode\sdk\cpp\V5\V5_20240802_15_00_00/vexv5\libv5rt.a(vex_rotation.cpp.obj)
                              build/src/main.o (vex::rotation::~rotation())
c:\Users\Soren\AppData\Roaming\Code\User\globalStorage\vexrobotics.vexcode\sdk\cpp\V5\V5_20240802_15_00_00/vexv5\libv5rt.a(vex_controller.cpp.obj)
                              build/src/robot-config.o (vex::controller::~controller())
c:\Users\Soren\AppData\Roaming\Code\User\globalStorage\vexrobotics.vexcode\sdk\cpp\V5\V5_20240802_15_00_00/vexv5\libv5rt.a(vex_task.cpp.obj)
                              build/src/JAR-Template/drive.o (vex::task::task())
c:\Users\Soren\AppData\Roaming\Code\User\globalStorage\vexrobotics.vexcode\sdk\cpp\V5\V5_20240802_15_00_00/vexv5\libv5rt.a(vex_thread.cpp.obj)
                              build/src/main.o (vex::thread::thread(int (*)()))
c:\Users\Soren\AppData\Roaming\Code\User\globalStorage\vexrobotics.vexcode\sdk\cpp\V5\V5_20240802_15_00_00/vexv5\libv5rt.a(vex_event.cpp.obj)
                              c:\Users\Soren\AppData\Roaming\Code\User\globalStorage\vexrobotics.vexcode\sdk\cpp\V5\V5_20240802_15_00_00/vexv5\libv5rt.a(vex_imu.cpp.obj) (vex::event::init(unsigned long, unsigned long, void (*)()))
c:\Users\Soren\AppData\Roaming\Code\User\globalStorage\vexrobotics.vexcode\sdk\cpp\V5\V5_20240802_15_00_00/vexv5\libv5rt.a(vex_mevent.cpp.obj)
                              c:\Users\Soren\AppData\Roaming\Code\User\globalStorage\vexrobotics.vexcode\sdk\cpp\V5\V5_20240802_15_00_00/vexv5\libv5rt.a(vex_controller.cpp.obj) (vex::mevent::mevent(unsigned long, unsigned long))
c:\Users\Soren\AppData\Roaming\Code\User\globalStorage\vexrobotics.vexcode\sdk\cpp\V5\V5_20240802_15_00_00/vexv5\libv5rt.a(vex_brain.cpp.obj)
                              build/src/main.o (vex::brain::lcd::setCursor(long, long))
c:\Users\Soren\AppData\Roaming\Code\User\globalStorage\vexrobotics.vexcode\sdk\cpp\V5\V5_20240802_15_00_00/vexv5\libv5rt.a(vex_competition.cpp.obj)
                              build/src/main.o (vex::competition::competition())
c:\Users\Soren\AppData\Roaming\Code\User\globalStorage\vexrobotics.vexcode\sdk\cpp\V5\V5_20240802_15_00_00/vexv5\libv5rt.a(vex_triport.cpp.obj)
                              build/src/main.o (vex::triport::~triport())
c:\Users\Soren\AppData\Roaming\Code\User\globalStorage\vexrobotics.vexcode\sdk\cpp\V5\V5_20240802_15_00_00/vexv5\libv5rt.a(vex_color.cpp.obj)
                              c:\Users\Soren\AppData\Roaming\Code\User\globalStorage\vexrobotics.vexcode\sdk\cpp\V5\V5_20240802_15_00_00/vexv5\libv5rt.a(vex_brain.cpp.obj) (vex::color::operator unsigned long() const)
c:\Users\Soren\AppData\Roaming\Code\User\globalStorage\vexrobotics.vexcode\sdk\cpp\V5\V5_20240802_15_00_00/vexv5\libv5rt.a(vex_timer.cpp.obj)
                              c:\Users\Soren\AppData\Roaming\Code\User\globalStorage\vexrobotics.vexcode\sdk\cpp\V5\V5_20240802_15_00_00/vexv5\libv5rt.a(vex_brain.cpp.obj) (vex::timer::~timer())
[...]
Memory Configuration

Name             Origin             Length             Attributes
ps7_ddr_0_S_AXI_BASEADDR 0x03800000         0x04800000
*default*        0x00000000         0xffffffff

Linker script and memory map

                0x00002000                _STACK_SIZE = DEFINED (_STACK_SIZE)?_STACK_SIZE:0x2000
                0x00100000                _HEAP_SIZE = DEFINED (_HEAP_SIZE)?_HEAP_SIZE:0x100000
                0x00000400                _ABORT_STACK_SIZE = DEFINED (_ABORT_STACK_SIZE)?_ABORT_STACK_SIZE:0x400
                0x00000800                _SUPERVISOR_STACK_SIZE = DEFINED (_SUPERVISOR_STACK_SIZE)?_SUPERVISOR_STACK_SIZE:0x800
                0x00000400                _IRQ_STACK_SIZE = DEFINED (_IRQ_STACK_SIZE)?_IRQ_STACK_SIZE:0x400
                0x00000400                _FIQ_STACK_SIZE = DEFINED (_FIQ_STACK_SIZE)?_FIQ_STACK_SIZE:0x400
                0x00000400                _UNDEF_STACK_SIZE = DEFINED (_UNDEF_STACK_SIZE)?_UNDEF_STACK_SIZE:0x400

.text           0x03800000     0x6b58
 *(.vectors)
 *(.boot_data)
 .boot_data     0x03800000       0x20 c:\Users\Soren\AppData\Roaming\Code\User\globalStorage\vexrobotics.vexcode\sdk\cpp\V5\V5_20240802_15_00_00/vexv5\libv5rt.a(v5_startup.c.obj)
                0x03800000                vexCodeSig
                0x00000020                . = 0x20
 *(.boot)
 .boot          0x03800020       0xbc c:\Users\Soren\AppData\Roaming\Code\User\globalStorage\vexrobotics.vexcode\sdk\cpp\V5\V5_20240802_15_00_00/vexv5\libv5rt.a(v5_startup.c.obj)
                0x03800020                vexStartup
                0x03800100                . = ALIGN (0x40)
 *fill*         0x038000dc       0x24 
 *(.freertos_vectors)
 *(.text)
 *(.text.*)
 .text._ZN8ClawMechC2EN3vex11motor_groupENS0_3ledEfffffff
                0x03800100       0x94 build/src/claw.o
                0x03800100                ClawMech::ClawMech(vex::motor_group, vex::led, float, float, float, float, float, float, float)
                0x03800100                ClawMech::ClawMech(vex::motor_group, vex::led, float, float, float, float, float, float, float)
 .text._ZN8ClawMech6moveToE10CLAWSTATES
                0x03800194      0x170 build/src/claw.o
                0x03800194                ClawMech::moveTo(CLAWSTATES)
 .text._ZN3vex11motor_groupC2IJNS_5motorES2_S2_EEERS2_DpRT_
                0x03800304       0x50 build/src/main.o
                0x03800304                vex::motor_group::motor_group<vex::motor, vex::motor, vex::motor>(vex::motor&, vex::motor&, vex::motor&, vex::motor&)
 .text._ZN5DriveD2Ev
                0x03800354       0x7c build/src/main.o
                0x03800354                Drive::~Drive()
 .text._ZN8ClawMechD2Ev
                0x038003d0       0x24 build/src/main.o
                0x038003d0                ClawMech::~ClawMech()
 .text._Z9pre_autonv
                0x038003f4       0xdc build/src/main.o
                0x038003f4                pre_auton()
 .text._Z10autonomousv
                0x038004d0       0x60 build/src/main.o
                0x038004d0                autonomous()
 .text._Z12goToAlliancev
                0x03800530       0x34 build/src/main.o
                0x03800530                goToAlliance()
 .text._Z11goToDefaultv
                0x03800564       0x4c build/src/main.o
                0x03800564                goToDefault()
 .text._Z9goalClampv
                0x038005b0       0x7c build/src/main.o
                0x038005b0                goalClamp()
 .text._Z9clampRingv
                0x0380062c       0x54 build/src/main.o
                0x0380062c                clampRing()
 .text._Z9revIntakev
                0x03800680       0x70 build/src/main.o
                0x03800680                revIntake()
 .text._Z11usercontrolv
                0x038006f0      0x2b0 build/src/main.o
                0x038006f0                usercontrol()
 .text.main     0x038009a0       0x68 build/src/main.o
                0x038009a0                main
 .text._GLOBAL__sub_I_main.cpp
                0x03800a08      0x244 build/src/main.o
 .text._Z17default_constantsv
                0x03800c4c      0x114 build/src/autons.o
                0x03800c4c                default_constants()
 .text._Z13autonMoveClawv
                0x03800d60       0x64 build/src/autons.o
                0x03800d60                autonMoveClaw()
 *fill*         0x03800dc4        0x4 
 .text._Z19red_right_front_posv
                0x03800dc8      0x610 build/src/autons.o
                0x03800dc8                red_right_front_pos()
 .text._Z27find_Local_Goals_In_My_Areav
                0x038013d8      0x108 build/src/ai.o
                0x038013d8                find_Local_Goals_In_My_Area()
 .text._Z11vexcodeInitv
                0x038014e0        0x4 build/src/robot-config.o
                0x038014e0                vexcodeInit()
 .text._GLOBAL__sub_I_robot_config.cpp
                0x038014e4      0x4c8 build/src/robot-config.o
 .text._Z10intakeePIDv
                0x038019ac       0xdc build/src/intakee.o
                0x038019ac                intakeePID()
 .text._Z7intakeev
                0x03801a88      0x158 build/src/intakee.o
                0x03801a88                intakee()
 .text._Z15reduce_0_to_360f
                0x03801be0       0x7c build/src/JAR-Template/util.o
                0x03801be0                reduce_0_to_360(float)
 .text._Z26reduce_negative_180_to_180f
                0x03801c5c       0x90 build/src/JAR-Template/util.o
                0x03801c5c                reduce_negative_180_to_180(float)
 .text._Z5clampfff
                0x03801cec       0x2c build/src/JAR-Template/util.o
                0x03801cec                clamp(float, float, float)
 .text._Z11is_reversedd
                0x03801d18       0x18 build/src/JAR-Template/util.o
                0x03801d18                is_reversed(double)
 .text._Z7to_voltf
                0x03801d30       0x30 build/src/JAR-Template/util.o
                0x03801d30                to_volt(float)
 .text._Z7to_porti
                0x03801d60       0x10 build/src/JAR-Template/util.o
                0x03801d60                to_port(int)
 .text._Z8deadbandff
                0x03801d70       0x28 build/src/JAR-Template/util.o
                0x03801d70                deadband(float, float)
 .text._ZN4Odom22set_physical_distancesEff
                0x03801d98        0x8 build/src/JAR-Template/odom.o
                0x03801d98                Odom::set_physical_distances(float, float)
 .text._ZN5DriveC2E11drive_setupN3vex11motor_groupES2_ifffiiiiiffiff
                0x03801da0      0x268 build/src/JAR-Template/drive.o
                0x03801da0                Drive::Drive(drive_setup, vex::motor_group, vex::motor_group, int, float, float, float, int, int, int, int, int, float, float, int, float, float)
                0x03801da0                Drive::Drive(drive_setup, vex::motor_group, vex::motor_group, int, float, float, float, int, int, int, int, int, float, float, int, float, float)
 .text._ZN5Drive18drive_with_voltageEff
                0x03802008       0x6c build/src/JAR-Template/drive.o
                0x03802008                Drive::drive_with_voltage(float, float)
 .text._ZN5Drive18set_turn_constantsEfffff
                0x03802074       0x1c build/src/JAR-Template/drive.o
                0x03802074                Drive::set_turn_constants(float, float, float, float, float)
 .text._ZN5Drive19set_drive_constantsEfffff
                0x03802090       0x1c build/src/JAR-Template/drive.o
                0x03802090                Drive::set_drive_constants(float, float, float, float, float)
 .text._ZN5Drive21set_heading_constantsEfffff
                0x038020ac       0x1c build/src/JAR-Template/drive.o
                0x038020ac                Drive::set_heading_constants(float, float, float, float, float)
 .text._ZN5Drive19set_swing_constantsEfffff
                0x038020c8       0x1c build/src/JAR-Template/drive.o
                0x038020c8                Drive::set_swing_constants(float, float, float, float, float)
 .text._ZN5Drive24set_turn_exit_conditionsEfff
                0x038020e4        0xc build/src/JAR-Template/drive.o
                0x038020e4                Drive::set_turn_exit_conditions(float, float, float)
 .text._ZN5Drive25set_drive_exit_conditionsEfff
                0x038020f0        0xc build/src/JAR-Template/drive.o
                0x038020f0                Drive::set_drive_exit_conditions(float, float, float)
 .text._ZN5Drive25set_swing_exit_conditionsEfff
                0x038020fc        0xc build/src/JAR-Template/drive.o
                0x038020fc                Drive::set_swing_exit_conditions(float, float, float)
 .text._ZN5Drive13turn_to_angleEf
                0x03802108       0x50 build/src/JAR-Template/drive.o
                0x03802108                Drive::turn_to_angle(float)
 .text._ZN5Drive13turn_to_angleEfffffffff
                0x03802158      0x150 build/src/JAR-Template/drive.o
                0x03802158                Drive::turn_to_angle(float, float, float, float, float, float, float, float, float)
 .text._ZN5Drive14drive_distanceEf
                0x038022a8       0xc8 build/src/JAR-Template/drive.o
                0x038022a8                Drive::drive_distance(float)
 .text._ZN5Drive14drive_distanceEfffffffffffffff
                0x03802370      0x308 build/src/JAR-Template/drive.o
                0x03802370                Drive::drive_distance(float, float, float, float, float, float, float, float, float, float, float, float, float, float, float)
 .text._ZN5Drive14drive_distanceEffff
                0x03802678       0x74 build/src/JAR-Template/drive.o
                0x03802678                Drive::drive_distance(float, float, float, float)
 *fill*         0x038026ec        0x4 
 .text._ZN5Drive11set_headingEf
                0x038026f0       0x50 build/src/JAR-Template/drive.o
                0x038026f0                Drive::set_heading(float)
 .text._ZN5Drive14control_arcadeEv
                0x03802740      0x114 build/src/JAR-Template/drive.o
                0x03802740                Drive::control_arcade()
 .text._ZN3PIDC2Efffff
                0x03802854       0x38 build/src/JAR-Template/PID.o
                0x03802854                PID::PID(float, float, float, float, float)
                0x03802854                PID::PID(float, float, float, float, float)
 .text._ZN3PIDC2Effffffff
                0x0380288c       0x50 build/src/JAR-Template/PID.o
                0x0380288c                PID::PID(float, float, float, float, float, float, float, float)
                0x0380288c                PID::PID(float, float, float, float, float, float, float, float)
 .text._ZN3PID7computeEf
                0x038028dc       0xd0 build/src/JAR-Template/PID.o
                0x038028dc                PID::compute(float)
 .text._ZN3PID10is_settledEv
                0x038029ac       0x44 build/src/JAR-Template/PID.o
                0x038029ac                PID::is_settled()
 .text.vexMain  0x038029f0       0xb0 c:\Users\Soren\AppData\Roaming\Code\User\globalStorage\vexrobotics.vexcode\sdk\cpp\V5\V5_20240802_15_00_00/vexv5\libv5rt.a(v5_startup.c.obj)
                0x038029f0                vexMain
 .text.__vex_function_prolog
                0x03802aa0       0x18 c:\Users\Soren\AppData\Roaming\Code\User\globalStorage\vexrobotics.vexcode\sdk\cpp\V5\V5_20240802_15_00_00/vexv5\libv5rt.a(v5_startup.c.obj)
                0x03802aa0                __vex_function_prolog
 .text._init    0x03802ab8        0x4 c:\Users\Soren\AppData\Roaming\Code\User\globalStorage\vexrobotics.vexcode\sdk\cpp\V5\V5_20240802_15_00_00/vexv5\libv5rt.a(v5_startup.c.obj)
                0x03802ab8                _init
 .text._fini    0x03802abc        0x4 c:\Users\Soren\AppData\Roaming\Code\User\globalStorage\vexrobotics.vexcode\sdk\cpp\V5\V5_20240802_15_00_00/vexv5\libv5rt.a(v5_startup.c.obj)
                0x03802abc                _fini
 .text.vexStdlibVersionLinked
                0x03802ac0        0xc c:\Users\Soren\AppData\Roaming\Code\User\globalStorage\vexrobotics.vexcode\sdk\cpp\V5\V5_20240802_15_00_00/vexv5\libv5rt.a(v5_util.c.obj)
                0x03802ac0                vexStdlibVersionLinked
 .text.vexStdlibVersionVerify
                0x03802acc       0x30 c:\Users\Soren\AppData\Roaming\Code\User\globalStorage\vexrobotics.vexcode\sdk\cpp\V5\V5_20240802_15_00_00/vexv5\libv5rt.a(v5_util.c.obj)
                0x03802acc                vexStdlibVersionVerify
 .text.vexPrivateApiEnable
                0x03802afc       0x10 c:\Users\Soren\AppData\Roaming\Code\User\globalStorage\vexrobotics.vexcode\sdk\cpp\V5\V5_20240802_15_00_00/vexv5\libv5rt.a(v5_apijump.c.obj)
                0x03802afc                vexPrivateApiEnable
 .text.vexStdlibMismatchError
                0x03802b0c       0x3c c:\Users\Soren\AppData\Roaming\Code\User\globalStorage\vexrobotics.vexcode\sdk\cpp\V5\V5_20240802_15_00_00/vexv5\libv5rt.a(v5_apijump.c.obj)
                0x03802b0c                vexStdlibMismatchError
 .text.vexTaskAdd
                0x03802b48       0x10 c:\Users\Soren\AppData\Roaming\Code\User\globalStorage\vexrobotics.vexcode\sdk\cpp\V5\V5_20240802_15_00_00/vexv5\libv5rt.a(v5_apijump.c.obj)
                0x03802b48                vexTaskAdd
 .text.vexTasksRun
                0x03802b58       0x10 c:\Users\Soren\AppData\Roaming\Code\User\globalStorage\vexrobotics.vexcode\sdk\cpp\V5\V5_20240802_15_00_00/vexv5\libv5rt.a(v5_apijump.c.obj)
                0x03802b58                vexTasksRun
 .text.vexTaskYield
                0x03802b68       0x10 c:\Users\Soren\AppData\Roaming\Code\User\globalStorage\vexrobotics.vexcode\sdk\cpp\V5\V5_20240802_15_00_00/vexv5\libv5rt.a(v5_apijump.c.obj)
                0x03802b68                vexTaskYield
 .text.vexTaskCheckTimeslice
                0x03802b78       0x10 c:\Users\Soren\AppData\Roaming\Code\User\globalStorage\vexrobotics.vexcode\sdk\cpp\V5\V5_20240802_15_00_00/vexv5\libv5rt.a(v5_apijump.c.obj)
                0x03802b78                vexTaskCheckTimeslice
 .text.vexTaskGetIndex
                0x03802b88       0x10 c:\Users\Soren\AppData\Roaming\Code\User\globalStorage\vexrobotics.vexcode\sdk\cpp\V5\V5_20240802_15_00_00/vexv5\libv5rt.a(v5_apijump.c.obj)
                0x03802b88                vexTaskGetIndex
 .text.vexTaskSleep
                0x03802b98       0x10 c:\Users\Soren\AppData\Roaming\Code\User\globalStorage\vexrobotics.vexcode\sdk\cpp\V5\V5_20240802_15_00_00/vexv5\libv5rt.a(v5_apijump.c.obj)
                0x03802b98                vexTaskSleep
 .text.vexTasksDump
                0x03802ba8       0x1c c:\Users\Soren\AppData\Roaming\Code\User\globalStorage\vexrobotics.vexcode\sdk\cpp\V5\V5_20240802_15_00_00/vexv5\libv5rt.a(v5_apijump.c.obj)
                0x03802ba8                vexTasksDump
 .text.vexTaskGetTaskIndex
                0x03802bc4       0x10 c:\Users\Soren\AppData\Roaming\Code\User\globalStorage\vexrobotics.vexcode\sdk\cpp\V5\V5_20240802_15_00_00/vexv5\libv5rt.a(v5_apijump.c.obj)
                0x03802bc4                vexTaskGetTaskIndex
 .text.vexTaskStopAll
                0x03802bd4       0x10 c:\Users\Soren\AppData\Roaming\Code\User\globalStorage\vexrobotics.vexcode\sdk\cpp\V5\V5_20240802_15_00_00/vexv5\libv5rt.a(v5_apijump.c.obj)
                0x03802bd4                vexTaskStopAll
 .text.vexTaskRemoveAllUser
                0x03802be4       0x34 c:\Users\Soren\AppData\Roaming\Code\User\globalStorage\vexrobotics.vexcode\sdk\cpp\V5\V5_20240802_15_00_00/vexv5\libv5rt.a(v5_apijump.c.obj)
                0x03802be4                vexTaskRemoveAllUser
 .text.vexTaskCompletionIdSet
                0x03802c18       0x10 c:\Users\Soren\AppData\Roaming\Code\User\globalStorage\vexrobotics.vexcode\sdk\cpp\V5\V5_20240802_15_00_00/vexv5\libv5rt.a(v5_apijump.c.obj)
                0x03802c18                vexTaskCompletionIdSet
 .text.vexTaskStopWithId
                0x03802c28       0x10 c:\Users\Soren\AppData\Roaming\Code\User\globalStorage\vexrobotics.vexcode\sdk\cpp\V5\V5_20240802_15_00_00/vexv5\libv5rt.a(v5_apijump.c.obj)
                0x03802c28                vexTaskStopWithId
 .text.vexTaskGetCallbackAndId
                0x03802c38       0x54 c:\Users\Soren\AppData\Roaming\Code\User\globalStorage\vexrobotics.vexcode\sdk\cpp\V5\V5_20240802_15_00_00/vexv5\libv5rt.a(v5_apijump.c.obj)
                0x03802c38                vexTaskGetCallbackAndId
 .text.vexCriticalSection
                0x03802c8c       0x2c c:\Users\Soren\AppData\Roaming\Code\User\globalStorage\vexrobotics.vexcode\sdk\cpp\V5\V5_20240802_15_00_00/vexv5\libv5rt.a(v5_apijump.c.obj)
                0x03802c8c                vexCriticalSection
 .text.vexEventAdd
                0x03802cb8       0x34 c:\Users\Soren\AppData\Roaming\Code\User\globalStorage\vexrobotics.vexcode\sdk\cpp\V5\V5_20240802_15_00_00/vexv5\libv5rt.a(v5_apijump.c.obj)
                0x03802cb8                vexEventAdd
 .text.vexEventUserIndexGet
                0x03802cec       0x1c c:\Users\Soren\AppData\Roaming\Code\User\globalStorage\vexrobotics.vexcode\sdk\cpp\V5\V5_20240802_15_00_00/vexv5\libv5rt.a(v5_apijump.c.obj)
                0x03802cec                vexEventUserIndexGet
 .text.vexEventAddWithArg
                0x03802d08       0x3c c:\Users\Soren\AppData\Roaming\Code\User\globalStorage\vexrobotics.vexcode\sdk\cpp\V5\V5_20240802_15_00_00/vexv5\libv5rt.a(v5_apijump.c.obj)
                0x03802d08                vexEventAddWithArg
 .text.vexEventsCleanup
                0x03802d44       0x2c c:\Users\Soren\AppData\Roaming\Code\User\globalStorage\vexrobotics.vexcode\sdk\cpp\V5\V5_20240802_15_00_00/vexv5\libv5rt.a(v5_apijump.c.obj)
                0x03802d44                vexEventsCleanup
 .text.vexDebug
                0x03802d70       0x38 c:\Users\Soren\AppData\Roaming\Code\User\globalStorage\vexrobotics.vexcode\sdk\cpp\V5\V5_20240802_15_00_00/vexv5\libv5rt.a(v5_apijump.c.obj)
                0x03802d70                vexDebug
 .text.vex_sprintf
                0x03802da8       0x40 c:\Users\Soren\AppData\Roaming\Code\User\globalStorage\vexrobotics.vexcode\sdk\cpp\V5\V5_20240802_15_00_00/vexv5\libv5rt.a(v5_apijump.c.obj)
                0x03802da8                vex_sprintf
 .text.vex_vsnprintf
                0x03802de8       0x3c c:\Users\Soren\AppData\Roaming\Code\User\globalStorage\vexrobotics.vexcode\sdk\cpp\V5\V5_20240802_15_00_00/vexv5\libv5rt.a(v5_apijump.c.obj)
                0x03802de8                vex_vsnprintf
 .text.vexSystemTimeGet
                0x03802e24       0x1c c:\Users\Soren\AppData\Roaming\Code\User\globalStorage\vexrobotics.vexcode\sdk\cpp\V5\V5_20240802_15_00_00/vexv5\libv5rt.a(v5_apijump.c.obj)
                0x03802e24                vexSystemTimeGet
 .text.vexSystemExitRequest
                0x03802e40       0x1c c:\Users\Soren\AppData\Roaming\Code\User\globalStorage\vexrobotics.vexcode\sdk\cpp\V5\V5_20240802_15_00_00/vexv5\libv5rt.a(v5_apijump.c.obj)
                0x03802e40                vexSystemExitRequest
 .text.vexDeviceGetByIndex
                0x03802e5c       0x24 c:\Users\Soren\AppData\Roaming\Code\User\globalStorage\vexrobotics.vexcode\sdk\cpp\V5\V5_20240802_15_00_00/vexv5\libv5rt.a(v5_apijump.c.obj)
                0x03802e5c                vexDeviceGetByIndex
 .text.vexControllerGet
                0x03802e80       0x2c c:\Users\Soren\AppData\Roaming\Code\User\globalStorage\vexrobotics.vexcode\sdk\cpp\V5\V5_20240802_15_00_00/vexv5\libv5rt.a(v5_apijump.c.obj)
                0x03802e80                vexControllerGet
 .text.vexControllerTextSet
                0x03802eac       0x74 c:\Users\Soren\AppData\Roaming\Code\User\globalStorage\vexrobotics.vexcode\sdk\cpp\V5\V5_20240802_15_00_00/vexv5\libv5rt.a(v5_apijump.c.obj)
                0x03802eac                vexControllerTextSet
 .text.vexDeviceAdiPortConfigSet
                0x03802f20       0x34 c:\Users\Soren\AppData\Roaming\Code\User\globalStorage\vexrobotics.vexcode\sdk\cpp\V5\V5_20240802_15_00_00/vexv5\libv5rt.a(v5_apijump.c.obj)
                0x03802f20                vexDeviceAdiPortConfigSet
 .text.vexDeviceAdiPortConfigGet
                0x03802f54       0x2c c:\Users\Soren\AppData\Roaming\Code\User\globalStorage\vexrobotics.vexcode\sdk\cpp\V5\V5_20240802_15_00_00/vexv5\libv5rt.a(v5_apijump.c.obj)
                0x03802f54                vexDeviceAdiPortConfigGet
 .text.vexDeviceAdiValueSet
                0x03802f80       0x34 c:\Users\Soren\AppData\Roaming\Code\User\globalStorage\vexrobotics.vexcode\sdk\cpp\V5\V5_20240802_15_00_00/vexv5\libv5rt.a(v5_apijump.c.obj)
                0x03802f80                vexDeviceAdiValueSet
 .text.vexDeviceAdiValueGet
                0x03802fb4       0x2c c:\Users\Soren\AppData\Roaming\Code\User\globalStorage\vexrobotics.vexcode\sdk\cpp\V5\V5_20240802_15_00_00/vexv5\libv5rt.a(v5_apijump.c.obj)
                0x03802fb4                vexDeviceAdiValueGet
 .text.vexDeviceMotorVelocitySet
                0x03802fe0       0x2c c:\Users\Soren\AppData\Roaming\Code\User\globalStorage\vexrobotics.vexcode\sdk\cpp\V5\V5_20240802_15_00_00/vexv5\libv5rt.a(v5_apijump.c.obj)
                0x03802fe0                vexDeviceMotorVelocitySet
 .text.vexDeviceMotorVoltageSet
                0x0380300c       0x2c c:\Users\Soren\AppData\Roaming\Code\User\globalStorage\vexrobotics.vexcode\sdk\cpp\V5\V5_20240802_15_00_00/vexv5\libv5rt.a(v5_apijump.c.obj)
                0x0380300c                vexDeviceMotorVoltageSet
 .text.vexDeviceMotorVelocityGet
                0x03803038       0x24 c:\Users\Soren\AppData\Roaming\Code\User\globalStorage\vexrobotics.vexcode\sdk\cpp\V5\V5_20240802_15_00_00/vexv5\libv5rt.a(v5_apijump.c.obj)
                0x03803038                vexDeviceMotorVelocityGet
 .text.vexDeviceMotorActualVelocityGet
                0x0380305c       0x24 c:\Users\Soren\AppData\Roaming\Code\User\globalStorage\vexrobotics.vexcode\sdk\cpp\V5\V5_20240802_15_00_00/vexv5\libv5rt.a(v5_apijump.c.obj)
                0x0380305c                vexDeviceMotorActualVelocityGet
 .text.vexDeviceMotorModeGet
                0x03803080       0x24 c:\Users\Soren\AppData\Roaming\Code\User\globalStorage\vexrobotics.vexcode\sdk\cpp\V5\V5_20240802_15_00_00/vexv5\libv5rt.a(v5_apijump.c.obj)
                0x03803080                vexDeviceMotorModeGet
 .text.vexDeviceMotorZeroPositionFlagGet
                0x038030a4       0x24 c:\Users\Soren\AppData\Roaming\Code\User\globalStorage\vexrobotics.vexcode\sdk\cpp\V5\V5_20240802_15_00_00/vexv5\libv5rt.a(v5_apijump.c.obj)
                0x038030a4                vexDeviceMotorZeroPositionFlagGet
 .text.vexDeviceMotorReverseFlagSet
                0x038030c8       0x2c c:\Users\Soren\AppData\Roaming\Code\User\globalStorage\vexrobotics.vexcode\sdk\cpp\V5\V5_20240802_15_00_00/vexv5\libv5rt.a(v5_apijump.c.obj)
                0x038030c8                vexDeviceMotorReverseFlagSet
 .text.vexDeviceMotorEncoderUnitsSet
                0x038030f4       0x2c c:\Users\Soren\AppData\Roaming\Code\User\globalStorage\vexrobotics.vexcode\sdk\cpp\V5\V5_20240802_15_00_00/vexv5\libv5rt.a(v5_apijump.c.obj)
                0x038030f4                vexDeviceMotorEncoderUnitsSet
 .text.vexDeviceMotorBrakeModeSet
                0x03803120       0x2c c:\Users\Soren\AppData\Roaming\Code\User\globalStorage\vexrobotics.vexcode\sdk\cpp\V5\V5_20240802_15_00_00/vexv5\libv5rt.a(v5_apijump.c.obj)
                0x03803120                vexDeviceMotorBrakeModeSet
 .text.vexDeviceMotorPositionSet
                0x0380314c       0x34 c:\Users\Soren\AppData\Roaming\Code\User\globalStorage\vexrobotics.vexcode\sdk\cpp\V5\V5_20240802_15_00_00/vexv5\libv5rt.a(v5_apijump.c.obj)
                0x0380314c                vexDeviceMotorPositionSet
 .text.vexDeviceMotorPositionGet
                0x03803180       0x24 c:\Users\Soren\AppData\Roaming\Code\User\globalStorage\vexrobotics.vexcode\sdk\cpp\V5\V5_20240802_15_00_00/vexv5\libv5rt.a(v5_apijump.c.obj)
                0x03803180                vexDeviceMotorPositionGet
 .text.vexDeviceMotorRelativeTargetSet
                0x038031a4       0x3c c:\Users\Soren\AppData\Roaming\Code\User\globalStorage\vexrobotics.vexcode\sdk\cpp\V5\V5_20240802_15_00_00/vexv5\libv5rt.a(v5_apijump.c.obj)
                0x038031a4                vexDeviceMotorRelativeTargetSet
 .text.vexDeviceMotorGearingSet
                0x038031e0       0x2c c:\Users\Soren\AppData\Roaming\Code\User\globalStorage\vexrobotics.vexcode\sdk\cpp\V5\V5_20240802_15_00_00/vexv5\libv5rt.a(v5_apijump.c.obj)
                0x038031e0                vexDeviceMotorGearingSet
 .text.vexDeviceMotorGearingGet
                0x0380320c       0x24 c:\Users\Soren\AppData\Roaming\Code\User\globalStorage\vexrobotics.vexcode\sdk\cpp\V5\V5_20240802_15_00_00/vexv5\libv5rt.a(v5_apijump.c.obj)
                0x0380320c                vexDeviceMotorGearingGet
 .text.vexDeviceImuReset
                0x03803230       0x24 c:\Users\Soren\AppData\Roaming\Code\User\globalStorage\vexrobotics.vexcode\sdk\cpp\V5\V5_20240802_15_00_00/vexv5\libv5rt.a(v5_apijump.c.obj)
                0x03803230                vexDeviceImuReset
 .text.vexDeviceImuHeadingGet
                0x03803254       0x24 c:\Users\Soren\AppData\Roaming\Code\User\globalStorage\vexrobotics.vexcode\sdk\cpp\V5\V5_20240802_15_00_00/vexv5\libv5rt.a(v5_apijump.c.obj)
                0x03803254                vexDeviceImuHeadingGet
 .text.vexDeviceImuDegreesGet
                0x03803278       0x24 c:\Users\Soren\AppData\Roaming\Code\User\globalStorage\vexrobotics.vexcode\sdk\cpp\V5\V5_20240802_15_00_00/vexv5\libv5rt.a(v5_apijump.c.obj)
                0x03803278                vexDeviceImuDegreesGet
 .text.vexDeviceImuStatusGet
                0x0380329c       0x24 c:\Users\Soren\AppData\Roaming\Code\User\globalStorage\vexrobotics.vexcode\sdk\cpp\V5\V5_20240802_15_00_00/vexv5\libv5rt.a(v5_apijump.c.obj)
                0x0380329c                vexDeviceImuStatusGet
 .text.vexDeviceAbsEncPositionSet
                0x038032c0       0x2c c:\Users\Soren\AppData\Roaming\Code\User\globalStorage\vexrobotics.vexcode\sdk\cpp\V5\V5_20240802_15_00_00/vexv5\libv5rt.a(v5_apijump.c.obj)
                0x038032c0                vexDeviceAbsEncPositionSet
 .text.vexDeviceAbsEncPositionGet
                0x038032ec       0x24 c:\Users\Soren\AppData\Roaming\Code\User\globalStorage\vexrobotics.vexcode\sdk\cpp\V5\V5_20240802_15_00_00/vexv5\libv5rt.a(v5_apijump.c.obj)
                0x038032ec                vexDeviceAbsEncPositionGet
 .text.vexDeviceAbsEncAngleGet
                0x03803310       0x24 c:\Users\Soren\AppData\Roaming\Code\User\globalStorage\vexrobotics.vexcode\sdk\cpp\V5\V5_20240802_15_00_00/vexv5\libv5rt.a(v5_apijump.c.obj)
                0x03803310                vexDeviceAbsEncAngleGet
 .text.vexDeviceAbsEncReverseFlagSet
                0x03803334       0x2c c:\Users\Soren\AppData\Roaming\Code\User\globalStorage\vexrobotics.vexcode\sdk\cpp\V5\V5_20240802_15_00_00/vexv5\libv5rt.a(v5_apijump.c.obj)
                0x03803334                vexDeviceAbsEncReverseFlagSet
 .text.vexDeviceAiVisionModeSet
                0x03803360       0x40 c:\Users\Soren\AppData\Roaming\Code\User\globalStorage\vexrobotics.vexcode\sdk\cpp\V5\V5_20240802_15_00_00/vexv5\libv5rt.a(v5_apijump.c.obj)
                0x03803360                vexDeviceAiVisionModeSet
 .text.vexDeviceAiVisionObjectCountGet
                0x038033a0       0x40 c:\Users\Soren\AppData\Roaming\Code\User\globalStorage\vexrobotics.vexcode\sdk\cpp\V5\V5_20240802_15_00_00/vexv5\libv5rt.a(v5_apijump.c.obj)
                0x038033a0                vexDeviceAiVisionObjectCountGet
 .text.vexDeviceAiVisionObjectGet
                0x038033e0       0x50 c:\Users\Soren\AppData\Roaming\Code\User\globalStorage\vexrobotics.vexcode\sdk\cpp\V5\V5_20240802_15_00_00/vexv5\libv5rt.a(v5_apijump.c.obj)
                0x038033e0                vexDeviceAiVisionObjectGet
 .text.vexDeviceAiVisionColorSet
                0x03803430       0x40 c:\Users\Soren\AppData\Roaming\Code\User\globalStorage\vexrobotics.vexcode\sdk\cpp\V5\V5_20240802_15_00_00/vexv5\libv5rt.a(v5_apijump.c.obj)
                0x03803430                vexDeviceAiVisionColorSet
 .text.vexDeviceAiVisionColorGet
                0x03803470       0x50 c:\Users\Soren\AppData\Roaming\Code\User\globalStorage\vexrobotics.vexcode\sdk\cpp\V5\V5_20240802_15_00_00/vexv5\libv5rt.a(v5_apijump.c.obj)
                0x03803470                vexDeviceAiVisionColorGet
 .text.vexDeviceAiVisionStatusGet
                0x038034c0       0x40 c:\Users\Soren\AppData\Roaming\Code\User\globalStorage\vexrobotics.vexcode\sdk\cpp\V5\V5_20240802_15_00_00/vexv5\libv5rt.a(v5_apijump.c.obj)
                0x038034c0                vexDeviceAiVisionStatusGet
 .text.vexDeviceAiVisionClassNameGet
                0x03803500       0x50 c:\Users\Soren\AppData\Roaming\Code\User\globalStorage\vexrobotics.vexcode\sdk\cpp\V5\V5_20240802_15_00_00/vexv5\libv5rt.a(v5_apijump.c.obj)
                0x03803500                vexDeviceAiVisionClassNameGet
 .text.vexDisplayForegroundColor
                0x03803550       0x24 c:\Users\Soren\AppData\Roaming\Code\User\globalStorage\vexrobotics.vexcode\sdk\cpp\V5\V5_20240802_15_00_00/vexv5\libv5rt.a(v5_apijump.c.obj)
                0x03803550                vexDisplayForegroundColor
 .text.vexDisplayBackgroundColor
                0x03803574       0x24 c:\Users\Soren\AppData\Roaming\Code\User\globalStorage\vexrobotics.vexcode\sdk\cpp\V5\V5_20240802_15_00_00/vexv5\libv5rt.a(v5_apijump.c.obj)
                0x03803574                vexDisplayBackgroundColor
 .text.vexDisplayRectClear
                0x03803598       0x4c c:\Users\Soren\AppData\Roaming\Code\User\globalStorage\vexrobotics.vexcode\sdk\cpp\V5\V5_20240802_15_00_00/vexv5\libv5rt.a(v5_apijump.c.obj)
                0x03803598                vexDisplayRectClear
 .text.vexDisplayVPrintf
                0x038035e4       0x50 c:\Users\Soren\AppData\Roaming\Code\User\globalStorage\vexrobotics.vexcode\sdk\cpp\V5\V5_20240802_15_00_00/vexv5\libv5rt.a(v5_apijump.c.obj)
                0x038035e4                vexDisplayVPrintf
 .text.vexDisplayTextReference
                0x03803634       0x24 c:\Users\Soren\AppData\Roaming\Code\User\globalStorage\vexrobotics.vexcode\sdk\cpp\V5\V5_20240802_15_00_00/vexv5\libv5rt.a(v5_apijump.c.obj)
                0x03803634                vexDisplayTextReference
 .text.vexDisplayTextSize
                0x03803658       0x2c c:\Users\Soren\AppData\Roaming\Code\User\globalStorage\vexrobotics.vexcode\sdk\cpp\V5\V5_20240802_15_00_00/vexv5\libv5rt.a(v5_apijump.c.obj)
                0x03803658                vexDisplayTextSize
 .text.vexDisplayFontNamedSet
                0x03803684       0x24 c:\Users\Soren\AppData\Roaming\Code\User\globalStorage\vexrobotics.vexcode\sdk\cpp\V5\V5_20240802_15_00_00/vexv5\libv5rt.a(v5_apijump.c.obj)
                0x03803684                vexDisplayFontNamedSet
 .text.vexDisplayStringWidthGet
                0x038036a8       0x24 c:\Users\Soren\AppData\Roaming\Code\User\globalStorage\vexrobotics.vexcode\sdk\cpp\V5\V5_20240802_15_00_00/vexv5\libv5rt.a(v5_apijump.c.obj)
                0x038036a8                vexDisplayStringWidthGet
 .text.vexSystemStdlibImpureDataAddr
                0x038036cc       0x28 c:\Users\Soren\AppData\Roaming\Code\User\globalStorage\vexrobotics.vexcode\sdk\cpp\V5\V5_20240802_15_00_00/vexv5\libv5rt.a(v5_apijump.c.obj)
                0x038036cc                vexSystemStdlibImpureDataAddr
 .text.vexSystemStdlibImpureDataSize
                0x038036f4       0x28 c:\Users\Soren\AppData\Roaming\Code\User\globalStorage\vexrobotics.vexcode\sdk\cpp\V5\V5_20240802_15_00_00/vexv5\libv5rt.a(v5_apijump.c.obj)
                0x038036f4                vexSystemStdlibImpureDataSize
 .text.vexSystemSaveUserData
                0x0380371c       0x3c c:\Users\Soren\AppData\Roaming\Code\User\globalStorage\vexrobotics.vexcode\sdk\cpp\V5\V5_20240802_15_00_00/vexv5\libv5rt.a(v5_apijump.c.obj)
                0x0380371c                vexSystemSaveUserData
 .text.vexDisplayThemeIdGet
                0x03803758       0x38 c:\Users\Soren\AppData\Roaming\Code\User\globalStorage\vexrobotics.vexcode\sdk\cpp\V5\V5_20240802_15_00_00/vexv5\libv5rt.a(v5_apijump.c.obj)
                0x03803758                vexDisplayThemeIdGet
 .text.vexDeviceEventMaskSet
                0x03803790       0x48 c:\Users\Soren\AppData\Roaming\Code\User\globalStorage\vexrobotics.vexcode\sdk\cpp\V5\V5_20240802_15_00_00/vexv5\libv5rt.a(v5_apijump.c.obj)
                0x03803790                vexDeviceEventMaskSet
 .text.vexDeviceEventMaskGet
                0x038037d8       0x3c c:\Users\Soren\AppData\Roaming\Code\User\globalStorage\vexrobotics.vexcode\sdk\cpp\V5\V5_20240802_15_00_00/vexv5\libv5rt.a(v5_apijump.c.obj)
                0x038037d8                vexDeviceEventMaskGet
 .text.vexSystemVersion
                0x03803814       0x10 c:\Users\Soren\AppData\Roaming\Code\User\globalStorage\vexrobotics.vexcode\sdk\cpp\V5\V5_20240802_15_00_00/vexv5\libv5rt.a(v5_apiversions.c.obj)
                0x03803814                vexSystemVersion
 .text.vexStdlibVersion
                0x03803824       0x10 c:\Users\Soren\AppData\Roaming\Code\User\globalStorage\vexrobotics.vexcode\sdk\cpp\V5\V5_20240802_15_00_00/vexv5\libv5rt.a(v5_apiversions.c.obj)
                0x03803824                vexStdlibVersion
 *fill*         0x03803834        0x4 
 .text._ZN3vex4waitEdNS_9timeUnitsE
                0x03803838       0x30 c:\Users\Soren\AppData\Roaming\Code\User\globalStorage\vexrobotics.vexcode\sdk\cpp\V5\V5_20240802_15_00_00/vexv5\libv5rt.a(vex_global.cpp.obj)
                0x03803838                vex::wait(double, vex::timeUnits)
 .text._ZN3vex5motorD2Ev
                0x03803868       0x20 c:\Users\Soren\AppData\Roaming\Code\User\globalStorage\vexrobotics.vexcode\sdk\cpp\V5\V5_20240802_15_00_00/vexv5\libv5rt.a(vex_motor.cpp.obj)
                0x03803868                vex::motor::~motor()
                0x03803868                vex::motor::~motor()
 .text._ZN3vex5motorD0Ev
                0x03803888       0x1c c:\Users\Soren\AppData\Roaming\Code\User\globalStorage\vexrobotics.vexcode\sdk\cpp\V5\V5_20240802_15_00_00/vexv5\libv5rt.a(vex_motor.cpp.obj)
                0x03803888                vex::motor::~motor()
 .text._ZN3vex5motor9installedEv
                0x038038a4       0x18 c:\Users\Soren\AppData\Roaming\Code\User\globalStorage\vexrobotics.vexcode\sdk\cpp\V5\V5_20240802_15_00_00/vexv5\libv5rt.a(vex_motor.cpp.obj)
                0x038038a4                vex::motor::installed()
 .text._ZN3vex5motor15defaultStoppingENS_9brakeTypeE
                0x038038bc       0x30 c:\Users\Soren\AppData\Roaming\Code\User\globalStorage\vexrobotics.vexcode\sdk\cpp\V5\V5_20240802_15_00_00/vexv5\libv5rt.a(vex_motor.cpp.obj)
                0x038038bc                vex::motor::defaultStopping(vex::brakeType)
 .text._ZN3vex5motorC2El
                0x038038ec       0x78 c:\Users\Soren\AppData\Roaming\Code\User\globalStorage\vexrobotics.vexcode\sdk\cpp\V5\V5_20240802_15_00_00/vexv5\libv5rt.a(vex_motor.cpp.obj)
                0x038038ec                vex::motor::motor(long)
                0x038038ec                vex::motor::motor(long)
 .text._ZN3vex5motorC2ElNS_11gearSettingEb
                0x03803964       0x34 c:\Users\Soren\AppData\Roaming\Code\User\globalStorage\vexrobotics.vexcode\sdk\cpp\V5\V5_20240802_15_00_00/vexv5\libv5rt.a(vex_motor.cpp.obj)
                0x03803964                vex::motor::motor(long, vex::gearSetting, bool)
                0x03803964                vex::motor::motor(long, vex::gearSetting, bool)
 .text._ZN3vex5motorC2Elb
                0x03803998       0x24 c:\Users\Soren\AppData\Roaming\Code\User\globalStorage\vexrobotics.vexcode\sdk\cpp\V5\V5_20240802_15_00_00/vexv5\libv5rt.a(vex_motor.cpp.obj)
                0x03803998                vex::motor::motor(long, bool)
                0x03803998                vex::motor::motor(long, bool)
 *fill*         0x038039bc        0x4 
 .text._ZN3vex5motor4spinENS_13directionTypeEdNS_12voltageUnitsE
                0x038039c0       0x50 c:\Users\Soren\AppData\Roaming\Code\User\globalStorage\vexrobotics.vexcode\sdk\cpp\V5\V5_20240802_15_00_00/vexv5\libv5rt.a(vex_motor.cpp.obj)
                0x038039c0                vex::motor::spin(vex::directionType, double, vex::voltageUnits)
 .text._ZN3vex5motor14isSpinningModeEv
                0x03803a10       0x48 c:\Users\Soren\AppData\Roaming\Code\User\globalStorage\vexrobotics.vexcode\sdk\cpp\V5\V5_20240802_15_00_00/vexv5\libv5rt.a(vex_motor.cpp.obj)
                0x03803a10                vex::motor::isSpinningMode()
 .text._ZN3vex5motor10isSpinningEv
                0x03803a58       0x44 c:\Users\Soren\AppData\Roaming\Code\User\globalStorage\vexrobotics.vexcode\sdk\cpp\V5\V5_20240802_15_00_00/vexv5\libv5rt.a(vex_motor.cpp.obj)
                0x03803a58                vex::motor::isSpinning()
 .text._ZN3vex5motor4stopENS_9brakeTypeE
                0x03803a9c       0x30 c:\Users\Soren\AppData\Roaming\Code\User\globalStorage\vexrobotics.vexcode\sdk\cpp\V5\V5_20240802_15_00_00/vexv5\libv5rt.a(vex_motor.cpp.obj)
                0x03803a9c                vex::motor::stop(vex::brakeType)
 .text._ZN3vex5motor4stopEv
                0x03803acc        0x8 c:\Users\Soren\AppData\Roaming\Code\User\globalStorage\vexrobotics.vexcode\sdk\cpp\V5\V5_20240802_15_00_00/vexv5\libv5rt.a(vex_motor.cpp.obj)
                0x03803acc                vex::motor::stop()
 .text._ZN3vex5motor16velocityToScaledEdNS_13velocityUnitsE
                0x03803ad4       0x5c c:\Users\Soren\AppData\Roaming\Code\User\globalStorage\vexrobotics.vexcode\sdk\cpp\V5\V5_20240802_15_00_00/vexv5\libv5rt.a(vex_motor.cpp.obj)
                0x03803ad4                vex::motor::velocityToScaled(double, vex::velocityUnits)
 .text._ZN3vex5motor8velocityENS_13velocityUnitsE
                0x03803b30       0x30 c:\Users\Soren\AppData\Roaming\Code\User\globalStorage\vexrobotics.vexcode\sdk\cpp\V5\V5_20240802_15_00_00/vexv5\libv5rt.a(vex_motor.cpp.obj)
                0x03803b30                vex::motor::velocity(vex::velocityUnits)
 .text._ZN3vex5motor5valueEv
                0x03803b60       0x1c c:\Users\Soren\AppData\Roaming\Code\User\globalStorage\vexrobotics.vexcode\sdk\cpp\V5\V5_20240802_15_00_00/vexv5\libv5rt.a(vex_motor.cpp.obj)
                0x03803b60                vex::motor::value()
 .text._ZN3vex5motor16scaledToVelocityEdNS_13velocityUnitsE
                0x03803b7c       0xa4 c:\Users\Soren\AppData\Roaming\Code\User\globalStorage\vexrobotics.vexcode\sdk\cpp\V5\V5_20240802_15_00_00/vexv5\libv5rt.a(vex_motor.cpp.obj)
                0x03803b7c                vex::motor::scaledToVelocity(double, vex::velocityUnits)
 .text._ZN3vex5motor4spinENS_13directionTypeEdNS_13velocityUnitsE
                0x03803c20       0x5c c:\Users\Soren\AppData\Roaming\Code\User\globalStorage\vexrobotics.vexcode\sdk\cpp\V5\V5_20240802_15_00_00/vexv5\libv5rt.a(vex_motor.cpp.obj)
                0x03803c20                vex::motor::spin(vex::directionType, double, vex::velocityUnits)
 .text._ZN3vex5motor16setRotationUnitsENS_13rotationUnitsE
                0x03803c7c       0x1c c:\Users\Soren\AppData\Roaming\Code\User\globalStorage\vexrobotics.vexcode\sdk\cpp\V5\V5_20240802_15_00_00/vexv5\libv5rt.a(vex_motor.cpp.obj)
                0x03803c7c                vex::motor::setRotationUnits(vex::rotationUnits)
 .text._ZN3vex5motor11setPositionEdNS_13rotationUnitsE
                0x03803c98       0x44 c:\Users\Soren\AppData\Roaming\Code\User\globalStorage\vexrobotics.vexcode\sdk\cpp\V5\V5_20240802_15_00_00/vexv5\libv5rt.a(vex_motor.cpp.obj)
                0x03803c98                vex::motor::setPosition(double, vex::rotationUnits)
 .text._ZN3vex5motor13resetPositionEv
                0x03803cdc       0x20 c:\Users\Soren\AppData\Roaming\Code\User\globalStorage\vexrobotics.vexcode\sdk\cpp\V5\V5_20240802_15_00_00/vexv5\libv5rt.a(vex_motor.cpp.obj)
                0x03803cdc                vex::motor::resetPosition()
 .text._ZN3vex5motor7spinForEdNS_13rotationUnitsEdNS_13velocityUnitsEb
                0x03803cfc       0xf4 c:\Users\Soren\AppData\Roaming\Code\User\globalStorage\vexrobotics.vexcode\sdk\cpp\V5\V5_20240802_15_00_00/vexv5\libv5rt.a(vex_motor.cpp.obj)
                0x03803cfc                vex::motor::spinFor(double, vex::rotationUnits, double, vex::velocityUnits, bool)
 .text._ZN3vex5motor7spinForENS_13directionTypeEdNS_13rotationUnitsEdNS_13velocityUnitsEb
                0x03803df0       0x34 c:\Users\Soren\AppData\Roaming\Code\User\globalStorage\vexrobotics.vexcode\sdk\cpp\V5\V5_20240802_15_00_00/vexv5\libv5rt.a(vex_motor.cpp.obj)
                0x03803df0                vex::motor::spinFor(vex::directionType, double, vex::rotationUnits, double, vex::velocityUnits, bool)
 .text._ZN3vex5motor8positionENS_13rotationUnitsE
                0x03803e24       0x44 c:\Users\Soren\AppData\Roaming\Code\User\globalStorage\vexrobotics.vexcode\sdk\cpp\V5\V5_20240802_15_00_00/vexv5\libv5rt.a(vex_motor.cpp.obj)
                0x03803e24                vex::motor::position(vex::rotationUnits)
 .text._ZN3vex8inertial11getTurnTypeEv
                0x03803e68        0x8 c:\Users\Soren\AppData\Roaming\Code\User\globalStorage\vexrobotics.vexcode\sdk\cpp\V5\V5_20240802_15_00_00/vexv5\libv5rt.a(vex_imu.cpp.obj)
                0x03803e68                vex::inertial::getTurnType()
 .text._ZThn16_N3vex8inertial11getTurnTypeEv
                0x03803e70        0x8 c:\Users\Soren\AppData\Roaming\Code\User\globalStorage\vexrobotics.vexcode\sdk\cpp\V5\V5_20240802_15_00_00/vexv5\libv5rt.a(vex_imu.cpp.obj)
                0x03803e70                non-virtual thunk to vex::inertial::getTurnType()
 .text._ZN3vex8inertial10setHeadingEdNS_13rotationUnitsE
                0x03803e78       0x58 c:\Users\Soren\AppData\Roaming\Code\User\globalStorage\vexrobotics.vexcode\sdk\cpp\V5\V5_20240802_15_00_00/vexv5\libv5rt.a(vex_imu.cpp.obj)
                0x03803e78                vex::inertial::setHeading(double, vex::rotationUnits)
 .text._ZThn16_N3vex8inertial10setHeadingEdNS_13rotationUnitsE
                0x03803ed0        0x8 c:\Users\Soren\AppData\Roaming\Code\User\globalStorage\vexrobotics.vexcode\sdk\cpp\V5\V5_20240802_15_00_00/vexv5\libv5rt.a(vex_imu.cpp.obj)
                0x03803ed0                non-virtual thunk to vex::inertial::setHeading(double, vex::rotationUnits)
 .text._ZN3vex8inertial11setRotationEdNS_13rotationUnitsE
                0x03803ed8       0x58 c:\Users\Soren\AppData\Roaming\Code\User\globalStorage\vexrobotics.vexcode\sdk\cpp\V5\V5_20240802_15_00_00/vexv5\libv5rt.a(vex_imu.cpp.obj)
                0x03803ed8                vex::inertial::setRotation(double, vex::rotationUnits)
 .text._ZThn16_N3vex8inertial11setRotationEdNS_13rotationUnitsE
                0x03803f30        0x8 c:\Users\Soren\AppData\Roaming\Code\User\globalStorage\vexrobotics.vexcode\sdk\cpp\V5\V5_20240802_15_00_00/vexv5\libv5rt.a(vex_imu.cpp.obj)
                0x03803f30                non-virtual thunk to vex::inertial::setRotation(double, vex::rotationUnits)
 .text._ZN3vex8inertialD2Ev
                0x03803f38       0x20 c:\Users\Soren\AppData\Roaming\Code\User\globalStorage\vexrobotics.vexcode\sdk\cpp\V5\V5_20240802_15_00_00/vexv5\libv5rt.a(vex_imu.cpp.obj)
                0x03803f38                vex::inertial::~inertial()
                0x03803f38                vex::inertial::~inertial()
 .text._ZThn16_N3vex8inertialD1Ev
                0x03803f58        0x8 c:\Users\Soren\AppData\Roaming\Code\User\globalStorage\vexrobotics.vexcode\sdk\cpp\V5\V5_20240802_15_00_00/vexv5\libv5rt.a(vex_imu.cpp.obj)
                0x03803f58                non-virtual thunk to vex::inertial::~inertial()
 .text._ZN3vex8inertialD0Ev
                0x03803f60       0x1c c:\Users\Soren\AppData\Roaming\Code\User\globalStorage\vexrobotics.vexcode\sdk\cpp\V5\V5_20240802_15_00_00/vexv5\libv5rt.a(vex_imu.cpp.obj)
                0x03803f60                vex::inertial::~inertial()
 .text._ZThn16_N3vex8inertialD0Ev
                0x03803f7c        0x8 c:\Users\Soren\AppData\Roaming\Code\User\globalStorage\vexrobotics.vexcode\sdk\cpp\V5\V5_20240802_15_00_00/vexv5\libv5rt.a(vex_imu.cpp.obj)
                0x03803f7c                non-virtual thunk to vex::inertial::~inertial()
 .text._ZN3vex8inertial9installedEv
                0x03803f84       0x18 c:\Users\Soren\AppData\Roaming\Code\User\globalStorage\vexrobotics.vexcode\sdk\cpp\V5\V5_20240802_15_00_00/vexv5\libv5rt.a(vex_imu.cpp.obj)
                0x03803f84                vex::inertial::installed()
 .text._ZN3vex8inertial5angleENS_13rotationUnitsE
                0x03803f9c       0x6c c:\Users\Soren\AppData\Roaming\Code\User\globalStorage\vexrobotics.vexcode\sdk\cpp\V5\V5_20240802_15_00_00/vexv5\libv5rt.a(vex_imu.cpp.obj)
                0x03803f9c                vex::inertial::angle(vex::rotationUnits)
 .text._ZThn16_N3vex8inertial5angleENS_13rotationUnitsE
                0x03804008        0x8 c:\Users\Soren\AppData\Roaming\Code\User\globalStorage\vexrobotics.vexcode\sdk\cpp\V5\V5_20240802_15_00_00/vexv5\libv5rt.a(vex_imu.cpp.obj)
                0x03804008                non-virtual thunk to vex::inertial::angle(vex::rotationUnits)
 .text._ZN3vex8inertial7headingENS_13rotationUnitsE
                0x03804010        0x4 c:\Users\Soren\AppData\Roaming\Code\User\globalStorage\vexrobotics.vexcode\sdk\cpp\V5\V5_20240802_15_00_00/vexv5\libv5rt.a(vex_imu.cpp.obj)
                0x03804010                vex::inertial::heading(vex::rotationUnits)
 .text._ZThn16_N3vex8inertial7headingENS_13rotationUnitsE
                0x03804014        0x8 c:\Users\Soren\AppData\Roaming\Code\User\globalStorage\vexrobotics.vexcode\sdk\cpp\V5\V5_20240802_15_00_00/vexv5\libv5rt.a(vex_imu.cpp.obj)
                0x03804014                non-virtual thunk to vex::inertial::heading(vex::rotationUnits)
 .text._ZN3vex8inertial5valueEv
                0x0380401c       0x1c c:\Users\Soren\AppData\Roaming\Code\User\globalStorage\vexrobotics.vexcode\sdk\cpp\V5\V5_20240802_15_00_00/vexv5\libv5rt.a(vex_imu.cpp.obj)
                0x0380401c                vex::inertial::value()
 .text._ZN3vex8inertial8rotationENS_13rotationUnitsE
                0x03804038       0x48 c:\Users\Soren\AppData\Roaming\Code\User\globalStorage\vexrobotics.vexcode\sdk\cpp\V5\V5_20240802_15_00_00/vexv5\libv5rt.a(vex_imu.cpp.obj)
                0x03804038                vex::inertial::rotation(vex::rotationUnits)
 .text._ZThn16_N3vex8inertial8rotationENS_13rotationUnitsE
                0x03804080        0x8 c:\Users\Soren\AppData\Roaming\Code\User\globalStorage\vexrobotics.vexcode\sdk\cpp\V5\V5_20240802_15_00_00/vexv5\libv5rt.a(vex_imu.cpp.obj)
                0x03804080                non-virtual thunk to vex::inertial::rotation(vex::rotationUnits)
 .text._ZN3vex8inertial13isCalibratingEv
                0x03804088       0x38 c:\Users\Soren\AppData\Roaming\Code\User\globalStorage\vexrobotics.vexcode\sdk\cpp\V5\V5_20240802_15_00_00/vexv5\libv5rt.a(vex_imu.cpp.obj)
                0x03804088                vex::inertial::isCalibrating()
 .text._ZThn16_N3vex8inertial13isCalibratingEv
                0x038040c0        0x8 c:\Users\Soren\AppData\Roaming\Code\User\globalStorage\vexrobotics.vexcode\sdk\cpp\V5\V5_20240802_15_00_00/vexv5\libv5rt.a(vex_imu.cpp.obj)
                0x038040c0                non-virtual thunk to vex::inertial::isCalibrating()
 .text._ZN3vex8inertialC2ElNS_8turnTypeE
                0x038040c8       0x4c c:\Users\Soren\AppData\Roaming\Code\User\globalStorage\vexrobotics.vexcode\sdk\cpp\V5\V5_20240802_15_00_00/vexv5\libv5rt.a(vex_imu.cpp.obj)
                0x038040c8                vex::inertial::inertial(long, vex::turnType)
                0x038040c8                vex::inertial::inertial(long, vex::turnType)
 .text._ZN3vex8inertial16startCalibrationEl
                0x03804114       0x20 c:\Users\Soren\AppData\Roaming\Code\User\globalStorage\vexrobotics.vexcode\sdk\cpp\V5\V5_20240802_15_00_00/vexv5\libv5rt.a(vex_imu.cpp.obj)
                0x03804114                vex::inertial::startCalibration(long)
 .text._ZN3vex8inertial9calibrateEl
                0x03804134        0xc c:\Users\Soren\AppData\Roaming\Code\User\globalStorage\vexrobotics.vexcode\sdk\cpp\V5\V5_20240802_15_00_00/vexv5\libv5rt.a(vex_imu.cpp.obj)
                0x03804134                vex::inertial::calibrate(long)
                0x03804138                non-virtual thunk to vex::inertial::calibrate(long)
 .text._ZN3vex8rotationD2Ev
                0x03804140       0x20 c:\Users\Soren\AppData\Roaming\Code\User\globalStorage\vexrobotics.vexcode\sdk\cpp\V5\V5_20240802_15_00_00/vexv5\libv5rt.a(vex_rotation.cpp.obj)
                0x03804140                vex::rotation::~rotation()
                0x03804140                vex::rotation::~rotation()
 .text._ZN3vex8rotationD0Ev
                0x03804160       0x1c c:\Users\Soren\AppData\Roaming\Code\User\globalStorage\vexrobotics.vexcode\sdk\cpp\V5\V5_20240802_15_00_00/vexv5\libv5rt.a(vex_rotation.cpp.obj)
                0x03804160                vex::rotation::~rotation()
 .text._ZN3vex8rotation9installedEv
                0x0380417c       0x18 c:\Users\Soren\AppData\Roaming\Code\User\globalStorage\vexrobotics.vexcode\sdk\cpp\V5\V5_20240802_15_00_00/vexv5\libv5rt.a(vex_rotation.cpp.obj)
                0x0380417c                vex::rotation::installed()
 .text._ZN3vex8rotation5valueEv
                0x03804194        0x8 c:\Users\Soren\AppData\Roaming\Code\User\globalStorage\vexrobotics.vexcode\sdk\cpp\V5\V5_20240802_15_00_00/vexv5\libv5rt.a(vex_rotation.cpp.obj)
                0x03804194                vex::rotation::value()
 .text._ZN3vex8rotationC2Elb
                0x0380419c       0x30 c:\Users\Soren\AppData\Roaming\Code\User\globalStorage\vexrobotics.vexcode\sdk\cpp\V5\V5_20240802_15_00_00/vexv5\libv5rt.a(vex_rotation.cpp.obj)
                0x0380419c                vex::rotation::rotation(long, bool)
                0x0380419c                vex::rotation::rotation(long, bool)
 *fill*         0x038041cc        0x4 
 .text._ZN3vex8rotation11setPositionEdNS_13rotationUnitsE
                0x038041d0       0x48 c:\Users\Soren\AppData\Roaming\Code\User\globalStorage\vexrobotics.vexcode\sdk\cpp\V5\V5_20240802_15_00_00/vexv5\libv5rt.a(vex_rotation.cpp.obj)
                0x038041d0                vex::rotation::setPosition(double, vex::rotationUnits)
 .text._ZN3vex8rotation8positionENS_13rotationUnitsE
                0x03804218       0x50 c:\Users\Soren\AppData\Roaming\Code\User\globalStorage\vexrobotics.vexcode\sdk\cpp\V5\V5_20240802_15_00_00/vexv5\libv5rt.a(vex_rotation.cpp.obj)
                0x03804218                vex::rotation::position(vex::rotationUnits)
 .text._ZN3vex10controllerD2Ev
                0x03804268        0x4 c:\Users\Soren\AppData\Roaming\Code\User\globalStorage\vexrobotics.vexcode\sdk\cpp\V5\V5_20240802_15_00_00/vexv5\libv5rt.a(vex_controller.cpp.obj)
                0x03804268                vex::controller::~controller()
                0x03804268                vex::controller::~controller()
 .text._ZN3vex10controller5valueE19_V5_ControllerIndex
                0x0380426c        0x8 c:\Users\Soren\AppData\Roaming\Code\User\globalStorage\vexrobotics.vexcode\sdk\cpp\V5\V5_20240802_15_00_00/vexv5\libv5rt.a(vex_controller.cpp.obj)
                0x0380426c                vex::controller::value(_V5_ControllerIndex)
 .text._ZN3vex10controller6rumbleEPKc
                0x03804274       0x4c c:\Users\Soren\AppData\Roaming\Code\User\globalStorage\vexrobotics.vexcode\sdk\cpp\V5\V5_20240802_15_00_00/vexv5\libv5rt.a(vex_controller.cpp.obj)
                0x03804274                vex::controller::rumble(char const*)
 .text._ZNK3vex10controller6button8pressingEv
                0x038042c0       0xc8 c:\Users\Soren\AppData\Roaming\Code\User\globalStorage\vexrobotics.vexcode\sdk\cpp\V5\V5_20240802_15_00_00/vexv5\libv5rt.a(vex_controller.cpp.obj)
                0x038042c0                vex::controller::button::pressing() const
 .text._ZNK3vex10controller6button7pressedEPFvvE
                0x03804388      0x108 c:\Users\Soren\AppData\Roaming\Code\User\globalStorage\vexrobotics.vexcode\sdk\cpp\V5\V5_20240802_15_00_00/vexv5\libv5rt.a(vex_controller.cpp.obj)
                0x03804388                vex::controller::button::pressed(void (*)()) const
 .text._ZNK3vex10controller6button21_buttonToPressedEventEv
                0x03804490       0x20 c:\Users\Soren\AppData\Roaming\Code\User\globalStorage\vexrobotics.vexcode\sdk\cpp\V5\V5_20240802_15_00_00/vexv5\libv5rt.a(vex_controller.cpp.obj)
                0x03804490                vex::controller::button::_buttonToPressedEvent() const
 .text._ZNK3vex10controller6button22_buttonToReleasedEventEv
                0x038044b0       0x20 c:\Users\Soren\AppData\Roaming\Code\User\globalStorage\vexrobotics.vexcode\sdk\cpp\V5\V5_20240802_15_00_00/vexv5\libv5rt.a(vex_controller.cpp.obj)
                0x038044b0                vex::controller::button::_buttonToReleasedEvent() const
 .text._ZN3vex10controller6buttonC2ENS0_11tButtonTypeEPS0_
                0x038044d0       0x48 c:\Users\Soren\AppData\Roaming\Code\User\globalStorage\vexrobotics.vexcode\sdk\cpp\V5\V5_20240802_15_00_00/vexv5\libv5rt.a(vex_controller.cpp.obj)
                0x038044d0                vex::controller::button::button(vex::controller::tButtonType, vex::controller*)
                0x038044d0                vex::controller::button::button(vex::controller::tButtonType, vex::controller*)
 .text._ZNK3vex10controller4axis5valueEv
                0x03804518       0x58 c:\Users\Soren\AppData\Roaming\Code\User\globalStorage\vexrobotics.vexcode\sdk\cpp\V5\V5_20240802_15_00_00/vexv5\libv5rt.a(vex_controller.cpp.obj)
                0x03804518                vex::controller::axis::value() const
 .text._ZNK3vex10controller4axis23_joystickToChangedEventEv
                0x03804570       0x20 c:\Users\Soren\AppData\Roaming\Code\User\globalStorage\vexrobotics.vexcode\sdk\cpp\V5\V5_20240802_15_00_00/vexv5\libv5rt.a(vex_controller.cpp.obj)
                0x03804570                vex::controller::axis::_joystickToChangedEvent() const
 .text._ZN3vex10controller4axisC2ENS0_9tAxisTypeEPS0_
                0x03804590       0x2c c:\Users\Soren\AppData\Roaming\Code\User\globalStorage\vexrobotics.vexcode\sdk\cpp\V5\V5_20240802_15_00_00/vexv5\libv5rt.a(vex_controller.cpp.obj)
                0x03804590                vex::controller::axis::axis(vex::controller::tAxisType, vex::controller*)
                0x03804590                vex::controller::axis::axis(vex::controller::tAxisType, vex::controller*)
 .text._ZN3vex10controllerC2ENS_14controllerTypeE
                0x038045bc      0x16c c:\Users\Soren\AppData\Roaming\Code\User\globalStorage\vexrobotics.vexcode\sdk\cpp\V5\V5_20240802_15_00_00/vexv5\libv5rt.a(vex_controller.cpp.obj)
                0x038045bc                vex::controller::controller(vex::controllerType)
                0x038045bc                vex::controller::controller(vex::controllerType)
 .text._ZN3vex4taskC2Ev
                0x03804728       0x28 c:\Users\Soren\AppData\Roaming\Code\User\globalStorage\vexrobotics.vexcode\sdk\cpp\V5\V5_20240802_15_00_00/vexv5\libv5rt.a(vex_task.cpp.obj)
                0x03804728                vex::task::task()
                0x03804728                vex::task::task()
 .text._ZN3vex4taskC2EPFivE
                0x03804750       0x5c c:\Users\Soren\AppData\Roaming\Code\User\globalStorage\vexrobotics.vexcode\sdk\cpp\V5\V5_20240802_15_00_00/vexv5\libv5rt.a(vex_task.cpp.obj)
                0x03804750                vex::task::task(int (*)())
                0x03804750                vex::task::task(int (*)())
 .text._ZN3vex4taskD2Ev
                0x038047ac        0x4 c:\Users\Soren\AppData\Roaming\Code\User\globalStorage\vexrobotics.vexcode\sdk\cpp\V5\V5_20240802_15_00_00/vexv5\libv5rt.a(vex_task.cpp.obj)
                0x038047ac                vex::task::~task()
                0x038047ac                vex::task::~task()
 .text._ZN3vex4task4stopEPvi
                0x038047b0       0x1c c:\Users\Soren\AppData\Roaming\Code\User\globalStorage\vexrobotics.vexcode\sdk\cpp\V5\V5_20240802_15_00_00/vexv5\libv5rt.a(vex_task.cpp.obj)
                0x038047b0                vex::task::stop(void*, int)
 .text._ZN3vex4task5sleepEm
                0x038047cc        0x4 c:\Users\Soren\AppData\Roaming\Code\User\globalStorage\vexrobotics.vexcode\sdk\cpp\V5\V5_20240802_15_00_00/vexv5\libv5rt.a(vex_task.cpp.obj)
                0x038047cc                vex::task::sleep(unsigned long)
 .text._ZN3vex4task6_indexEPFivE
                0x038047d0       0x14 c:\Users\Soren\AppData\Roaming\Code\User\globalStorage\vexrobotics.vexcode\sdk\cpp\V5\V5_20240802_15_00_00/vexv5\libv5rt.a(vex_task.cpp.obj)
                0x038047d0                vex::task::_index(int (*)())
 .text._ZN3vex4task8_stopAllEv
                0x038047e4       0x3c c:\Users\Soren\AppData\Roaming\Code\User\globalStorage\vexrobotics.vexcode\sdk\cpp\V5\V5_20240802_15_00_00/vexv5\libv5rt.a(vex_task.cpp.obj)
                0x038047e4                vex::task::_stopAll()
 .text._ZN3vex6threadC2EPFivE
                0x03804820       0x5c c:\Users\Soren\AppData\Roaming\Code\User\globalStorage\vexrobotics.vexcode\sdk\cpp\V5\V5_20240802_15_00_00/vexv5\libv5rt.a(vex_thread.cpp.obj)
                0x03804820                vex::thread::thread(int (*)())
                0x03804820                vex::thread::thread(int (*)())
 .text._ZN3vex6threadD2Ev
                0x0380487c        0x4 c:\Users\Soren\AppData\Roaming\Code\User\globalStorage\vexrobotics.vexcode\sdk\cpp\V5\V5_20240802_15_00_00/vexv5\libv5rt.a(vex_thread.cpp.obj)
                0x0380487c                vex::thread::~thread()
                0x0380487c                vex::thread::~thread()
 .text._ZN3vex11this_thread9sleep_forEm
                0x03804880        0x4 c:\Users\Soren\AppData\Roaming\Code\User\globalStorage\vexrobotics.vexcode\sdk\cpp\V5\V5_20240802_15_00_00/vexv5\libv5rt.a(vex_thread.cpp.obj)
                0x03804880                vex::this_thread::sleep_for(unsigned long)
 .text._ZN3vex5event4initEmmPFvvE
                0x03804884        0x4 c:\Users\Soren\AppData\Roaming\Code\User\globalStorage\vexrobotics.vexcode\sdk\cpp\V5\V5_20240802_15_00_00/vexv5\libv5rt.a(vex_event.cpp.obj)
                0x03804884                vex::event::init(unsigned long, unsigned long, void (*)())
 .text._ZN3vex5event4initEmmPFvPvES1_
                0x03804888        0x4 c:\Users\Soren\AppData\Roaming\Code\User\globalStorage\vexrobotics.vexcode\sdk\cpp\V5\V5_20240802_15_00_00/vexv5\libv5rt.a(vex_event.cpp.obj)
                0x03804888                vex::event::init(unsigned long, unsigned long, void (*)(void*), void*)
 .text._ZN3vex5event9userindexEv
                0x0380488c        0x4 c:\Users\Soren\AppData\Roaming\Code\User\globalStorage\vexrobotics.vexcode\sdk\cpp\V5\V5_20240802_15_00_00/vexv5\libv5rt.a(vex_event.cpp.obj)
                0x0380488c                vex::event::userindex()
 .text._ZZN3vex6meventC4EmmENUlvE_4_FUNEv
                0x03804890        0x4 c:\Users\Soren\AppData\Roaming\Code\User\globalStorage\vexrobotics.vexcode\sdk\cpp\V5\V5_20240802_15_00_00/vexv5\libv5rt.a(vex_mevent.cpp.obj)
 .text._ZN3vex6meventC2Emm
                0x03804894       0x70 c:\Users\Soren\AppData\Roaming\Code\User\globalStorage\vexrobotics.vexcode\sdk\cpp\V5\V5_20240802_15_00_00/vexv5\libv5rt.a(vex_mevent.cpp.obj)
                0x03804894                vex::mevent::mevent(unsigned long, unsigned long)
                0x03804894                vex::mevent::mevent(unsigned long, unsigned long)
 .text._ZN3vex5brain9_getIndexEv
                0x03804904       0x10 c:\Users\Soren\AppData\Roaming\Code\User\globalStorage\vexrobotics.vexcode\sdk\cpp\V5\V5_20240802_15_00_00/vexv5\libv5rt.a(vex_brain.cpp.obj)
                0x03804904                vex::brain::_getIndex()
 .text._ZN3vex5brain3lcd9setCursorEll
                0x03804914       0x44 c:\Users\Soren\AppData\Roaming\Code\User\globalStorage\vexrobotics.vexcode\sdk\cpp\V5\V5_20240802_15_00_00/vexv5\libv5rt.a(vex_brain.cpp.obj)
                0x03804914                vex::brain::lcd::setCursor(long, long)
 .text._ZN3vex5brain3lcd7setFontENS_8fontTypeE
                0x03804958      0x23c c:\Users\Soren\AppData\Roaming\Code\User\globalStorage\vexrobotics.vexcode\sdk\cpp\V5\V5_20240802_15_00_00/vexv5\libv5rt.a(vex_brain.cpp.obj)
                0x03804958                vex::brain::lcd::setFont(vex::fontType)
 .text._ZN3vex5brain3lcdC2Ev
                0x03804b94       0x94 c:\Users\Soren\AppData\Roaming\Code\User\globalStorage\vexrobotics.vexcode\sdk\cpp\V5\V5_20240802_15_00_00/vexv5\libv5rt.a(vex_brain.cpp.obj)
                0x03804b94                vex::brain::lcd::lcd()
                0x03804b94                vex::brain::lcd::lcd()
 .text._ZN3vex5brainC2Ev
                0x03804c28       0x3c c:\Users\Soren\AppData\Roaming\Code\User\globalStorage\vexrobotics.vexcode\sdk\cpp\V5\V5_20240802_15_00_00/vexv5\libv5rt.a(vex_brain.cpp.obj)
                0x03804c28                vex::brain::brain()
                0x03804c28                vex::brain::brain()
 .text._ZN3vex5brain3lcd7newLineEv
                0x03804c64       0x20 c:\Users\Soren\AppData\Roaming\Code\User\globalStorage\vexrobotics.vexcode\sdk\cpp\V5\V5_20240802_15_00_00/vexv5\libv5rt.a(vex_brain.cpp.obj)
                0x03804c64                vex::brain::lcd::newLine()
 .text._ZN3vex5brain3lcd10rowToPixelEl
                0x03804c84       0x34 c:\Users\Soren\AppData\Roaming\Code\User\globalStorage\vexrobotics.vexcode\sdk\cpp\V5\V5_20240802_15_00_00/vexv5\libv5rt.a(vex_brain.cpp.obj)
                0x03804c84                vex::brain::lcd::rowToPixel(long)
 .text._ZN3vex5brain3lcd9clearLineEv
                0x03804cb8       0x38 c:\Users\Soren\AppData\Roaming\Code\User\globalStorage\vexrobotics.vexcode\sdk\cpp\V5\V5_20240802_15_00_00/vexv5\libv5rt.a(vex_brain.cpp.obj)
                0x03804cb8                vex::brain::lcd::clearLine()
 .text._ZN3vex5brain3lcd5printEPKcz
                0x03804cf0       0xb8 c:\Users\Soren\AppData\Roaming\Code\User\globalStorage\vexrobotics.vexcode\sdk\cpp\V5\V5_20240802_15_00_00/vexv5\libv5rt.a(vex_brain.cpp.obj)
                0x03804cf0                vex::brain::lcd::print(char const*, ...)
 .text._ZN3vex5brainD2Ev
                0x03804da8       0x20 c:\Users\Soren\AppData\Roaming\Code\User\globalStorage\vexrobotics.vexcode\sdk\cpp\V5\V5_20240802_15_00_00/vexv5\libv5rt.a(vex_brain.cpp.obj)
                0x03804da8                vex::brain::~brain()
                0x03804da8                vex::brain::~brain()
 .text._ZN3vex11competition8_disableEPv
                0x03804dc8       0xa4 c:\Users\Soren\AppData\Roaming\Code\User\globalStorage\vexrobotics.vexcode\sdk\cpp\V5\V5_20240802_15_00_00/vexv5\libv5rt.a(vex_competition.cpp.obj)
                0x03804dc8                vex::competition::_disable(void*)
 .text._ZN3vex11competition11_autonomousEv
                0x03804e6c       0x80 c:\Users\Soren\AppData\Roaming\Code\User\globalStorage\vexrobotics.vexcode\sdk\cpp\V5\V5_20240802_15_00_00/vexv5\libv5rt.a(vex_competition.cpp.obj)
                0x03804e6c                vex::competition::_autonomous()
 .text._ZN3vex11competition14_drivercontrolEv
                0x03804eec       0x80 c:\Users\Soren\AppData\Roaming\Code\User\globalStorage\vexrobotics.vexcode\sdk\cpp\V5\V5_20240802_15_00_00/vexv5\libv5rt.a(vex_competition.cpp.obj)
                0x03804eec                vex::competition::_drivercontrol()
 .text._ZN3vex11competitionC2Ev
                0x03804f6c      0x13c c:\Users\Soren\AppData\Roaming\Code\User\globalStorage\vexrobotics.vexcode\sdk\cpp\V5\V5_20240802_15_00_00/vexv5\libv5rt.a(vex_competition.cpp.obj)
                0x03804f6c                vex::competition::competition()
                0x03804f6c                vex::competition::competition()
 .text._ZN3vex11competitionD2Ev
                0x038050a8        0x4 c:\Users\Soren\AppData\Roaming\Code\User\globalStorage\vexrobotics.vexcode\sdk\cpp\V5\V5_20240802_15_00_00/vexv5\libv5rt.a(vex_competition.cpp.obj)
                0x038050a8                vex::competition::~competition()
                0x038050a8                vex::competition::~competition()
 .text._ZN3vex11competition10autonomousEPFvvE
                0x038050ac       0x44 c:\Users\Soren\AppData\Roaming\Code\User\globalStorage\vexrobotics.vexcode\sdk\cpp\V5\V5_20240802_15_00_00/vexv5\libv5rt.a(vex_competition.cpp.obj)
                0x038050ac                vex::competition::autonomous(void (*)())
 .text._ZN3vex11competition13drivercontrolEPFvvE
                0x038050f0       0x44 c:\Users\Soren\AppData\Roaming\Code\User\globalStorage\vexrobotics.vexcode\sdk\cpp\V5\V5_20240802_15_00_00/vexv5\libv5rt.a(vex_competition.cpp.obj)
                0x038050f0                vex::competition::drivercontrol(void (*)())
 .text._ZN3vex7triportD2Ev
                0x03805134       0x38 c:\Users\Soren\AppData\Roaming\Code\User\globalStorage\vexrobotics.vexcode\sdk\cpp\V5\V5_20240802_15_00_00/vexv5\libv5rt.a(vex_triport.cpp.obj)
                0x03805134                vex::triport::~triport()
                0x03805134                vex::triport::~triport()
 .text._ZN3vex7triportD0Ev
                0x0380516c       0x1c c:\Users\Soren\AppData\Roaming\Code\User\globalStorage\vexrobotics.vexcode\sdk\cpp\V5\V5_20240802_15_00_00/vexv5\libv5rt.a(vex_triport.cpp.obj)
                0x0380516c                vex::triport::~triport()
 .text._ZN3vex7triport9installedEv
                0x03805188       0x18 c:\Users\Soren\AppData\Roaming\Code\User\globalStorage\vexrobotics.vexcode\sdk\cpp\V5\V5_20240802_15_00_00/vexv5\libv5rt.a(vex_triport.cpp.obj)
                0x03805188                vex::triport::installed()
 .text._ZN3vex7triport4portC2ElPS0_
                0x038051a0       0x74 c:\Users\Soren\AppData\Roaming\Code\User\globalStorage\vexrobotics.vexcode\sdk\cpp\V5\V5_20240802_15_00_00/vexv5\libv5rt.a(vex_triport.cpp.obj)
                0x038051a0                vex::triport::port::port(long, vex::triport*)
                0x038051a0                vex::triport::port::port(long, vex::triport*)
 .text._ZN3vex7triportC2El
                0x03805214       0xf0 c:\Users\Soren\AppData\Roaming\Code\User\globalStorage\vexrobotics.vexcode\sdk\cpp\V5\V5_20240802_15_00_00/vexv5\libv5rt.a(vex_triport.cpp.obj)
                0x03805214                vex::triport::triport(long)
                0x03805214                vex::triport::triport(long)
 .text._ZN3vex7triport4port4typeENS_11triportTypeE
                0x03805304       0x30 c:\Users\Soren\AppData\Roaming\Code\User\globalStorage\vexrobotics.vexcode\sdk\cpp\V5\V5_20240802_15_00_00/vexv5\libv5rt.a(vex_triport.cpp.obj)
                0x03805304                vex::triport::port::type(vex::triportType)
 .text._ZN3vex7triport4port4typeEv
                0x03805334       0x38 c:\Users\Soren\AppData\Roaming\Code\User\globalStorage\vexrobotics.vexcode\sdk\cpp\V5\V5_20240802_15_00_00/vexv5\libv5rt.a(vex_triport.cpp.obj)
                0x03805334                vex::triport::port::type()
 .text._ZN3vex7triport4port5valueEv
                0x0380536c       0x14 c:\Users\Soren\AppData\Roaming\Code\User\globalStorage\vexrobotics.vexcode\sdk\cpp\V5\V5_20240802_15_00_00/vexv5\libv5rt.a(vex_triport.cpp.obj)
                0x0380536c                vex::triport::port::value()
 .text._ZN3vex7triport4port5valueEl
                0x03805380       0x18 c:\Users\Soren\AppData\Roaming\Code\User\globalStorage\vexrobotics.vexcode\sdk\cpp\V5\V5_20240802_15_00_00/vexv5\libv5rt.a(vex_triport.cpp.obj)
                0x03805380                vex::triport::port::value(long)
 .text._ZN3vex11__trideviceC2ERNS_7triport4portENS_11triportTypeE
                0x03805398       0x5c c:\Users\Soren\AppData\Roaming\Code\User\globalStorage\vexrobotics.vexcode\sdk\cpp\V5\V5_20240802_15_00_00/vexv5\libv5rt.a(vex_triport.cpp.obj)
                0x03805398                vex::__tridevice::__tridevice(vex::triport::port&, vex::triportType)
                0x03805398                vex::__tridevice::__tridevice(vex::triport::port&, vex::triportType)
 .text._ZN3vex11digital_outC2ERNS_7triport4portE
                0x038053f4       0x18 c:\Users\Soren\AppData\Roaming\Code\User\globalStorage\vexrobotics.vexcode\sdk\cpp\V5\V5_20240802_15_00_00/vexv5\libv5rt.a(vex_triport.cpp.obj)
                0x038053f4                vex::digital_out::digital_out(vex::triport::port&)
                0x038053f4                vex::digital_out::digital_out(vex::triport::port&)
 .text._ZN3vex11digital_out5valueEv
                0x0380540c        0x8 c:\Users\Soren\AppData\Roaming\Code\User\globalStorage\vexrobotics.vexcode\sdk\cpp\V5\V5_20240802_15_00_00/vexv5\libv5rt.a(vex_triport.cpp.obj)
                0x0380540c                vex::digital_out::value()
 .text._ZN3vex11digital_out3setEb
                0x03805414        0x8 c:\Users\Soren\AppData\Roaming\Code\User\globalStorage\vexrobotics.vexcode\sdk\cpp\V5\V5_20240802_15_00_00/vexv5\libv5rt.a(vex_triport.cpp.obj)
                0x03805414                vex::digital_out::set(bool)
 .text._ZN3vex3ledC2ERNS_7triport4portE
                0x0380541c       0x14 c:\Users\Soren\AppData\Roaming\Code\User\globalStorage\vexrobotics.vexcode\sdk\cpp\V5\V5_20240802_15_00_00/vexv5\libv5rt.a(vex_triport.cpp.obj)
                0x0380541c                vex::led::led(vex::triport::port&)
                0x0380541c                vex::led::led(vex::triport::port&)
 .text._ZN3vex3ledD2Ev
                0x03805430        0x4 c:\Users\Soren\AppData\Roaming\Code\User\globalStorage\vexrobotics.vexcode\sdk\cpp\V5\V5_20240802_15_00_00/vexv5\libv5rt.a(vex_triport.cpp.obj)
                0x03805430                vex::led::~led()
                0x03805430                vex::led::~led()
 .text._ZN3vex7encoderC2ERNS_7triport4portE
                0x03805434       0x20 c:\Users\Soren\AppData\Roaming\Code\User\globalStorage\vexrobotics.vexcode\sdk\cpp\V5\V5_20240802_15_00_00/vexv5\libv5rt.a(vex_triport.cpp.obj)
                0x03805434                vex::encoder::encoder(vex::triport::port&)
                0x03805434                vex::encoder::encoder(vex::triport::port&)
 .text._ZN3vex7encoderD2Ev
                0x03805454        0x4 c:\Users\Soren\AppData\Roaming\Code\User\globalStorage\vexrobotics.vexcode\sdk\cpp\V5\V5_20240802_15_00_00/vexv5\libv5rt.a(vex_triport.cpp.obj)
                0x03805454                vex::encoder::~encoder()
                0x03805454                vex::encoder::~encoder()
 .text._ZN3vex5colorD2Ev
                0x03805458        0x4 c:\Users\Soren\AppData\Roaming\Code\User\globalStorage\vexrobotics.vexcode\sdk\cpp\V5\V5_20240802_15_00_00/vexv5\libv5rt.a(vex_color.cpp.obj)
                0x03805458                vex::color::~color()
                0x03805458                vex::color::~color()
 .text._ZN3vex5colorC2Ev
                0x0380545c       0x10 c:\Users\Soren\AppData\Roaming\Code\User\globalStorage\vexrobotics.vexcode\sdk\cpp\V5\V5_20240802_15_00_00/vexv5\libv5rt.a(vex_color.cpp.obj)
                0x0380545c                vex::color::color()
                0x0380545c                vex::color::color()
 .text._ZN3vex5color3rgbEm
                0x0380546c       0x14 c:\Users\Soren\AppData\Roaming\Code\User\globalStorage\vexrobotics.vexcode\sdk\cpp\V5\V5_20240802_15_00_00/vexv5\libv5rt.a(vex_color.cpp.obj)
                0x0380546c                vex::color::rgb(unsigned long)
 .text._ZN3vex5color3rgbEhhh
                0x03805480       0x20 c:\Users\Soren\AppData\Roaming\Code\User\globalStorage\vexrobotics.vexcode\sdk\cpp\V5\V5_20240802_15_00_00/vexv5\libv5rt.a(vex_color.cpp.obj)
                0x03805480                vex::color::rgb(unsigned char, unsigned char, unsigned char)
 .text._ZNK3vex5color3rgbEv
                0x038054a0        0x8 c:\Users\Soren\AppData\Roaming\Code\User\globalStorage\vexrobotics.vexcode\sdk\cpp\V5\V5_20240802_15_00_00/vexv5\libv5rt.a(vex_color.cpp.obj)
                0x038054a0                vex::color::rgb() const
 .text.startup._GLOBAL__sub_I__ZN3vex5color5blackE
                0x038054a8      0x164 c:\Users\Soren\AppData\Roaming\Code\User\globalStorage\vexrobotics.vexcode\sdk\cpp\V5\V5_20240802_15_00_00/vexv5\libv5rt.a(vex_color.cpp.obj)
 .text._ZN3vex5timerD2Ev
                0x0380560c        0x4 c:\Users\Soren\AppData\Roaming\Code\User\globalStorage\vexrobotics.vexcode\sdk\cpp\V5\V5_20240802_15_00_00/vexv5\libv5rt.a(vex_timer.cpp.obj)
                0x0380560c                vex::timer::~timer()
                0x0380560c                vex::timer::~timer()
 .text._ZN3vex5timer5clearEv
                0x03805610       0x1c c:\Users\Soren\AppData\Roaming\Code\User\globalStorage\vexrobotics.vexcode\sdk\cpp\V5\V5_20240802_15_00_00/vexv5\libv5rt.a(vex_timer.cpp.obj)
                0x03805610                vex::timer::clear()
 .text._ZN3vex5timerC2Ev
                0x0380562c       0x14 c:\Users\Soren\AppData\Roaming\Code\User\globalStorage\vexrobotics.vexcode\sdk\cpp\V5\V5_20240802_15_00_00/vexv5\libv5rt.a(vex_timer.cpp.obj)
                0x0380562c                vex::timer::timer()
                0x0380562c                vex::timer::timer()
 .text._ZN3vex11motor_group18motor_group_motorsC2Ev
                0x03805640       0x28 c:\Users\Soren\AppData\Roaming\Code\User\globalStorage\vexrobotics.vexcode\sdk\cpp\V5\V5_20240802_15_00_00/vexv5\libv5rt.a(vex_motorgroup.cpp.obj)
                0x03805640                vex::motor_group::motor_group_motors::motor_group_motors()
                0x03805640                vex::motor_group::motor_group_motors::motor_group_motors()
 .text._ZN3vex11motor_group18motor_group_motorsC2ERKS1_
                0x03805668       0x20 c:\Users\Soren\AppData\Roaming\Code\User\globalStorage\vexrobotics.vexcode\sdk\cpp\V5\V5_20240802_15_00_00/vexv5\libv5rt.a(vex_motorgroup.cpp.obj)
                0x03805668                vex::motor_group::motor_group_motors::motor_group_motors(vex::motor_group::motor_group_motors const&)
                0x03805668                vex::motor_group::motor_group_motors::motor_group_motors(vex::motor_group::motor_group_motors const&)
 .text._ZN3vex11motor_groupC2Ev
                0x03805688       0x1c c:\Users\Soren\AppData\Roaming\Code\User\globalStorage\vexrobotics.vexcode\sdk\cpp\V5\V5_20240802_15_00_00/vexv5\libv5rt.a(vex_motorgroup.cpp.obj)
                0x03805688                vex::motor_group::motor_group()
                0x03805688                vex::motor_group::motor_group()
 .text._ZN3vex11motor_groupD2Ev
                0x038056a4        0x4 c:\Users\Soren\AppData\Roaming\Code\User\globalStorage\vexrobotics.vexcode\sdk\cpp\V5\V5_20240802_15_00_00/vexv5\libv5rt.a(vex_motorgroup.cpp.obj)
                0x038056a4                vex::motor_group::~motor_group()
                0x038056a4                vex::motor_group::~motor_group()
 .text._ZN3vex11motor_group9_addMotorERNS_5motorE
                0x038056a8       0x20 c:\Users\Soren\AppData\Roaming\Code\User\globalStorage\vexrobotics.vexcode\sdk\cpp\V5\V5_20240802_15_00_00/vexv5\libv5rt.a(vex_motorgroup.cpp.obj)
                0x038056a8                vex::motor_group::_addMotor(vex::motor&)
 .text._ZN3vex11motor_group13resetPositionEv
                0x038056c8       0x30 c:\Users\Soren\AppData\Roaming\Code\User\globalStorage\vexrobotics.vexcode\sdk\cpp\V5\V5_20240802_15_00_00/vexv5\libv5rt.a(vex_motorgroup.cpp.obj)
                0x038056c8                vex::motor_group::resetPosition()
 .text._ZN3vex11motor_group11setPositionEdNS_13rotationUnitsE
                0x038056f8       0x4c c:\Users\Soren\AppData\Roaming\Code\User\globalStorage\vexrobotics.vexcode\sdk\cpp\V5\V5_20240802_15_00_00/vexv5\libv5rt.a(vex_motorgroup.cpp.obj)
                0x038056f8                vex::motor_group::setPosition(double, vex::rotationUnits)
 .text._ZN3vex11motor_group4spinENS_13directionTypeEdNS_13velocityUnitsE
                0x03805744       0x54 c:\Users\Soren\AppData\Roaming\Code\User\globalStorage\vexrobotics.vexcode\sdk\cpp\V5\V5_20240802_15_00_00/vexv5\libv5rt.a(vex_motorgroup.cpp.obj)
                0x03805744                vex::motor_group::spin(vex::directionType, double, vex::velocityUnits)
 .text._ZN3vex11motor_group4spinENS_13directionTypeEdNS_12voltageUnitsE
                0x03805798       0x54 c:\Users\Soren\AppData\Roaming\Code\User\globalStorage\vexrobotics.vexcode\sdk\cpp\V5\V5_20240802_15_00_00/vexv5\libv5rt.a(vex_motorgroup.cpp.obj)
                0x03805798                vex::motor_group::spin(vex::directionType, double, vex::voltageUnits)
 .text._ZN3vex11motor_group10isSpinningEv
                0x038057ec       0x40 c:\Users\Soren\AppData\Roaming\Code\User\globalStorage\vexrobotics.vexcode\sdk\cpp\V5\V5_20240802_15_00_00/vexv5\libv5rt.a(vex_motorgroup.cpp.obj)
                0x038057ec                vex::motor_group::isSpinning()
 .text._ZN3vex11motor_group6isDoneEv
                0x0380582c       0x14 c:\Users\Soren\AppData\Roaming\Code\User\globalStorage\vexrobotics.vexcode\sdk\cpp\V5\V5_20240802_15_00_00/vexv5\libv5rt.a(vex_motorgroup.cpp.obj)
                0x0380582c                vex::motor_group::isDone()
 .text._ZN3vex11motor_group4stopEv
                0x03805840       0x30 c:\Users\Soren\AppData\Roaming\Code\User\globalStorage\vexrobotics.vexcode\sdk\cpp\V5\V5_20240802_15_00_00/vexv5\libv5rt.a(vex_motorgroup.cpp.obj)
                0x03805840                vex::motor_group::stop()
 .text._ZN3vex11motor_group4stopENS_9brakeTypeE
                0x03805870       0x38 c:\Users\Soren\AppData\Roaming\Code\User\globalStorage\vexrobotics.vexcode\sdk\cpp\V5\V5_20240802_15_00_00/vexv5\libv5rt.a(vex_motorgroup.cpp.obj)
                0x03805870                vex::motor_group::stop(vex::brakeType)
 .text._ZN3vex11motor_group8positionENS_13rotationUnitsE
                0x038058a8        0xc c:\Users\Soren\AppData\Roaming\Code\User\globalStorage\vexrobotics.vexcode\sdk\cpp\V5\V5_20240802_15_00_00/vexv5\libv5rt.a(vex_motorgroup.cpp.obj)
                0x038058a8                vex::motor_group::position(vex::rotationUnits)
 .text._ZN3vex11motor_group20waitForCompletionAllEv
                0x038058b4       0x60 c:\Users\Soren\AppData\Roaming\Code\User\globalStorage\vexrobotics.vexcode\sdk\cpp\V5\V5_20240802_15_00_00/vexv5\libv5rt.a(vex_motorgroup.cpp.obj)
                0x038058b4                vex::motor_group::waitForCompletionAll()
 .text._ZN3vex11motor_group7spinForENS_13directionTypeEdNS_13rotationUnitsEdNS_13velocityUnitsEb
                0x03805914       0xa8 c:\Users\Soren\AppData\Roaming\Code\User\globalStorage\vexrobotics.vexcode\sdk\cpp\V5\V5_20240802_15_00_00/vexv5\libv5rt.a(vex_motorgroup.cpp.obj)
                0x03805914                vex::motor_group::spinFor(vex::directionType, double, vex::rotationUnits, double, vex::velocityUnits, bool)
 .text._ZN3vex8aivision9colordescD2Ev
                0x038059bc        0x4 c:\Users\Soren\AppData\Roaming\Code\User\globalStorage\vexrobotics.vexcode\sdk\cpp\V5\V5_20240802_15_00_00/vexv5\libv5rt.a(vex_aivision.cpp.obj)
                0x038059bc                vex::aivision::colordesc::~colordesc()
                0x038059bc                vex::aivision::colordesc::~colordesc()
 .text._ZN3vex8aivision9installedEv
                0x038059c0       0x18 c:\Users\Soren\AppData\Roaming\Code\User\globalStorage\vexrobotics.vexcode\sdk\cpp\V5\V5_20240802_15_00_00/vexv5\libv5rt.a(vex_aivision.cpp.obj)
                0x038059c0                vex::aivision::installed()
 .text._ZN3vex8aivisionD2Ev
                0x038059d8       0x54 c:\Users\Soren\AppData\Roaming\Code\User\globalStorage\vexrobotics.vexcode\sdk\cpp\V5\V5_20240802_15_00_00/vexv5\libv5rt.a(vex_aivision.cpp.obj)
                0x038059d8                vex::aivision::~aivision()
                0x038059d8                vex::aivision::~aivision()
 .text._ZN3vex8aivisionD0Ev
                0x03805a2c       0x1c c:\Users\Soren\AppData\Roaming\Code\User\globalStorage\vexrobotics.vexcode\sdk\cpp\V5\V5_20240802_15_00_00/vexv5\libv5rt.a(vex_aivision.cpp.obj)
                0x03805a2c                vex::aivision::~aivision()
 .text._ZN3vex8aivision5resetEv
                0x03805a48        0xc c:\Users\Soren\AppData\Roaming\Code\User\globalStorage\vexrobotics.vexcode\sdk\cpp\V5\V5_20240802_15_00_00/vexv5\libv5rt.a(vex_aivision.cpp.obj)
                0x03805a48                vex::aivision::reset()
 .text._ZN3vex8aivision14colorDetectionEbb
                0x03805a54       0x48 c:\Users\Soren\AppData\Roaming\Code\User\globalStorage\vexrobotics.vexcode\sdk\cpp\V5\V5_20240802_15_00_00/vexv5\libv5rt.a(vex_aivision.cpp.obj)
                0x03805a54                vex::aivision::colorDetection(bool, bool)
 .text._ZN3vex8aivision10usbOverlayEb
                0x03805a9c       0x38 c:\Users\Soren\AppData\Roaming\Code\User\globalStorage\vexrobotics.vexcode\sdk\cpp\V5\V5_20240802_15_00_00/vexv5\libv5rt.a(vex_aivision.cpp.obj)
                0x03805a9c                vex::aivision::usbOverlay(bool)
 .text._ZN3vex8aivision20setObjectDescriptionERKNS0_9colordescE
                0x03805ad4       0x6c c:\Users\Soren\AppData\Roaming\Code\User\globalStorage\vexrobotics.vexcode\sdk\cpp\V5\V5_20240802_15_00_00/vexv5\libv5rt.a(vex_aivision.cpp.obj)
                0x03805ad4                vex::aivision::setObjectDescription(vex::aivision::colordesc const&)
 .text._ZN3vex8aivision21_setObjectDescriptionEv
                0x03805b40       0x40 c:\Users\Soren\AppData\Roaming\Code\User\globalStorage\vexrobotics.vexcode\sdk\cpp\V5\V5_20240802_15_00_00/vexv5\libv5rt.a(vex_aivision.cpp.obj)
                0x03805b40                vex::aivision::_setObjectDescription()
 .text._ZN3vex8aivision9colordesc5clearEv
                0x03805b80       0x24 c:\Users\Soren\AppData\Roaming\Code\User\globalStorage\vexrobotics.vexcode\sdk\cpp\V5\V5_20240802_15_00_00/vexv5\libv5rt.a(vex_aivision.cpp.obj)
                0x03805b80                vex::aivision::colordesc::clear()
 .text._ZN3vex8aivision9colordescC2Ev
                0x03805ba4       0x44 c:\Users\Soren\AppData\Roaming\Code\User\globalStorage\vexrobotics.vexcode\sdk\cpp\V5\V5_20240802_15_00_00/vexv5\libv5rt.a(vex_aivision.cpp.obj)
                0x03805ba4                vex::aivision::colordesc::colordesc()
                0x03805ba4                vex::aivision::colordesc::colordesc()
 .text._ZN3vex8aivision9colordescC2Elhhhff
                0x03805be8       0x44 c:\Users\Soren\AppData\Roaming\Code\User\globalStorage\vexrobotics.vexcode\sdk\cpp\V5\V5_20240802_15_00_00/vexv5\libv5rt.a(vex_aivision.cpp.obj)
                0x03805be8                vex::aivision::colordesc::colordesc(long, unsigned char, unsigned char, unsigned char, float, float)
                0x03805be8                vex::aivision::colordesc::colordesc(long, unsigned char, unsigned char, unsigned char, float, float)
 *fill*         0x03805c2c        0x4 
 .text._ZN3vex8aivision6object3setE24_V5_DeviceAiVisionObjectPc
                0x03805c30      0x2b0 c:\Users\Soren\AppData\Roaming\Code\User\globalStorage\vexrobotics.vexcode\sdk\cpp\V5\V5_20240802_15_00_00/vexv5\libv5rt.a(vex_aivision.cpp.obj)
                0x03805c30                vex::aivision::object::set(_V5_DeviceAiVisionObject, char*)
 .text._ZN3vex8aivision6object5clearEv
                0x03805ee0       0x70 c:\Users\Soren\AppData\Roaming\Code\User\globalStorage\vexrobotics.vexcode\sdk\cpp\V5\V5_20240802_15_00_00/vexv5\libv5rt.a(vex_aivision.cpp.obj)
                0x03805ee0                vex::aivision::object::clear()
 .text._ZN3vex8aivision6objectC2Ev
                0x03805f50       0x94 c:\Users\Soren\AppData\Roaming\Code\User\globalStorage\vexrobotics.vexcode\sdk\cpp\V5\V5_20240802_15_00_00/vexv5\libv5rt.a(vex_aivision.cpp.obj)
                0x03805f50                vex::aivision::object::object()
                0x03805f50                vex::aivision::object::object()
 .text._ZN3vex8aivision6objectaSERKS1_
                0x03805fe4      0x100 c:\Users\Soren\AppData\Roaming\Code\User\globalStorage\vexrobotics.vexcode\sdk\cpp\V5\V5_20240802_15_00_00/vexv5\libv5rt.a(vex_aivision.cpp.obj)
                0x03805fe4                vex::aivision::object::operator=(vex::aivision::object const&)
 .text._ZN3vex8aivision6objectaSEl
                0x038060e4       0x74 c:\Users\Soren\AppData\Roaming\Code\User\globalStorage\vexrobotics.vexcode\sdk\cpp\V5\V5_20240802_15_00_00/vexv5\libv5rt.a(vex_aivision.cpp.obj)
                0x038060e4                vex::aivision::object::operator=(long)
 .text._ZN3vex9safearrayINS_8aivision6objectELi24EEixEi
                0x03806158       0x28 c:\Users\Soren\AppData\Roaming\Code\User\globalStorage\vexrobotics.vexcode\sdk\cpp\V5\V5_20240802_15_00_00/vexv5\libv5rt.a(vex_aivision.cpp.obj)
                0x03806158                vex::safearray<vex::aivision::object, 24>::operator[](int)
 .text._ZN3vex8aivision13_clearObjectsEv
                0x03806180       0x34 c:\Users\Soren\AppData\Roaming\Code\User\globalStorage\vexrobotics.vexcode\sdk\cpp\V5\V5_20240802_15_00_00/vexv5\libv5rt.a(vex_aivision.cpp.obj)
                0x03806180                vex::aivision::_clearObjects()
 .text._ZN3vex8aivisionC2El
                0x038061b4       0xa0 c:\Users\Soren\AppData\Roaming\Code\User\globalStorage\vexrobotics.vexcode\sdk\cpp\V5\V5_20240802_15_00_00/vexv5\libv5rt.a(vex_aivision.cpp.obj)
                0x038061b4                vex::aivision::aivision(long)
                0x038061b4                vex::aivision::aivision(long)
 .text._ZN3vex8aivision12takeSnapshotEmNS0_10objectTypeEm
                0x03806254      0x28c c:\Users\Soren\AppData\Roaming\Code\User\globalStorage\vexrobotics.vexcode\sdk\cpp\V5\V5_20240802_15_00_00/vexv5\libv5rt.a(vex_aivision.cpp.obj)
                0x03806254                vex::aivision::takeSnapshot(unsigned long, vex::aivision::objectType, unsigned long)
 .text._ZN3vex8aivision12takeSnapshotERKNS0_9colordescEl
                0x038064e0       0x14 c:\Users\Soren\AppData\Roaming\Code\User\globalStorage\vexrobotics.vexcode\sdk\cpp\V5\V5_20240802_15_00_00/vexv5\libv5rt.a(vex_aivision.cpp.obj)
                0x038064e0                vex::aivision::takeSnapshot(vex::aivision::colordesc const&, long)
 .text.startup._GLOBAL__sub_I__ZN3vex8aivision8ALL_TAGSE
                0x038064f4       0xb8 c:\Users\Soren\AppData\Roaming\Code\User\globalStorage\vexrobotics.vexcode\sdk\cpp\V5\V5_20240802_15_00_00/vexv5\libv5rt.a(vex_aivision.cpp.obj)
 .text.vexAdiPortConfigSet
                0x038065ac       0x28 c:\Users\Soren\AppData\Roaming\Code\User\globalStorage\vexrobotics.vexcode\sdk\cpp\V5\V5_20240802_15_00_00/vexv5\libv5rt.a(v5_apiuser.c.obj)
                0x038065ac                vexAdiPortConfigSet
 .text.vexAdiPortConfigGet
                0x038065d4       0x28 c:\Users\Soren\AppData\Roaming\Code\User\globalStorage\vexrobotics.vexcode\sdk\cpp\V5\V5_20240802_15_00_00/vexv5\libv5rt.a(v5_apiuser.c.obj)
                0x038065d4                vexAdiPortConfigGet
 .text.vexAdiValueSet
                0x038065fc       0x28 c:\Users\Soren\AppData\Roaming\Code\User\globalStorage\vexrobotics.vexcode\sdk\cpp\V5\V5_20240802_15_00_00/vexv5\libv5rt.a(v5_apiuser.c.obj)
                0x038065fc                vexAdiValueSet
 .text.vexAdiValueGet
                0x03806624       0x20 c:\Users\Soren\AppData\Roaming\Code\User\globalStorage\vexrobotics.vexcode\sdk\cpp\V5\V5_20240802_15_00_00/vexv5\libv5rt.a(v5_apiuser.c.obj)
                0x03806624                vexAdiValueGet
 .text.vexMotorVelocitySet
                0x03806644       0x20 c:\Users\Soren\AppData\Roaming\Code\User\globalStorage\vexrobotics.vexcode\sdk\cpp\V5\V5_20240802_15_00_00/vexv5\libv5rt.a(v5_apiuser.c.obj)
                0x03806644                vexMotorVelocitySet
 .text.vexMotorVoltageSet
                0x03806664       0x20 c:\Users\Soren\AppData\Roaming\Code\User\globalStorage\vexrobotics.vexcode\sdk\cpp\V5\V5_20240802_15_00_00/vexv5\libv5rt.a(v5_apiuser.c.obj)
                0x03806664                vexMotorVoltageSet
 .text.vexMotorVelocityGet
                0x03806684       0x18 c:\Users\Soren\AppData\Roaming\Code\User\globalStorage\vexrobotics.vexcode\sdk\cpp\V5\V5_20240802_15_00_00/vexv5\libv5rt.a(v5_apiuser.c.obj)
                0x03806684                vexMotorVelocityGet
 .text.vexMotorActualVelocityGet
                0x0380669c       0x24 c:\Users\Soren\AppData\Roaming\Code\User\globalStorage\vexrobotics.vexcode\sdk\cpp\V5\V5_20240802_15_00_00/vexv5\libv5rt.a(v5_apiuser.c.obj)
                0x0380669c                vexMotorActualVelocityGet
 .text.vexMotorModeGet
                0x038066c0       0x18 c:\Users\Soren\AppData\Roaming\Code\User\globalStorage\vexrobotics.vexcode\sdk\cpp\V5\V5_20240802_15_00_00/vexv5\libv5rt.a(v5_apiuser.c.obj)
                0x038066c0                vexMotorModeGet
 .text.vexMotorZeroPositionFlagGet
                0x038066d8       0x18 c:\Users\Soren\AppData\Roaming\Code\User\globalStorage\vexrobotics.vexcode\sdk\cpp\V5\V5_20240802_15_00_00/vexv5\libv5rt.a(v5_apiuser.c.obj)
                0x038066d8                vexMotorZeroPositionFlagGet
 .text.vexMotorReverseFlagSet
                0x038066f0       0x20 c:\Users\Soren\AppData\Roaming\Code\User\globalStorage\vexrobotics.vexcode\sdk\cpp\V5\V5_20240802_15_00_00/vexv5\libv5rt.a(v5_apiuser.c.obj)
                0x038066f0                vexMotorReverseFlagSet
 .text.vexMotorEncoderUnitsSet
                0x03806710       0x20 c:\Users\Soren\AppData\Roaming\Code\User\globalStorage\vexrobotics.vexcode\sdk\cpp\V5\V5_20240802_15_00_00/vexv5\libv5rt.a(v5_apiuser.c.obj)
                0x03806710                vexMotorEncoderUnitsSet
 .text.vexMotorBrakeModeSet
                0x03806730       0x20 c:\Users\Soren\AppData\Roaming\Code\User\globalStorage\vexrobotics.vexcode\sdk\cpp\V5\V5_20240802_15_00_00/vexv5\libv5rt.a(v5_apiuser.c.obj)
                0x03806730                vexMotorBrakeModeSet
 .text.vexMotorPositionSet
                0x03806750       0x28 c:\Users\Soren\AppData\Roaming\Code\User\globalStorage\vexrobotics.vexcode\sdk\cpp\V5\V5_20240802_15_00_00/vexv5\libv5rt.a(v5_apiuser.c.obj)
                0x03806750                vexMotorPositionSet
 .text.vexMotorPositionGet
                0x03806778       0x24 c:\Users\Soren\AppData\Roaming\Code\User\globalStorage\vexrobotics.vexcode\sdk\cpp\V5\V5_20240802_15_00_00/vexv5\libv5rt.a(v5_apiuser.c.obj)
                0x03806778                vexMotorPositionGet
 .text.vexMotorRelativeTargetSet
                0x0380679c       0x30 c:\Users\Soren\AppData\Roaming\Code\User\globalStorage\vexrobotics.vexcode\sdk\cpp\V5\V5_20240802_15_00_00/vexv5\libv5rt.a(v5_apiuser.c.obj)
                0x0380679c                vexMotorRelativeTargetSet
 .text.vexMotorGearingSet
                0x038067cc       0x20 c:\Users\Soren\AppData\Roaming\Code\User\globalStorage\vexrobotics.vexcode\sdk\cpp\V5\V5_20240802_15_00_00/vexv5\libv5rt.a(v5_apiuser.c.obj)
                0x038067cc                vexMotorGearingSet
 .text.vexMotorGearingGet
                0x038067ec       0x18 c:\Users\Soren\AppData\Roaming\Code\User\globalStorage\vexrobotics.vexcode\sdk\cpp\V5\V5_20240802_15_00_00/vexv5\libv5rt.a(v5_apiuser.c.obj)
                0x038067ec                vexMotorGearingGet
 .text.vexImuReset
                0x03806804       0x10 c:\Users\Soren\AppData\Roaming\Code\User\globalStorage\vexrobotics.vexcode\sdk\cpp\V5\V5_20240802_15_00_00/vexv5\libv5rt.a(v5_apiuser.c.obj)
                0x03806804                vexImuReset
 .text.vexImuHeadingGet
                0x03806814       0x10 c:\Users\Soren\AppData\Roaming\Code\User\globalStorage\vexrobotics.vexcode\sdk\cpp\V5\V5_20240802_15_00_00/vexv5\libv5rt.a(v5_apiuser.c.obj)
                0x03806814                vexImuHeadingGet
 .text.vexImuDegreesGet
                0x03806824       0x10 c:\Users\Soren\AppData\Roaming\Code\User\globalStorage\vexrobotics.vexcode\sdk\cpp\V5\V5_20240802_15_00_00/vexv5\libv5rt.a(v5_apiuser.c.obj)
                0x03806824                vexImuDegreesGet
 .text.vexImuStatusGet
                0x03806834       0x10 c:\Users\Soren\AppData\Roaming\Code\User\globalStorage\vexrobotics.vexcode\sdk\cpp\V5\V5_20240802_15_00_00/vexv5\libv5rt.a(v5_apiuser.c.obj)
                0x03806834                vexImuStatusGet
 .text.vexAbsEncPositionSet
                0x03806844       0x18 c:\Users\Soren\AppData\Roaming\Code\User\globalStorage\vexrobotics.vexcode\sdk\cpp\V5\V5_20240802_15_00_00/vexv5\libv5rt.a(v5_apiuser.c.obj)
                0x03806844                vexAbsEncPositionSet
 .text.vexAbsEncPositionGet
                0x0380685c       0x10 c:\Users\Soren\AppData\Roaming\Code\User\globalStorage\vexrobotics.vexcode\sdk\cpp\V5\V5_20240802_15_00_00/vexv5\libv5rt.a(v5_apiuser.c.obj)
                0x0380685c                vexAbsEncPositionGet
 .text.vexAbsEncAngleGet
                0x0380686c       0x10 c:\Users\Soren\AppData\Roaming\Code\User\globalStorage\vexrobotics.vexcode\sdk\cpp\V5\V5_20240802_15_00_00/vexv5\libv5rt.a(v5_apiuser.c.obj)
                0x0380686c                vexAbsEncAngleGet
 .text.vexAbsEncReverseFlagSet
                0x0380687c       0x18 c:\Users\Soren\AppData\Roaming\Code\User\globalStorage\vexrobotics.vexcode\sdk\cpp\V5\V5_20240802_15_00_00/vexv5\libv5rt.a(v5_apiuser.c.obj)
                0x0380687c                vexAbsEncReverseFlagSet
 .text.vexAiVisionModeSet
                0x03806894       0x20 c:\Users\Soren\AppData\Roaming\Code\User\globalStorage\vexrobotics.vexcode\sdk\cpp\V5\V5_20240802_15_00_00/vexv5\libv5rt.a(v5_apiuser.c.obj)
                0x03806894                vexAiVisionModeSet
 .text.vexAiVisionObjectCountGet
                0x038068b4       0x18 c:\Users\Soren\AppData\Roaming\Code\User\globalStorage\vexrobotics.vexcode\sdk\cpp\V5\V5_20240802_15_00_00/vexv5\libv5rt.a(v5_apiuser.c.obj)
                0x038068b4                vexAiVisionObjectCountGet
 .text.vexAiVisionObjectGet
                0x038068cc       0x28 c:\Users\Soren\AppData\Roaming\Code\User\globalStorage\vexrobotics.vexcode\sdk\cpp\V5\V5_20240802_15_00_00/vexv5\libv5rt.a(v5_apiuser.c.obj)
                0x038068cc                vexAiVisionObjectGet
 .text.vexAiVisionColorSet