Archive member included because of file (symbol)

c:\Users\Soren\AppData\Roaming\Code\User\globalStorage\vexrobotics.vexcode\sdk\cpp\V5\V5_20240802_15_00_00/vexv5\libv5rt.a(v5_startup.c.obj)
                              (vexStartup)
c:\Users\Soren\AppData\Roaming\Code\User\globalStorage\vexrobotics.vexcode\sdk\cpp\V5\V5_20240802_15_00_00/vexv5\libv5rt.a(v5_util.c.obj)
                              c:\Users\Soren\AppData\Roaming\Code\User\globalStorage\vexrobotics.vexcode\sdk\cpp\V5\V5_20240802_15_00_00/vexv5\libv5rt.a(v5_startup.c.obj) (vexStdlibVersionLinked)
c:\Users\Soren\AppData\Roaming\Code\User\globalStorage\vexrobotics.vexcode\sdk\cpp\V5\V5_20240802_15_00_00/vexv5\libv5rt.a(v5_apijump.c.obj)
                              c:\Users\Soren\AppData\Roaming\Code\User\globalStorage\vexrobotics.vexcode\sdk\cpp\V5\V5_20240802_15_00_00/vexv5\libv5rt.a(v5_startup.c.obj) (vexPrivateApiEnable)
c:\Users\Soren\AppData\Roaming\Code\User\globalStorage\vexrobotics.vexcode\sdk\cpp\V5\V5_20240802_15_00_00/vexv5\libv5rt.a(v5_apiversions.c.obj)
                              c:\Users\Soren\AppData\Roaming\Code\User\globalStorage\vexrobotics.vexcode\sdk\cpp\V5\V5_20240802_15_00_00/vexv5\libv5rt.a(v5_apijump.c.obj) (vexSystemVersion)
c:\Users\Soren\AppData\Roaming\Code\User\globalStorage\vexrobotics.vexcode\sdk\cpp\V5\V5_20240802_15_00_00/vexv5\libv5rt.a(vex_global.cpp.obj)
                              build/src/claw.o (vex::wait(double, vex::timeUnits))
c:\Users\Soren\AppData\Roaming\Code\User\globalStorage\vexrobotics.vexcode\sdk\cpp\V5\V5_20240802_15_00_00/vexv5\libv5rt.a(vex_motor.cpp.obj)
                              build/src/main.o (vex::motor::~motor())
c:\Users\Soren\AppData\Roaming\Code\User\globalStorage\vexrobotics.vexcode\sdk\cpp\V5\V5_20240802_15_00_00/vexv5\libv5rt.a(vex_imu.cpp.obj)
                              build/src/JAR-Template/drive.o (vex::inertial::setRotation(double, vex::rotationUnits))
c:\Users\Soren\AppData\Roaming\Code\User\globalStorage\vexrobotics.vexcode\sdk\cpp\V5\V5_20240802_15_00_00/vexv5\libv5rt.a(vex_rotation.cpp.obj)
                              build/src/main.o (vex::rotation::~rotation())
c:\Users\Soren\AppData\Roaming\Code\User\globalStorage\vexrobotics.vexcode\sdk\cpp\V5\V5_20240802_15_00_00/vexv5\libv5rt.a(vex_controller.cpp.obj)
                              build/src/robot-config.o (vex::controller::~controller())
c:\Users\Soren\AppData\Roaming\Code\User\globalStorage\vexrobotics.vexcode\sdk\cpp\V5\V5_20240802_15_00_00/vexv5\libv5rt.a(vex_task.cpp.obj)
                              build/src/JAR-Template/drive.o (vex::task::task())
c:\Users\Soren\AppData\Roaming\Code\User\globalStorage\vexrobotics.vexcode\sdk\cpp\V5\V5_20240802_15_00_00/vexv5\libv5rt.a(vex_thread.cpp.obj)
                              build/src/main.o (vex::thread::thread(int (*)()))
c:\Users\Soren\AppData\Roaming\Code\User\globalStorage\vexrobotics.vexcode\sdk\cpp\V5\V5_20240802_15_00_00/vexv5\libv5rt.a(vex_event.cpp.obj)
                              c:\Users\Soren\AppData\Roaming\Code\User\globalStorage\vexrobotics.vexcode\sdk\cpp\V5\V5_20240802_15_00_00/vexv5\libv5rt.a(vex_imu.cpp.obj) (vex::event::init(unsigned long, unsigned long, void (*)()))
c:\Users\Soren\AppData\Roaming\Code\User\globalStorage\vexrobotics.vexcode\sdk\cpp\V5\V5_20240802_15_00_00/vexv5\libv5rt.a(vex_mevent.cpp.obj)
                              c:\Users\Soren\AppData\Roaming\Code\User\globalStorage\vexrobotics.vexcode\sdk\cpp\V5\V5_20240802_15_00_00/vexv5\libv5rt.a(vex_controller.cpp.obj) (vex::mevent::mevent(unsigned long, unsigned long))
c:\Users\Soren\AppData\Roaming\Code\User\globalStorage\vexrobotics.vexcode\sdk\cpp\V5\V5_20240802_15_00_00/vexv5\libv5rt.a(vex_brain.cpp.obj)
                              build/src/main.o (vex::brain::lcd::setCursor(long, long))
c:\Users\Soren\AppData\Roaming\Code\User\globalStorage\vexrobotics.vexcode\sdk\cpp\V5\V5_20240802_15_00_00/vexv5\libv5rt.a(vex_competition.cpp.obj)
                              build/src/main.o (vex::competition::competition())
c:\Users\Soren\AppData\Roaming\Code\User\globalStorage\vexrobotics.vexcode\sdk\cpp\V5\V5_20240802_15_00_00/vexv5\libv5rt.a(vex_triport.cpp.obj)
                              build/src/main.o (vex::triport::~triport())
c:\Users\Soren\AppData\Roaming\Code\User\globalStorage\vexrobotics.vexcode\sdk\cpp\V5\V5_20240802_15_00_00/vexv5\libv5rt.a(vex_color.cpp.obj)
                              c:\Users\Soren\AppData\Roaming\Code\User\globalStorage\vexrobotics.vexcode\sdk\cpp\V5\V5_20240802_15_00_00/vexv5\libv5rt.a(vex_brain.cpp.obj) (vex::color::operator unsigned long() const)
c:\Users\Soren\AppData\Roaming\Code\User\globalStorage\vexrobotics.vexcode\sdk\cpp\V5\V5_20240802_15_00_00/vexv5\libv5rt.a(vex_timer.cpp.obj)
                              c:\Users\Soren\AppData\Roaming\Code\User\globalStorage\vexrobotics.vexcode\sdk\cpp\V5\V5_20240802_15_00_00/vexv5\libv5rt.a(vex_brain.cpp.obj) (vex::timer::~timer())
[...]
Memory Configuration

Name             Origin             Length             Attributes
ps7_ddr_0_S_AXI_BASEADDR 0x03800000         0x04800000
*default*        0x00000000         0xffffffff

Linker script and memory map

                0x00002000                _STACK_SIZE = DEFINED (_STACK_SIZE)?_STACK_SIZE:0x2000
                0x00100000                _HEAP_SIZE = DEFINED (_HEAP_SIZE)?_HEAP_SIZE:0x100000
                0x00000400                _ABORT_STACK_SIZE = DEFINED (_ABORT_STACK_SIZE)?_ABORT_STACK_SIZE:0x400
                0x00000800                _SUPERVISOR_STACK_SIZE = DEFINED (_SUPERVISOR_STACK_SIZE)?_SUPERVISOR_STACK_SIZE:0x800
                0x00000400                _IRQ_STACK_SIZE = DEFINED (_IRQ_STACK_SIZE)?_IRQ_STACK_SIZE:0x400
                0x00000400                _FIQ_STACK_SIZE = DEFINED (_FIQ_STACK_SIZE)?_FIQ_STACK_SIZE:0x400
                0x00000400                _UNDEF_STACK_SIZE = DEFINED (_UNDEF_STACK_SIZE)?_UNDEF_STACK_SIZE:0x400

.text           0x03800000     0x6878
 *(.vectors)
 *(.boot_data)
 .boot_data     0x03800000       0x20 c:\Users\Soren\AppData\Roaming\Code\User\globalStorage\vexrobotics.vexcode\sdk\cpp\V5\V5_20240802_15_00_00/vexv5\libv5rt.a(v5_startup.c.obj)
                0x03800000                vexCodeSig
                0x00000020                . = 0x20
 *(.boot)
 .boot          0x03800020       0xbc c:\Users\Soren\AppData\Roaming\Code\User\globalStorage\vexrobotics.vexcode\sdk\cpp\V5\V5_20240802_15_00_00/vexv5\libv5rt.a(v5_startup.c.obj)
                0x03800020                vexStartup
                0x03800100                . = ALIGN (0x40)
 *fill*         0x038000dc       0x24 
 *(.freertos_vectors)
 *(.text)
 *(.text.*)
 .text._ZN8ClawMechC2EN3vex11motor_groupENS0_3ledEfffffff
                0x03800100       0x94 build/src/claw.o
                0x03800100                ClawMech::ClawMech(vex::motor_group, vex::led, float, float, float, float, float, float, float)
                0x03800100                ClawMech::ClawMech(vex::motor_group, vex::led, float, float, float, float, float, float, float)
 .text._ZN8ClawMech6moveToE10CLAWSTATES
                0x03800194      0x170 build/src/claw.o
                0x03800194                ClawMech::moveTo(CLAWSTATES)
 .text._ZN3vex11motor_groupC2IJNS_5motorES2_S2_EEERS2_DpRT_
                0x03800304       0x50 build/src/main.o
                0x03800304                vex::motor_group::motor_group<vex::motor, vex::motor, vex::motor>(vex::motor&, vex::motor&, vex::motor&, vex::motor&)
 .text._ZN5DriveD2Ev
                0x03800354       0x7c build/src/main.o
                0x03800354                Drive::~Drive()
 .text._ZN8ClawMechD2Ev
                0x038003d0       0x24 build/src/main.o
                0x038003d0                ClawMech::~ClawMech()
 .text._Z9pre_autonv
                0x038003f4       0xdc build/src/main.o
                0x038003f4                pre_auton()
 .text._Z10autonomousv
                0x038004d0       0x40 build/src/main.o
                0x038004d0                autonomous()
 .text._Z12goToAlliancev
                0x03800510       0x34 build/src/main.o
                0x03800510                goToAlliance()
 .text._Z11goToDefaultv
                0x03800544       0x4c build/src/main.o
                0x03800544                goToDefault()
 .text._Z9goalClampv
                0x03800590       0x7c build/src/main.o
                0x03800590                goalClamp()
 .text._Z9clampRingv
                0x0380060c       0x54 build/src/main.o
                0x0380060c                clampRing()
 .text._Z9revIntakev
                0x03800660       0x70 build/src/main.o
                0x03800660                revIntake()
 .text._Z11usercontrolv
                0x038006d0      0x2b0 build/src/main.o
                0x038006d0                usercontrol()
 .text.main     0x03800980       0x68 build/src/main.o
                0x03800980                main
 .text._GLOBAL__sub_I_main.cpp
                0x038009e8      0x244 build/src/main.o
 .text._Z17default_constantsv
                0x03800c2c      0x110 build/src/autons.o
                0x03800c2c                default_constants()
 .text._Z13autonMoveClawv
                0x03800d3c       0x64 build/src/autons.o
                0x03800d3c                autonMoveClaw()
 .text._Z19red_right_front_posv
                0x03800da0      0x3a0 build/src/autons.o
                0x03800da0                red_right_front_pos()
 .text._Z27find_Local_Goals_In_My_Areav
                0x03801140      0x108 build/src/ai.o
                0x03801140                find_Local_Goals_In_My_Area()
 .text._Z11vexcodeInitv
                0x03801248        0x4 build/src/robot-config.o
                0x03801248                vexcodeInit()
 .text._GLOBAL__sub_I_robot_config.cpp
                0x0380124c      0x4c8 build/src/robot-config.o
 .text._Z10intakeePIDv
                0x03801714       0xdc build/src/intakee.o
                0x03801714                intakeePID()
 .text._Z7intakeev
                0x038017f0      0x158 build/src/intakee.o
                0x038017f0                intakee()
 .text._Z15reduce_0_to_360f
                0x03801948       0x7c build/src/JAR-Template/util.o
                0x03801948                reduce_0_to_360(float)
 .text._Z26reduce_negative_180_to_180f
                0x038019c4       0x90 build/src/JAR-Template/util.o
                0x038019c4                reduce_negative_180_to_180(float)
 .text._Z5clampfff
                0x03801a54       0x2c build/src/JAR-Template/util.o
                0x03801a54                clamp(float, float, float)
 .text._Z11is_reversedd
                0x03801a80       0x18 build/src/JAR-Template/util.o
                0x03801a80                is_reversed(double)
 .text._Z7to_voltf
                0x03801a98       0x30 build/src/JAR-Template/util.o
                0x03801a98                to_volt(float)
 .text._Z7to_porti
                0x03801ac8       0x10 build/src/JAR-Template/util.o
                0x03801ac8                to_port(int)
 .text._Z8deadbandff
                0x03801ad8       0x28 build/src/JAR-Template/util.o
                0x03801ad8                deadband(float, float)
 .text._ZN4Odom22set_physical_distancesEff
                0x03801b00        0x8 build/src/JAR-Template/odom.o
                0x03801b00                Odom::set_physical_distances(float, float)
 .text._ZN5DriveC2E11drive_setupN3vex11motor_groupES2_ifffiiiiiffiff
                0x03801b08      0x268 build/src/JAR-Template/drive.o
                0x03801b08                Drive::Drive(drive_setup, vex::motor_group, vex::motor_group, int, float, float, float, int, int, int, int, int, float, float, int, float, float)
                0x03801b08                Drive::Drive(drive_setup, vex::motor_group, vex::motor_group, int, float, float, float, int, int, int, int, int, float, float, int, float, float)
 .text._ZN5Drive18drive_with_voltageEff
                0x03801d70       0x6c build/src/JAR-Template/drive.o
                0x03801d70                Drive::drive_with_voltage(float, float)
 .text._ZN5Drive18set_turn_constantsEfffff
                0x03801ddc       0x1c build/src/JAR-Template/drive.o
                0x03801ddc                Drive::set_turn_constants(float, float, float, float, float)
 .text._ZN5Drive19set_drive_constantsEfffff
                0x03801df8       0x1c build/src/JAR-Template/drive.o
                0x03801df8                Drive::set_drive_constants(float, float, float, float, float)
 .text._ZN5Drive21set_heading_constantsEfffff
                0x03801e14       0x1c build/src/JAR-Template/drive.o
                0x03801e14                Drive::set_heading_constants(float, float, float, float, float)
 .text._ZN5Drive19set_swing_constantsEfffff
                0x03801e30       0x1c build/src/JAR-Template/drive.o
                0x03801e30                Drive::set_swing_constants(float, float, float, float, float)
 .text._ZN5Drive24set_turn_exit_conditionsEfff
                0x03801e4c        0xc build/src/JAR-Template/drive.o
                0x03801e4c                Drive::set_turn_exit_conditions(float, float, float)
 .text._ZN5Drive25set_drive_exit_conditionsEfff
                0x03801e58        0xc build/src/JAR-Template/drive.o
                0x03801e58                Drive::set_drive_exit_conditions(float, float, float)
 .text._ZN5Drive25set_swing_exit_conditionsEfff
                0x03801e64        0xc build/src/JAR-Template/drive.o
                0x03801e64                Drive::set_swing_exit_conditions(float, float, float)
 .text._ZN5Drive13turn_to_angleEf
                0x03801e70       0x50 build/src/JAR-Template/drive.o
                0x03801e70                Drive::turn_to_angle(float)
 .text._ZN5Drive13turn_to_angleEfffffffff
                0x03801ec0      0x150 build/src/JAR-Template/drive.o
                0x03801ec0                Drive::turn_to_angle(float, float, float, float, float, float, float, float, float)
 .text._ZN5Drive14drive_distanceEf
                0x03802010       0xc8 build/src/JAR-Template/drive.o
                0x03802010                Drive::drive_distance(float)
 .text._ZN5Drive14drive_distanceEfffffffffffffff
                0x038020d8      0x2c0 build/src/JAR-Template/drive.o
                0x038020d8                Drive::drive_distance(float, float, float, float, float, float, float, float, float, float, float, float, float, float, float)
 .text._ZN5Drive14drive_distanceEffff
                0x03802398       0x74 build/src/JAR-Template/drive.o
                0x03802398                Drive::drive_distance(float, float, float, float)
 *fill*         0x0380240c        0x4 
 .text._ZN5Drive11set_headingEf
                0x03802410       0x50 build/src/JAR-Template/drive.o
                0x03802410                Drive::set_heading(float)
 .text._ZN5Drive14control_arcadeEv
                0x03802460      0x114 build/src/JAR-Template/drive.o
                0x03802460                Drive::control_arcade()
 .text._ZN3PIDC2Efffff
                0x03802574       0x38 build/src/JAR-Template/PID.o
                0x03802574                PID::PID(float, float, float, float, float)
                0x03802574                PID::PID(float, float, float, float, float)
 .text._ZN3PIDC2Effffffff
                0x038025ac       0x50 build/src/JAR-Template/PID.o
                0x038025ac                PID::PID(float, float, float, float, float, float, float, float)
                0x038025ac                PID::PID(float, float, float, float, float, float, float, float)
 .text._ZN3PID7computeEf
                0x038025fc       0xd0 build/src/JAR-Template/PID.o
                0x038025fc                PID::compute(float)
 .text._ZN3PID10is_settledEv
                0x038026cc       0x44 build/src/JAR-Template/PID.o
                0x038026cc                PID::is_settled()
 .text.vexMain  0x03802710       0xb0 c:\Users\Soren\AppData\Roaming\Code\User\globalStorage\vexrobotics.vexcode\sdk\cpp\V5\V5_20240802_15_00_00/vexv5\libv5rt.a(v5_startup.c.obj)
                0x03802710                vexMain
 .text.__vex_function_prolog
                0x038027c0       0x18 c:\Users\Soren\AppData\Roaming\Code\User\globalStorage\vexrobotics.vexcode\sdk\cpp\V5\V5_20240802_15_00_00/vexv5\libv5rt.a(v5_startup.c.obj)
                0x038027c0                __vex_function_prolog
 .text._init    0x038027d8        0x4 c:\Users\Soren\AppData\Roaming\Code\User\globalStorage\vexrobotics.vexcode\sdk\cpp\V5\V5_20240802_15_00_00/vexv5\libv5rt.a(v5_startup.c.obj)
                0x038027d8                _init
 .text._fini    0x038027dc        0x4 c:\Users\Soren\AppData\Roaming\Code\User\globalStorage\vexrobotics.vexcode\sdk\cpp\V5\V5_20240802_15_00_00/vexv5\libv5rt.a(v5_startup.c.obj)
                0x038027dc                _fini
 .text.vexStdlibVersionLinked
                0x038027e0        0xc c:\Users\Soren\AppData\Roaming\Code\User\globalStorage\vexrobotics.vexcode\sdk\cpp\V5\V5_20240802_15_00_00/vexv5\libv5rt.a(v5_util.c.obj)
                0x038027e0                vexStdlibVersionLinked
 .text.vexStdlibVersionVerify
                0x038027ec       0x30 c:\Users\Soren\AppData\Roaming\Code\User\globalStorage\vexrobotics.vexcode\sdk\cpp\V5\V5_20240802_15_00_00/vexv5\libv5rt.a(v5_util.c.obj)
                0x038027ec                vexStdlibVersionVerify
 .text.vexPrivateApiEnable
                0x0380281c       0x10 c:\Users\Soren\AppData\Roaming\Code\User\globalStorage\vexrobotics.vexcode\sdk\cpp\V5\V5_20240802_15_00_00/vexv5\libv5rt.a(v5_apijump.c.obj)
                0x0380281c                vexPrivateApiEnable
 .text.vexStdlibMismatchError
                0x0380282c       0x3c c:\Users\Soren\AppData\Roaming\Code\User\globalStorage\vexrobotics.vexcode\sdk\cpp\V5\V5_20240802_15_00_00/vexv5\libv5rt.a(v5_apijump.c.obj)
                0x0380282c                vexStdlibMismatchError
 .text.vexTaskAdd
                0x03802868       0x10 c:\Users\Soren\AppData\Roaming\Code\User\globalStorage\vexrobotics.vexcode\sdk\cpp\V5\V5_20240802_15_00_00/vexv5\libv5rt.a(v5_apijump.c.obj)
                0x03802868                vexTaskAdd
 .text.vexTasksRun
                0x03802878       0x10 c:\Users\Soren\AppData\Roaming\Code\User\globalStorage\vexrobotics.vexcode\sdk\cpp\V5\V5_20240802_15_00_00/vexv5\libv5rt.a(v5_apijump.c.obj)
                0x03802878                vexTasksRun
 .text.vexTaskYield
                0x03802888       0x10 c:\Users\Soren\AppData\Roaming\Code\User\globalStorage\vexrobotics.vexcode\sdk\cpp\V5\V5_20240802_15_00_00/vexv5\libv5rt.a(v5_apijump.c.obj)
                0x03802888                vexTaskYield
 .text.vexTaskCheckTimeslice
                0x03802898       0x10 c:\Users\Soren\AppData\Roaming\Code\User\globalStorage\vexrobotics.vexcode\sdk\cpp\V5\V5_20240802_15_00_00/vexv5\libv5rt.a(v5_apijump.c.obj)
                0x03802898                vexTaskCheckTimeslice
 .text.vexTaskGetIndex
                0x038028a8       0x10 c:\Users\Soren\AppData\Roaming\Code\User\globalStorage\vexrobotics.vexcode\sdk\cpp\V5\V5_20240802_15_00_00/vexv5\libv5rt.a(v5_apijump.c.obj)
                0x038028a8                vexTaskGetIndex
 .text.vexTaskSleep
                0x038028b8       0x10 c:\Users\Soren\AppData\Roaming\Code\User\globalStorage\vexrobotics.vexcode\sdk\cpp\V5\V5_20240802_15_00_00/vexv5\libv5rt.a(v5_apijump.c.obj)
                0x038028b8                vexTaskSleep
 .text.vexTasksDump
                0x038028c8       0x1c c:\Users\Soren\AppData\Roaming\Code\User\globalStorage\vexrobotics.vexcode\sdk\cpp\V5\V5_20240802_15_00_00/vexv5\libv5rt.a(v5_apijump.c.obj)
                0x038028c8                vexTasksDump
 .text.vexTaskGetTaskIndex
                0x038028e4       0x10 c:\Users\Soren\AppData\Roaming\Code\User\globalStorage\vexrobotics.vexcode\sdk\cpp\V5\V5_20240802_15_00_00/vexv5\libv5rt.a(v5_apijump.c.obj)
                0x038028e4                vexTaskGetTaskIndex
 .text.vexTaskStopAll
                0x038028f4       0x10 c:\Users\Soren\AppData\Roaming\Code\User\globalStorage\vexrobotics.vexcode\sdk\cpp\V5\V5_20240802_15_00_00/vexv5\libv5rt.a(v5_apijump.c.obj)
                0x038028f4                vexTaskStopAll
 .text.vexTaskRemoveAllUser
                0x03802904       0x34 c:\Users\Soren\AppData\Roaming\Code\User\globalStorage\vexrobotics.vexcode\sdk\cpp\V5\V5_20240802_15_00_00/vexv5\libv5rt.a(v5_apijump.c.obj)
                0x03802904                vexTaskRemoveAllUser
 .text.vexTaskCompletionIdSet
                0x03802938       0x10 c:\Users\Soren\AppData\Roaming\Code\User\globalStorage\vexrobotics.vexcode\sdk\cpp\V5\V5_20240802_15_00_00/vexv5\libv5rt.a(v5_apijump.c.obj)
                0x03802938                vexTaskCompletionIdSet
 .text.vexTaskStopWithId
                0x03802948       0x10 c:\Users\Soren\AppData\Roaming\Code\User\globalStorage\vexrobotics.vexcode\sdk\cpp\V5\V5_20240802_15_00_00/vexv5\libv5rt.a(v5_apijump.c.obj)
                0x03802948                vexTaskStopWithId
 .text.vexTaskGetCallbackAndId
                0x03802958       0x54 c:\Users\Soren\AppData\Roaming\Code\User\globalStorage\vexrobotics.vexcode\sdk\cpp\V5\V5_20240802_15_00_00/vexv5\libv5rt.a(v5_apijump.c.obj)
                0x03802958                vexTaskGetCallbackAndId
 .text.vexCriticalSection
                0x038029ac       0x2c c:\Users\Soren\AppData\Roaming\Code\User\globalStorage\vexrobotics.vexcode\sdk\cpp\V5\V5_20240802_15_00_00/vexv5\libv5rt.a(v5_apijump.c.obj)
                0x038029ac                vexCriticalSection
 .text.vexEventAdd
                0x038029d8       0x34 c:\Users\Soren\AppData\Roaming\Code\User\globalStorage\vexrobotics.vexcode\sdk\cpp\V5\V5_20240802_15_00_00/vexv5\libv5rt.a(v5_apijump.c.obj)
                0x038029d8                vexEventAdd
 .text.vexEventUserIndexGet
                0x03802a0c       0x1c c:\Users\Soren\AppData\Roaming\Code\User\globalStorage\vexrobotics.vexcode\sdk\cpp\V5\V5_20240802_15_00_00/vexv5\libv5rt.a(v5_apijump.c.obj)
                0x03802a0c                vexEventUserIndexGet
 .text.vexEventAddWithArg
                0x03802a28       0x3c c:\Users\Soren\AppData\Roaming\Code\User\globalStorage\vexrobotics.vexcode\sdk\cpp\V5\V5_20240802_15_00_00/vexv5\libv5rt.a(v5_apijump.c.obj)
                0x03802a28                vexEventAddWithArg
 .text.vexEventsCleanup
                0x03802a64       0x2c c:\Users\Soren\AppData\Roaming\Code\User\globalStorage\vexrobotics.vexcode\sdk\cpp\V5\V5_20240802_15_00_00/vexv5\libv5rt.a(v5_apijump.c.obj)
                0x03802a64                vexEventsCleanup
 .text.vexDebug
                0x03802a90       0x38 c:\Users\Soren\AppData\Roaming\Code\User\globalStorage\vexrobotics.vexcode\sdk\cpp\V5\V5_20240802_15_00_00/vexv5\libv5rt.a(v5_apijump.c.obj)
                0x03802a90                vexDebug
 .text.vex_sprintf
                0x03802ac8       0x40 c:\Users\Soren\AppData\Roaming\Code\User\globalStorage\vexrobotics.vexcode\sdk\cpp\V5\V5_20240802_15_00_00/vexv5\libv5rt.a(v5_apijump.c.obj)
                0x03802ac8                vex_sprintf
 .text.vex_vsnprintf
                0x03802b08       0x3c c:\Users\Soren\AppData\Roaming\Code\User\globalStorage\vexrobotics.vexcode\sdk\cpp\V5\V5_20240802_15_00_00/vexv5\libv5rt.a(v5_apijump.c.obj)
                0x03802b08                vex_vsnprintf
 .text.vexSystemTimeGet
                0x03802b44       0x1c c:\Users\Soren\AppData\Roaming\Code\User\globalStorage\vexrobotics.vexcode\sdk\cpp\V5\V5_20240802_15_00_00/vexv5\libv5rt.a(v5_apijump.c.obj)
                0x03802b44                vexSystemTimeGet
 .text.vexSystemExitRequest
                0x03802b60       0x1c c:\Users\Soren\AppData\Roaming\Code\User\globalStorage\vexrobotics.vexcode\sdk\cpp\V5\V5_20240802_15_00_00/vexv5\libv5rt.a(v5_apijump.c.obj)
                0x03802b60                vexSystemExitRequest
 .text.vexDeviceGetByIndex
                0x03802b7c       0x24 c:\Users\Soren\AppData\Roaming\Code\User\globalStorage\vexrobotics.vexcode\sdk\cpp\V5\V5_20240802_15_00_00/vexv5\libv5rt.a(v5_apijump.c.obj)
                0x03802b7c                vexDeviceGetByIndex
 .text.vexControllerGet
                0x03802ba0       0x2c c:\Users\Soren\AppData\Roaming\Code\User\globalStorage\vexrobotics.vexcode\sdk\cpp\V5\V5_20240802_15_00_00/vexv5\libv5rt.a(v5_apijump.c.obj)
                0x03802ba0                vexControllerGet
 .text.vexControllerTextSet
                0x03802bcc       0x74 c:\Users\Soren\AppData\Roaming\Code\User\globalStorage\vexrobotics.vexcode\sdk\cpp\V5\V5_20240802_15_00_00/vexv5\libv5rt.a(v5_apijump.c.obj)
                0x03802bcc                vexControllerTextSet
 .text.vexDeviceAdiPortConfigSet
                0x03802c40       0x34 c:\Users\Soren\AppData\Roaming\Code\User\globalStorage\vexrobotics.vexcode\sdk\cpp\V5\V5_20240802_15_00_00/vexv5\libv5rt.a(v5_apijump.c.obj)
                0x03802c40                vexDeviceAdiPortConfigSet
 .text.vexDeviceAdiPortConfigGet
                0x03802c74       0x2c c:\Users\Soren\AppData\Roaming\Code\User\globalStorage\vexrobotics.vexcode\sdk\cpp\V5\V5_20240802_15_00_00/vexv5\libv5rt.a(v5_apijump.c.obj)
                0x03802c74                vexDeviceAdiPortConfigGet
 .text.vexDeviceAdiValueSet
                0x03802ca0       0x34 c:\Users\Soren\AppData\Roaming\Code\User\globalStorage\vexrobotics.vexcode\sdk\cpp\V5\V5_20240802_15_00_00/vexv5\libv5rt.a(v5_apijump.c.obj)
                0x03802ca0                vexDeviceAdiValueSet
 .text.vexDeviceAdiValueGet
                0x03802cd4       0x2c c:\Users\Soren\AppData\Roaming\Code\User\globalStorage\vexrobotics.vexcode\sdk\cpp\V5\V5_20240802_15_00_00/vexv5\libv5rt.a(v5_apijump.c.obj)
                0x03802cd4                vexDeviceAdiValueGet
 .text.vexDeviceMotorVelocitySet
                0x03802d00       0x2c c:\Users\Soren\AppData\Roaming\Code\User\globalStorage\vexrobotics.vexcode\sdk\cpp\V5\V5_20240802_15_00_00/vexv5\libv5rt.a(v5_apijump.c.obj)
                0x03802d00                vexDeviceMotorVelocitySet
 .text.vexDeviceMotorVoltageSet
                0x03802d2c       0x2c c:\Users\Soren\AppData\Roaming\Code\User\globalStorage\vexrobotics.vexcode\sdk\cpp\V5\V5_20240802_15_00_00/vexv5\libv5rt.a(v5_apijump.c.obj)
                0x03802d2c                vexDeviceMotorVoltageSet
 .text.vexDeviceMotorVelocityGet
                0x03802d58       0x24 c:\Users\Soren\AppData\Roaming\Code\User\globalStorage\vexrobotics.vexcode\sdk\cpp\V5\V5_20240802_15_00_00/vexv5\libv5rt.a(v5_apijump.c.obj)
                0x03802d58                vexDeviceMotorVelocityGet
 .text.vexDeviceMotorActualVelocityGet
                0x03802d7c       0x24 c:\Users\Soren\AppData\Roaming\Code\User\globalStorage\vexrobotics.vexcode\sdk\cpp\V5\V5_20240802_15_00_00/vexv5\libv5rt.a(v5_apijump.c.obj)
                0x03802d7c                vexDeviceMotorActualVelocityGet
 .text.vexDeviceMotorModeGet
                0x03802da0       0x24 c:\Users\Soren\AppData\Roaming\Code\User\globalStorage\vexrobotics.vexcode\sdk\cpp\V5\V5_20240802_15_00_00/vexv5\libv5rt.a(v5_apijump.c.obj)
                0x03802da0                vexDeviceMotorModeGet
 .text.vexDeviceMotorZeroPositionFlagGet
                0x03802dc4       0x24 c:\Users\Soren\AppData\Roaming\Code\User\globalStorage\vexrobotics.vexcode\sdk\cpp\V5\V5_20240802_15_00_00/vexv5\libv5rt.a(v5_apijump.c.obj)
                0x03802dc4                vexDeviceMotorZeroPositionFlagGet
 .text.vexDeviceMotorReverseFlagSet
                0x03802de8       0x2c c:\Users\Soren\AppData\Roaming\Code\User\globalStorage\vexrobotics.vexcode\sdk\cpp\V5\V5_20240802_15_00_00/vexv5\libv5rt.a(v5_apijump.c.obj)
                0x03802de8                vexDeviceMotorReverseFlagSet
 .text.vexDeviceMotorEncoderUnitsSet
                0x03802e14       0x2c c:\Users\Soren\AppData\Roaming\Code\User\globalStorage\vexrobotics.vexcode\sdk\cpp\V5\V5_20240802_15_00_00/vexv5\libv5rt.a(v5_apijump.c.obj)
                0x03802e14                vexDeviceMotorEncoderUnitsSet
 .text.vexDeviceMotorBrakeModeSet
                0x03802e40       0x2c c:\Users\Soren\AppData\Roaming\Code\User\globalStorage\vexrobotics.vexcode\sdk\cpp\V5\V5_20240802_15_00_00/vexv5\libv5rt.a(v5_apijump.c.obj)
                0x03802e40                vexDeviceMotorBrakeModeSet
 .text.vexDeviceMotorPositionSet
                0x03802e6c       0x34 c:\Users\Soren\AppData\Roaming\Code\User\globalStorage\vexrobotics.vexcode\sdk\cpp\V5\V5_20240802_15_00_00/vexv5\libv5rt.a(v5_apijump.c.obj)
                0x03802e6c                vexDeviceMotorPositionSet
 .text.vexDeviceMotorPositionGet
                0x03802ea0       0x24 c:\Users\Soren\AppData\Roaming\Code\User\globalStorage\vexrobotics.vexcode\sdk\cpp\V5\V5_20240802_15_00_00/vexv5\libv5rt.a(v5_apijump.c.obj)
                0x03802ea0                vexDeviceMotorPositionGet
 .text.vexDeviceMotorRelativeTargetSet
                0x03802ec4       0x3c c:\Users\Soren\AppData\Roaming\Code\User\globalStorage\vexrobotics.vexcode\sdk\cpp\V5\V5_20240802_15_00_00/vexv5\libv5rt.a(v5_apijump.c.obj)
                0x03802ec4                vexDeviceMotorRelativeTargetSet
 .text.vexDeviceMotorGearingSet
                0x03802f00       0x2c c:\Users\Soren\AppData\Roaming\Code\User\globalStorage\vexrobotics.vexcode\sdk\cpp\V5\V5_20240802_15_00_00/vexv5\libv5rt.a(v5_apijump.c.obj)
                0x03802f00                vexDeviceMotorGearingSet
 .text.vexDeviceMotorGearingGet
                0x03802f2c       0x24 c:\Users\Soren\AppData\Roaming\Code\User\globalStorage\vexrobotics.vexcode\sdk\cpp\V5\V5_20240802_15_00_00/vexv5\libv5rt.a(v5_apijump.c.obj)
                0x03802f2c                vexDeviceMotorGearingGet
 .text.vexDeviceImuReset
                0x03802f50       0x24 c:\Users\Soren\AppData\Roaming\Code\User\globalStorage\vexrobotics.vexcode\sdk\cpp\V5\V5_20240802_15_00_00/vexv5\libv5rt.a(v5_apijump.c.obj)
                0x03802f50                vexDeviceImuReset
 .text.vexDeviceImuHeadingGet
                0x03802f74       0x24 c:\Users\Soren\AppData\Roaming\Code\User\globalStorage\vexrobotics.vexcode\sdk\cpp\V5\V5_20240802_15_00_00/vexv5\libv5rt.a(v5_apijump.c.obj)
                0x03802f74                vexDeviceImuHeadingGet
 .text.vexDeviceImuDegreesGet
                0x03802f98       0x24 c:\Users\Soren\AppData\Roaming\Code\User\globalStorage\vexrobotics.vexcode\sdk\cpp\V5\V5_20240802_15_00_00/vexv5\libv5rt.a(v5_apijump.c.obj)
                0x03802f98                vexDeviceImuDegreesGet
 .text.vexDeviceImuStatusGet
                0x03802fbc       0x24 c:\Users\Soren\AppData\Roaming\Code\User\globalStorage\vexrobotics.vexcode\sdk\cpp\V5\V5_20240802_15_00_00/vexv5\libv5rt.a(v5_apijump.c.obj)
                0x03802fbc                vexDeviceImuStatusGet
 .text.vexDeviceAbsEncPositionSet
                0x03802fe0       0x2c c:\Users\Soren\AppData\Roaming\Code\User\globalStorage\vexrobotics.vexcode\sdk\cpp\V5\V5_20240802_15_00_00/vexv5\libv5rt.a(v5_apijump.c.obj)
                0x03802fe0                vexDeviceAbsEncPositionSet
 .text.vexDeviceAbsEncPositionGet
                0x0380300c       0x24 c:\Users\Soren\AppData\Roaming\Code\User\globalStorage\vexrobotics.vexcode\sdk\cpp\V5\V5_20240802_15_00_00/vexv5\libv5rt.a(v5_apijump.c.obj)
                0x0380300c                vexDeviceAbsEncPositionGet
 .text.vexDeviceAbsEncAngleGet
                0x03803030       0x24 c:\Users\Soren\AppData\Roaming\Code\User\globalStorage\vexrobotics.vexcode\sdk\cpp\V5\V5_20240802_15_00_00/vexv5\libv5rt.a(v5_apijump.c.obj)
                0x03803030                vexDeviceAbsEncAngleGet
 .text.vexDeviceAbsEncReverseFlagSet
                0x03803054       0x2c c:\Users\Soren\AppData\Roaming\Code\User\globalStorage\vexrobotics.vexcode\sdk\cpp\V5\V5_20240802_15_00_00/vexv5\libv5rt.a(v5_apijump.c.obj)
                0x03803054                vexDeviceAbsEncReverseFlagSet
 .text.vexDeviceAiVisionModeSet
                0x03803080       0x40 c:\Users\Soren\AppData\Roaming\Code\User\globalStorage\vexrobotics.vexcode\sdk\cpp\V5\V5_20240802_15_00_00/vexv5\libv5rt.a(v5_apijump.c.obj)
                0x03803080                vexDeviceAiVisionModeSet
 .text.vexDeviceAiVisionObjectCountGet
                0x038030c0       0x40 c:\Users\Soren\AppData\Roaming\Code\User\globalStorage\vexrobotics.vexcode\sdk\cpp\V5\V5_20240802_15_00_00/vexv5\libv5rt.a(v5_apijump.c.obj)
                0x038030c0                vexDeviceAiVisionObjectCountGet
 .text.vexDeviceAiVisionObjectGet
                0x03803100       0x50 c:\Users\Soren\AppData\Roaming\Code\User\globalStorage\vexrobotics.vexcode\sdk\cpp\V5\V5_20240802_15_00_00/vexv5\libv5rt.a(v5_apijump.c.obj)
                0x03803100                vexDeviceAiVisionObjectGet
 .text.vexDeviceAiVisionColorSet
                0x03803150       0x40 c:\Users\Soren\AppData\Roaming\Code\User\globalStorage\vexrobotics.vexcode\sdk\cpp\V5\V5_20240802_15_00_00/vexv5\libv5rt.a(v5_apijump.c.obj)
                0x03803150                vexDeviceAiVisionColorSet
 .text.vexDeviceAiVisionColorGet
                0x03803190       0x50 c:\Users\Soren\AppData\Roaming\Code\User\globalStorage\vexrobotics.vexcode\sdk\cpp\V5\V5_20240802_15_00_00/vexv5\libv5rt.a(v5_apijump.c.obj)
                0x03803190                vexDeviceAiVisionColorGet
 .text.vexDeviceAiVisionStatusGet
                0x038031e0       0x40 c:\Users\Soren\AppData\Roaming\Code\User\globalStorage\vexrobotics.vexcode\sdk\cpp\V5\V5_20240802_15_00_00/vexv5\libv5rt.a(v5_apijump.c.obj)
                0x038031e0                vexDeviceAiVisionStatusGet
 .text.vexDeviceAiVisionClassNameGet
                0x03803220       0x50 c:\Users\Soren\AppData\Roaming\Code\User\globalStorage\vexrobotics.vexcode\sdk\cpp\V5\V5_20240802_15_00_00/vexv5\libv5rt.a(v5_apijump.c.obj)
                0x03803220                vexDeviceAiVisionClassNameGet
 .text.vexDisplayForegroundColor
                0x03803270       0x24 c:\Users\Soren\AppData\Roaming\Code\User\globalStorage\vexrobotics.vexcode\sdk\cpp\V5\V5_20240802_15_00_00/vexv5\libv5rt.a(v5_apijump.c.obj)
                0x03803270                vexDisplayForegroundColor
 .text.vexDisplayBackgroundColor
                0x03803294       0x24 c:\Users\Soren\AppData\Roaming\Code\User\globalStorage\vexrobotics.vexcode\sdk\cpp\V5\V5_20240802_15_00_00/vexv5\libv5rt.a(v5_apijump.c.obj)
                0x03803294                vexDisplayBackgroundColor
 .text.vexDisplayRectClear
                0x038032b8       0x4c c:\Users\Soren\AppData\Roaming\Code\User\globalStorage\vexrobotics.vexcode\sdk\cpp\V5\V5_20240802_15_00_00/vexv5\libv5rt.a(v5_apijump.c.obj)
                0x038032b8                vexDisplayRectClear
 .text.vexDisplayVPrintf
                0x03803304       0x50 c:\Users\Soren\AppData\Roaming\Code\User\globalStorage\vexrobotics.vexcode\sdk\cpp\V5\V5_20240802_15_00_00/vexv5\libv5rt.a(v5_apijump.c.obj)
                0x03803304                vexDisplayVPrintf
 .text.vexDisplayTextReference
                0x03803354       0x24 c:\Users\Soren\AppData\Roaming\Code\User\globalStorage\vexrobotics.vexcode\sdk\cpp\V5\V5_20240802_15_00_00/vexv5\libv5rt.a(v5_apijump.c.obj)
                0x03803354                vexDisplayTextReference
 .text.vexDisplayTextSize
                0x03803378       0x2c c:\Users\Soren\AppData\Roaming\Code\User\globalStorage\vexrobotics.vexcode\sdk\cpp\V5\V5_20240802_15_00_00/vexv5\libv5rt.a(v5_apijump.c.obj)
                0x03803378                vexDisplayTextSize
 .text.vexDisplayFontNamedSet
                0x038033a4       0x24 c:\Users\Soren\AppData\Roaming\Code\User\globalStorage\vexrobotics.vexcode\sdk\cpp\V5\V5_20240802_15_00_00/vexv5\libv5rt.a(v5_apijump.c.obj)
                0x038033a4                vexDisplayFontNamedSet
 .text.vexDisplayStringWidthGet
                0x038033c8       0x24 c:\Users\Soren\AppData\Roaming\Code\User\globalStorage\vexrobotics.vexcode\sdk\cpp\V5\V5_20240802_15_00_00/vexv5\libv5rt.a(v5_apijump.c.obj)
                0x038033c8                vexDisplayStringWidthGet
 .text.vexSystemStdlibImpureDataAddr
                0x038033ec       0x28 c:\Users\Soren\AppData\Roaming\Code\User\globalStorage\vexrobotics.vexcode\sdk\cpp\V5\V5_20240802_15_00_00/vexv5\libv5rt.a(v5_apijump.c.obj)
                0x038033ec                vexSystemStdlibImpureDataAddr
 .text.vexSystemStdlibImpureDataSize
                0x03803414       0x28 c:\Users\Soren\AppData\Roaming\Code\User\globalStorage\vexrobotics.vexcode\sdk\cpp\V5\V5_20240802_15_00_00/vexv5\libv5rt.a(v5_apijump.c.obj)
                0x03803414                vexSystemStdlibImpureDataSize
 .text.vexSystemSaveUserData
                0x0380343c       0x3c c:\Users\Soren\AppData\Roaming\Code\User\globalStorage\vexrobotics.vexcode\sdk\cpp\V5\V5_20240802_15_00_00/vexv5\libv5rt.a(v5_apijump.c.obj)
                0x0380343c                vexSystemSaveUserData
 .text.vexDisplayThemeIdGet
                0x03803478       0x38 c:\Users\Soren\AppData\Roaming\Code\User\globalStorage\vexrobotics.vexcode\sdk\cpp\V5\V5_20240802_15_00_00/vexv5\libv5rt.a(v5_apijump.c.obj)
                0x03803478                vexDisplayThemeIdGet
 .text.vexDeviceEventMaskSet
                0x038034b0       0x48 c:\Users\Soren\AppData\Roaming\Code\User\globalStorage\vexrobotics.vexcode\sdk\cpp\V5\V5_20240802_15_00_00/vexv5\libv5rt.a(v5_apijump.c.obj)
                0x038034b0                vexDeviceEventMaskSet
 .text.vexDeviceEventMaskGet
                0x038034f8       0x3c c:\Users\Soren\AppData\Roaming\Code\User\globalStorage\vexrobotics.vexcode\sdk\cpp\V5\V5_20240802_15_00_00/vexv5\libv5rt.a(v5_apijump.c.obj)
                0x038034f8                vexDeviceEventMaskGet
 .text.vexSystemVersion
                0x03803534       0x10 c:\Users\Soren\AppData\Roaming\Code\User\globalStorage\vexrobotics.vexcode\sdk\cpp\V5\V5_20240802_15_00_00/vexv5\libv5rt.a(v5_apiversions.c.obj)
                0x03803534                vexSystemVersion
 .text.vexStdlibVersion
                0x03803544       0x10 c:\Users\Soren\AppData\Roaming\Code\User\globalStorage\vexrobotics.vexcode\sdk\cpp\V5\V5_20240802_15_00_00/vexv5\libv5rt.a(v5_apiversions.c.obj)
                0x03803544                vexStdlibVersion
 *fill*         0x03803554        0x4 
 .text._ZN3vex4waitEdNS_9timeUnitsE
                0x03803558       0x30 c:\Users\Soren\AppData\Roaming\Code\User\globalStorage\vexrobotics.vexcode\sdk\cpp\V5\V5_20240802_15_00_00/vexv5\libv5rt.a(vex_global.cpp.obj)
                0x03803558                vex::wait(double, vex::timeUnits)
 .text._ZN3vex5motorD2Ev
                0x03803588       0x20 c:\Users\Soren\AppData\Roaming\Code\User\globalStorage\vexrobotics.vexcode\sdk\cpp\V5\V5_20240802_15_00_00/vexv5\libv5rt.a(vex_motor.cpp.obj)
                0x03803588                vex::motor::~motor()
                0x03803588                vex::motor::~motor()
 .text._ZN3vex5motorD0Ev
                0x038035a8       0x1c c:\Users\Soren\AppData\Roaming\Code\User\globalStorage\vexrobotics.vexcode\sdk\cpp\V5\V5_20240802_15_00_00/vexv5\libv5rt.a(vex_motor.cpp.obj)
                0x038035a8                vex::motor::~motor()
 .text._ZN3vex5motor9installedEv
                0x038035c4       0x18 c:\Users\Soren\AppData\Roaming\Code\User\globalStorage\vexrobotics.vexcode\sdk\cpp\V5\V5_20240802_15_00_00/vexv5\libv5rt.a(vex_motor.cpp.obj)
                0x038035c4                vex::motor::installed()
 .text._ZN3vex5motor15defaultStoppingENS_9brakeTypeE
                0x038035dc       0x30 c:\Users\Soren\AppData\Roaming\Code\User\globalStorage\vexrobotics.vexcode\sdk\cpp\V5\V5_20240802_15_00_00/vexv5\libv5rt.a(vex_motor.cpp.obj)
                0x038035dc                vex::motor::defaultStopping(vex::brakeType)
 .text._ZN3vex5motorC2El
                0x0380360c       0x78 c:\Users\Soren\AppData\Roaming\Code\User\globalStorage\vexrobotics.vexcode\sdk\cpp\V5\V5_20240802_15_00_00/vexv5\libv5rt.a(vex_motor.cpp.obj)
                0x0380360c                vex::motor::motor(long)
                0x0380360c                vex::motor::motor(long)
 .text._ZN3vex5motorC2ElNS_11gearSettingEb
                0x03803684       0x34 c:\Users\Soren\AppData\Roaming\Code\User\globalStorage\vexrobotics.vexcode\sdk\cpp\V5\V5_20240802_15_00_00/vexv5\libv5rt.a(vex_motor.cpp.obj)
                0x03803684                vex::motor::motor(long, vex::gearSetting, bool)
                0x03803684                vex::motor::motor(long, vex::gearSetting, bool)
 .text._ZN3vex5motorC2Elb
                0x038036b8       0x24 c:\Users\Soren\AppData\Roaming\Code\User\globalStorage\vexrobotics.vexcode\sdk\cpp\V5\V5_20240802_15_00_00/vexv5\libv5rt.a(vex_motor.cpp.obj)
                0x038036b8                vex::motor::motor(long, bool)
                0x038036b8                vex::motor::motor(long, bool)
 *fill*         0x038036dc        0x4 
 .text._ZN3vex5motor4spinENS_13directionTypeEdNS_12voltageUnitsE
                0x038036e0       0x50 c:\Users\Soren\AppData\Roaming\Code\User\globalStorage\vexrobotics.vexcode\sdk\cpp\V5\V5_20240802_15_00_00/vexv5\libv5rt.a(vex_motor.cpp.obj)
                0x038036e0                vex::motor::spin(vex::directionType, double, vex::voltageUnits)
 .text._ZN3vex5motor14isSpinningModeEv
                0x03803730       0x48 c:\Users\Soren\AppData\Roaming\Code\User\globalStorage\vexrobotics.vexcode\sdk\cpp\V5\V5_20240802_15_00_00/vexv5\libv5rt.a(vex_motor.cpp.obj)
                0x03803730                vex::motor::isSpinningMode()
 .text._ZN3vex5motor10isSpinningEv
                0x03803778       0x44 c:\Users\Soren\AppData\Roaming\Code\User\globalStorage\vexrobotics.vexcode\sdk\cpp\V5\V5_20240802_15_00_00/vexv5\libv5rt.a(vex_motor.cpp.obj)
                0x03803778                vex::motor::isSpinning()
 .text._ZN3vex5motor4stopENS_9brakeTypeE
                0x038037bc       0x30 c:\Users\Soren\AppData\Roaming\Code\User\globalStorage\vexrobotics.vexcode\sdk\cpp\V5\V5_20240802_15_00_00/vexv5\libv5rt.a(vex_motor.cpp.obj)
                0x038037bc                vex::motor::stop(vex::brakeType)
 .text._ZN3vex5motor4stopEv
                0x038037ec        0x8 c:\Users\Soren\AppData\Roaming\Code\User\globalStorage\vexrobotics.vexcode\sdk\cpp\V5\V5_20240802_15_00_00/vexv5\libv5rt.a(vex_motor.cpp.obj)
                0x038037ec                vex::motor::stop()
 .text._ZN3vex5motor16velocityToScaledEdNS_13velocityUnitsE
                0x038037f4       0x5c c:\Users\Soren\AppData\Roaming\Code\User\globalStorage\vexrobotics.vexcode\sdk\cpp\V5\V5_20240802_15_00_00/vexv5\libv5rt.a(vex_motor.cpp.obj)
                0x038037f4                vex::motor::velocityToScaled(double, vex::velocityUnits)
 .text._ZN3vex5motor8velocityENS_13velocityUnitsE
                0x03803850       0x30 c:\Users\Soren\AppData\Roaming\Code\User\globalStorage\vexrobotics.vexcode\sdk\cpp\V5\V5_20240802_15_00_00/vexv5\libv5rt.a(vex_motor.cpp.obj)
                0x03803850                vex::motor::velocity(vex::velocityUnits)
 .text._ZN3vex5motor5valueEv
                0x03803880       0x1c c:\Users\Soren\AppData\Roaming\Code\User\globalStorage\vexrobotics.vexcode\sdk\cpp\V5\V5_20240802_15_00_00/vexv5\libv5rt.a(vex_motor.cpp.obj)
                0x03803880                vex::motor::value()
 .text._ZN3vex5motor16scaledToVelocityEdNS_13velocityUnitsE
                0x0380389c       0xa4 c:\Users\Soren\AppData\Roaming\Code\User\globalStorage\vexrobotics.vexcode\sdk\cpp\V5\V5_20240802_15_00_00/vexv5\libv5rt.a(vex_motor.cpp.obj)
                0x0380389c                vex::motor::scaledToVelocity(double, vex::velocityUnits)
 .text._ZN3vex5motor4spinENS_13directionTypeEdNS_13velocityUnitsE
                0x03803940       0x5c c:\Users\Soren\AppData\Roaming\Code\User\globalStorage\vexrobotics.vexcode\sdk\cpp\V5\V5_20240802_15_00_00/vexv5\libv5rt.a(vex_motor.cpp.obj)
                0x03803940                vex::motor::spin(vex::directionType, double, vex::velocityUnits)
 .text._ZN3vex5motor16setRotationUnitsENS_13rotationUnitsE
                0x0380399c       0x1c c:\Users\Soren\AppData\Roaming\Code\User\globalStorage\vexrobotics.vexcode\sdk\cpp\V5\V5_20240802_15_00_00/vexv5\libv5rt.a(vex_motor.cpp.obj)
                0x0380399c                vex::motor::setRotationUnits(vex::rotationUnits)
 .text._ZN3vex5motor11setPositionEdNS_13rotationUnitsE
                0x038039b8       0x44 c:\Users\Soren\AppData\Roaming\Code\User\globalStorage\vexrobotics.vexcode\sdk\cpp\V5\V5_20240802_15_00_00/vexv5\libv5rt.a(vex_motor.cpp.obj)
                0x038039b8                vex::motor::setPosition(double, vex::rotationUnits)
 .text._ZN3vex5motor13resetPositionEv
                0x038039fc       0x20 c:\Users\Soren\AppData\Roaming\Code\User\globalStorage\vexrobotics.vexcode\sdk\cpp\V5\V5_20240802_15_00_00/vexv5\libv5rt.a(vex_motor.cpp.obj)
                0x038039fc                vex::motor::resetPosition()
 .text._ZN3vex5motor7spinForEdNS_13rotationUnitsEdNS_13velocityUnitsEb
                0x03803a1c       0xf4 c:\Users\Soren\AppData\Roaming\Code\User\globalStorage\vexrobotics.vexcode\sdk\cpp\V5\V5_20240802_15_00_00/vexv5\libv5rt.a(vex_motor.cpp.obj)
                0x03803a1c                vex::motor::spinFor(double, vex::rotationUnits, double, vex::velocityUnits, bool)
 .text._ZN3vex5motor7spinForENS_13directionTypeEdNS_13rotationUnitsEdNS_13velocityUnitsEb
                0x03803b10       0x34 c:\Users\Soren\AppData\Roaming\Code\User\globalStorage\vexrobotics.vexcode\sdk\cpp\V5\V5_20240802_15_00_00/vexv5\libv5rt.a(vex_motor.cpp.obj)
                0x03803b10                vex::motor::spinFor(vex::directionType, double, vex::rotationUnits, double, vex::velocityUnits, bool)
 .text._ZN3vex5motor8positionENS_13rotationUnitsE
                0x03803b44       0x44 c:\Users\Soren\AppData\Roaming\Code\User\globalStorage\vexrobotics.vexcode\sdk\cpp\V5\V5_20240802_15_00_00/vexv5\libv5rt.a(vex_motor.cpp.obj)
                0x03803b44                vex::motor::position(vex::rotationUnits)
 .text._ZN3vex8inertial11getTurnTypeEv
                0x03803b88        0x8 c:\Users\Soren\AppData\Roaming\Code\User\globalStorage\vexrobotics.vexcode\sdk\cpp\V5\V5_20240802_15_00_00/vexv5\libv5rt.a(vex_imu.cpp.obj)
                0x03803b88                vex::inertial::getTurnType()
 .text._ZThn16_N3vex8inertial11getTurnTypeEv
                0x03803b90        0x8 c:\Users\Soren\AppData\Roaming\Code\User\globalStorage\vexrobotics.vexcode\sdk\cpp\V5\V5_20240802_15_00_00/vexv5\libv5rt.a(vex_imu.cpp.obj)
                0x03803b90                non-virtual thunk to vex::inertial::getTurnType()
 .text._ZN3vex8inertial10setHeadingEdNS_13rotationUnitsE
                0x03803b98       0x58 c:\Users\Soren\AppData\Roaming\Code\User\globalStorage\vexrobotics.vexcode\sdk\cpp\V5\V5_20240802_15_00_00/vexv5\libv5rt.a(vex_imu.cpp.obj)
                0x03803b98                vex::inertial::setHeading(double, vex::rotationUnits)
 .text._ZThn16_N3vex8inertial10setHeadingEdNS_13rotationUnitsE
                0x03803bf0        0x8 c:\Users\Soren\AppData\Roaming\Code\User\globalStorage\vexrobotics.vexcode\sdk\cpp\V5\V5_20240802_15_00_00/vexv5\libv5rt.a(vex_imu.cpp.obj)
                0x03803bf0                non-virtual thunk to vex::inertial::setHeading(double, vex::rotationUnits)
 .text._ZN3vex8inertial11setRotationEdNS_13rotationUnitsE
                0x03803bf8       0x58 c:\Users\Soren\AppData\Roaming\Code\User\globalStorage\vexrobotics.vexcode\sdk\cpp\V5\V5_20240802_15_00_00/vexv5\libv5rt.a(vex_imu.cpp.obj)
                0x03803bf8                vex::inertial::setRotation(double, vex::rotationUnits)
 .text._ZThn16_N3vex8inertial11setRotationEdNS_13rotationUnitsE
                0x03803c50        0x8 c:\Users\Soren\AppData\Roaming\Code\User\globalStorage\vexrobotics.vexcode\sdk\cpp\V5\V5_20240802_15_00_00/vexv5\libv5rt.a(vex_imu.cpp.obj)
                0x03803c50                non-virtual thunk to vex::inertial::setRotation(double, vex::rotationUnits)
 .text._ZN3vex8inertialD2Ev
                0x03803c58       0x20 c:\Users\Soren\AppData\Roaming\Code\User\globalStorage\vexrobotics.vexcode\sdk\cpp\V5\V5_20240802_15_00_00/vexv5\libv5rt.a(vex_imu.cpp.obj)
                0x03803c58                vex::inertial::~inertial()
                0x03803c58                vex::inertial::~inertial()
 .text._ZThn16_N3vex8inertialD1Ev
                0x03803c78        0x8 c:\Users\Soren\AppData\Roaming\Code\User\globalStorage\vexrobotics.vexcode\sdk\cpp\V5\V5_20240802_15_00_00/vexv5\libv5rt.a(vex_imu.cpp.obj)
                0x03803c78                non-virtual thunk to vex::inertial::~inertial()
 .text._ZN3vex8inertialD0Ev
                0x03803c80       0x1c c:\Users\Soren\AppData\Roaming\Code\User\globalStorage\vexrobotics.vexcode\sdk\cpp\V5\V5_20240802_15_00_00/vexv5\libv5rt.a(vex_imu.cpp.obj)
                0x03803c80                vex::inertial::~inertial()
 .text._ZThn16_N3vex8inertialD0Ev
                0x03803c9c        0x8 c:\Users\Soren\AppData\Roaming\Code\User\globalStorage\vexrobotics.vexcode\sdk\cpp\V5\V5_20240802_15_00_00/vexv5\libv5rt.a(vex_imu.cpp.obj)
                0x03803c9c                non-virtual thunk to vex::inertial::~inertial()
 .text._ZN3vex8inertial9installedEv
                0x03803ca4       0x18 c:\Users\Soren\AppData\Roaming\Code\User\globalStorage\vexrobotics.vexcode\sdk\cpp\V5\V5_20240802_15_00_00/vexv5\libv5rt.a(vex_imu.cpp.obj)
                0x03803ca4                vex::inertial::installed()
 .text._ZN3vex8inertial5angleENS_13rotationUnitsE
                0x03803cbc       0x6c c:\Users\Soren\AppData\Roaming\Code\User\globalStorage\vexrobotics.vexcode\sdk\cpp\V5\V5_20240802_15_00_00/vexv5\libv5rt.a(vex_imu.cpp.obj)
                0x03803cbc                vex::inertial::angle(vex::rotationUnits)
 .text._ZThn16_N3vex8inertial5angleENS_13rotationUnitsE
                0x03803d28        0x8 c:\Users\Soren\AppData\Roaming\Code\User\globalStorage\vexrobotics.vexcode\sdk\cpp\V5\V5_20240802_15_00_00/vexv5\libv5rt.a(vex_imu.cpp.obj)
                0x03803d28                non-virtual thunk to vex::inertial::angle(vex::rotationUnits)
 .text._ZN3vex8inertial7headingENS_13rotationUnitsE
                0x03803d30        0x4 c:\Users\Soren\AppData\Roaming\Code\User\globalStorage\vexrobotics.vexcode\sdk\cpp\V5\V5_20240802_15_00_00/vexv5\libv5rt.a(vex_imu.cpp.obj)
                0x03803d30                vex::inertial::heading(vex::rotationUnits)
 .text._ZThn16_N3vex8inertial7headingENS_13rotationUnitsE
                0x03803d34        0x8 c:\Users\Soren\AppData\Roaming\Code\User\globalStorage\vexrobotics.vexcode\sdk\cpp\V5\V5_20240802_15_00_00/vexv5\libv5rt.a(vex_imu.cpp.obj)
                0x03803d34                non-virtual thunk to vex::inertial::heading(vex::rotationUnits)
 .text._ZN3vex8inertial5valueEv
                0x03803d3c       0x1c c:\Users\Soren\AppData\Roaming\Code\User\globalStorage\vexrobotics.vexcode\sdk\cpp\V5\V5_20240802_15_00_00/vexv5\libv5rt.a(vex_imu.cpp.obj)
                0x03803d3c                vex::inertial::value()
 .text._ZN3vex8inertial8rotationENS_13rotationUnitsE
                0x03803d58       0x48 c:\Users\Soren\AppData\Roaming\Code\User\globalStorage\vexrobotics.vexcode\sdk\cpp\V5\V5_20240802_15_00_00/vexv5\libv5rt.a(vex_imu.cpp.obj)
                0x03803d58                vex::inertial::rotation(vex::rotationUnits)
 .text._ZThn16_N3vex8inertial8rotationENS_13rotationUnitsE
                0x03803da0        0x8 c:\Users\Soren\AppData\Roaming\Code\User\globalStorage\vexrobotics.vexcode\sdk\cpp\V5\V5_20240802_15_00_00/vexv5\libv5rt.a(vex_imu.cpp.obj)
                0x03803da0                non-virtual thunk to vex::inertial::rotation(vex::rotationUnits)
 .text._ZN3vex8inertial13isCalibratingEv
                0x03803da8       0x38 c:\Users\Soren\AppData\Roaming\Code\User\globalStorage\vexrobotics.vexcode\sdk\cpp\V5\V5_20240802_15_00_00/vexv5\libv5rt.a(vex_imu.cpp.obj)
                0x03803da8                vex::inertial::isCalibrating()
 .text._ZThn16_N3vex8inertial13isCalibratingEv
                0x03803de0        0x8 c:\Users\Soren\AppData\Roaming\Code\User\globalStorage\vexrobotics.vexcode\sdk\cpp\V5\V5_20240802_15_00_00/vexv5\libv5rt.a(vex_imu.cpp.obj)
                0x03803de0                non-virtual thunk to vex::inertial::isCalibrating()
 .text._ZN3vex8inertialC2ElNS_8turnTypeE
                0x03803de8       0x4c c:\Users\Soren\AppData\Roaming\Code\User\globalStorage\vexrobotics.vexcode\sdk\cpp\V5\V5_20240802_15_00_00/vexv5\libv5rt.a(vex_imu.cpp.obj)
                0x03803de8                vex::inertial::inertial(long, vex::turnType)
                0x03803de8                vex::inertial::inertial(long, vex::turnType)
 .text._ZN3vex8inertial16startCalibrationEl
                0x03803e34       0x20 c:\Users\Soren\AppData\Roaming\Code\User\globalStorage\vexrobotics.vexcode\sdk\cpp\V5\V5_20240802_15_00_00/vexv5\libv5rt.a(vex_imu.cpp.obj)
                0x03803e34                vex::inertial::startCalibration(long)
 .text._ZN3vex8inertial9calibrateEl
                0x03803e54        0xc c:\Users\Soren\AppData\Roaming\Code\User\globalStorage\vexrobotics.vexcode\sdk\cpp\V5\V5_20240802_15_00_00/vexv5\libv5rt.a(vex_imu.cpp.obj)
                0x03803e54                vex::inertial::calibrate(long)
                0x03803e58                non-virtual thunk to vex::inertial::calibrate(long)
 .text._ZN3vex8rotationD2Ev
                0x03803e60       0x20 c:\Users\Soren\AppData\Roaming\Code\User\globalStorage\vexrobotics.vexcode\sdk\cpp\V5\V5_20240802_15_00_00/vexv5\libv5rt.a(vex_rotation.cpp.obj)
                0x03803e60                vex::rotation::~rotation()
                0x03803e60                vex::rotation::~rotation()
 .text._ZN3vex8rotationD0Ev
                0x03803e80       0x1c c:\Users\Soren\AppData\Roaming\Code\User\globalStorage\vexrobotics.vexcode\sdk\cpp\V5\V5_20240802_15_00_00/vexv5\libv5rt.a(vex_rotation.cpp.obj)
                0x03803e80                vex::rotation::~rotation()
 .text._ZN3vex8rotation9installedEv
                0x03803e9c       0x18 c:\Users\Soren\AppData\Roaming\Code\User\globalStorage\vexrobotics.vexcode\sdk\cpp\V5\V5_20240802_15_00_00/vexv5\libv5rt.a(vex_rotation.cpp.obj)
                0x03803e9c                vex::rotation::installed()
 .text._ZN3vex8rotation5valueEv
                0x03803eb4        0x8 c:\Users\Soren\AppData\Roaming\Code\User\globalStorage\vexrobotics.vexcode\sdk\cpp\V5\V5_20240802_15_00_00/vexv5\libv5rt.a(vex_rotation.cpp.obj)
                0x03803eb4                vex::rotation::value()
 .text._ZN3vex8rotationC2Elb
                0x03803ebc       0x30 c:\Users\Soren\AppData\Roaming\Code\User\globalStorage\vexrobotics.vexcode\sdk\cpp\V5\V5_20240802_15_00_00/vexv5\libv5rt.a(vex_rotation.cpp.obj)
                0x03803ebc                vex::rotation::rotation(long, bool)
                0x03803ebc                vex::rotation::rotation(long, bool)
 *fill*         0x03803eec        0x4 
 .text._ZN3vex8rotation11setPositionEdNS_13rotationUnitsE
                0x03803ef0       0x48 c:\Users\Soren\AppData\Roaming\Code\User\globalStorage\vexrobotics.vexcode\sdk\cpp\V5\V5_20240802_15_00_00/vexv5\libv5rt.a(vex_rotation.cpp.obj)
                0x03803ef0                vex::rotation::setPosition(double, vex::rotationUnits)
 .text._ZN3vex8rotation8positionENS_13rotationUnitsE
                0x03803f38       0x50 c:\Users\Soren\AppData\Roaming\Code\User\globalStorage\vexrobotics.vexcode\sdk\cpp\V5\V5_20240802_15_00_00/vexv5\libv5rt.a(vex_rotation.cpp.obj)
                0x03803f38                vex::rotation::position(vex::rotationUnits)
 .text._ZN3vex10controllerD2Ev
                0x03803f88        0x4 c:\Users\Soren\AppData\Roaming\Code\User\globalStorage\vexrobotics.vexcode\sdk\cpp\V5\V5_20240802_15_00_00/vexv5\libv5rt.a(vex_controller.cpp.obj)
                0x03803f88                vex::controller::~controller()
                0x03803f88                vex::controller::~controller()
 .text._ZN3vex10controller5valueE19_V5_ControllerIndex
                0x03803f8c        0x8 c:\Users\Soren\AppData\Roaming\Code\User\globalStorage\vexrobotics.vexcode\sdk\cpp\V5\V5_20240802_15_00_00/vexv5\libv5rt.a(vex_controller.cpp.obj)
                0x03803f8c                vex::controller::value(_V5_ControllerIndex)
 .text._ZN3vex10controller6rumbleEPKc
                0x03803f94       0x4c c:\Users\Soren\AppData\Roaming\Code\User\globalStorage\vexrobotics.vexcode\sdk\cpp\V5\V5_20240802_15_00_00/vexv5\libv5rt.a(vex_controller.cpp.obj)
                0x03803f94                vex::controller::rumble(char const*)
 .text._ZNK3vex10controller6button8pressingEv
                0x03803fe0       0xc8 c:\Users\Soren\AppData\Roaming\Code\User\globalStorage\vexrobotics.vexcode\sdk\cpp\V5\V5_20240802_15_00_00/vexv5\libv5rt.a(vex_controller.cpp.obj)
                0x03803fe0                vex::controller::button::pressing() const
 .text._ZNK3vex10controller6button7pressedEPFvvE
                0x038040a8      0x108 c:\Users\Soren\AppData\Roaming\Code\User\globalStorage\vexrobotics.vexcode\sdk\cpp\V5\V5_20240802_15_00_00/vexv5\libv5rt.a(vex_controller.cpp.obj)
                0x038040a8                vex::controller::button::pressed(void (*)()) const
 .text._ZNK3vex10controller6button21_buttonToPressedEventEv
                0x038041b0       0x20 c:\Users\Soren\AppData\Roaming\Code\User\globalStorage\vexrobotics.vexcode\sdk\cpp\V5\V5_20240802_15_00_00/vexv5\libv5rt.a(vex_controller.cpp.obj)
                0x038041b0                vex::controller::button::_buttonToPressedEvent() const
 .text._ZNK3vex10controller6button22_buttonToReleasedEventEv
                0x038041d0       0x20 c:\Users\Soren\AppData\Roaming\Code\User\globalStorage\vexrobotics.vexcode\sdk\cpp\V5\V5_20240802_15_00_00/vexv5\libv5rt.a(vex_controller.cpp.obj)
                0x038041d0                vex::controller::button::_buttonToReleasedEvent() const
 .text._ZN3vex10controller6buttonC2ENS0_11tButtonTypeEPS0_
                0x038041f0       0x48 c:\Users\Soren\AppData\Roaming\Code\User\globalStorage\vexrobotics.vexcode\sdk\cpp\V5\V5_20240802_15_00_00/vexv5\libv5rt.a(vex_controller.cpp.obj)
                0x038041f0                vex::controller::button::button(vex::controller::tButtonType, vex::controller*)
                0x038041f0                vex::controller::button::button(vex::controller::tButtonType, vex::controller*)
 .text._ZNK3vex10controller4axis5valueEv
                0x03804238       0x58 c:\Users\Soren\AppData\Roaming\Code\User\globalStorage\vexrobotics.vexcode\sdk\cpp\V5\V5_20240802_15_00_00/vexv5\libv5rt.a(vex_controller.cpp.obj)
                0x03804238                vex::controller::axis::value() const
 .text._ZNK3vex10controller4axis23_joystickToChangedEventEv
                0x03804290       0x20 c:\Users\Soren\AppData\Roaming\Code\User\globalStorage\vexrobotics.vexcode\sdk\cpp\V5\V5_20240802_15_00_00/vexv5\libv5rt.a(vex_controller.cpp.obj)
                0x03804290                vex::controller::axis::_joystickToChangedEvent() const
 .text._ZN3vex10controller4axisC2ENS0_9tAxisTypeEPS0_
                0x038042b0       0x2c c:\Users\Soren\AppData\Roaming\Code\User\globalStorage\vexrobotics.vexcode\sdk\cpp\V5\V5_20240802_15_00_00/vexv5\libv5rt.a(vex_controller.cpp.obj)
                0x038042b0                vex::controller::axis::axis(vex::controller::tAxisType, vex::controller*)
                0x038042b0                vex::controller::axis::axis(vex::controller::tAxisType, vex::controller*)
 .text._ZN3vex10controllerC2ENS_14controllerTypeE
                0x038042dc      0x16c c:\Users\Soren\AppData\Roaming\Code\User\globalStorage\vexrobotics.vexcode\sdk\cpp\V5\V5_20240802_15_00_00/vexv5\libv5rt.a(vex_controller.cpp.obj)
                0x038042dc                vex::controller::controller(vex::controllerType)
                0x038042dc                vex::controller::controller(vex::controllerType)
 .text._ZN3vex4taskC2Ev
                0x03804448       0x28 c:\Users\Soren\AppData\Roaming\Code\User\globalStorage\vexrobotics.vexcode\sdk\cpp\V5\V5_20240802_15_00_00/vexv5\libv5rt.a(vex_task.cpp.obj)
                0x03804448                vex::task::task()
                0x03804448                vex::task::task()
 .text._ZN3vex4taskC2EPFivE
                0x03804470       0x5c c:\Users\Soren\AppData\Roaming\Code\User\globalStorage\vexrobotics.vexcode\sdk\cpp\V5\V5_20240802_15_00_00/vexv5\libv5rt.a(vex_task.cpp.obj)
                0x03804470                vex::task::task(int (*)())
                0x03804470                vex::task::task(int (*)())
 .text._ZN3vex4taskD2Ev
                0x038044cc        0x4 c:\Users\Soren\AppData\Roaming\Code\User\globalStorage\vexrobotics.vexcode\sdk\cpp\V5\V5_20240802_15_00_00/vexv5\libv5rt.a(vex_task.cpp.obj)
                0x038044cc                vex::task::~task()
                0x038044cc                vex::task::~task()
 .text._ZN3vex4task4stopEPvi
                0x038044d0       0x1c c:\Users\Soren\AppData\Roaming\Code\User\globalStorage\vexrobotics.vexcode\sdk\cpp\V5\V5_20240802_15_00_00/vexv5\libv5rt.a(vex_task.cpp.obj)
                0x038044d0                vex::task::stop(void*, int)
 .text._ZN3vex4task5sleepEm
                0x038044ec        0x4 c:\Users\Soren\AppData\Roaming\Code\User\globalStorage\vexrobotics.vexcode\sdk\cpp\V5\V5_20240802_15_00_00/vexv5\libv5rt.a(vex_task.cpp.obj)
                0x038044ec                vex::task::sleep(unsigned long)
 .text._ZN3vex4task6_indexEPFivE
                0x038044f0       0x14 c:\Users\Soren\AppData\Roaming\Code\User\globalStorage\vexrobotics.vexcode\sdk\cpp\V5\V5_20240802_15_00_00/vexv5\libv5rt.a(vex_task.cpp.obj)
                0x038044f0                vex::task::_index(int (*)())
 .text._ZN3vex4task8_stopAllEv
                0x03804504       0x3c c:\Users\Soren\AppData\Roaming\Code\User\globalStorage\vexrobotics.vexcode\sdk\cpp\V5\V5_20240802_15_00_00/vexv5\libv5rt.a(vex_task.cpp.obj)
                0x03804504                vex::task::_stopAll()
 .text._ZN3vex6threadC2EPFivE
                0x03804540       0x5c c:\Users\Soren\AppData\Roaming\Code\User\globalStorage\vexrobotics.vexcode\sdk\cpp\V5\V5_20240802_15_00_00/vexv5\libv5rt.a(vex_thread.cpp.obj)
                0x03804540                vex::thread::thread(int (*)())
                0x03804540                vex::thread::thread(int (*)())
 .text._ZN3vex6threadD2Ev
                0x0380459c        0x4 c:\Users\Soren\AppData\Roaming\Code\User\globalStorage\vexrobotics.vexcode\sdk\cpp\V5\V5_20240802_15_00_00/vexv5\libv5rt.a(vex_thread.cpp.obj)
                0x0380459c                vex::thread::~thread()
                0x0380459c                vex::thread::~thread()
 .text._ZN3vex11this_thread9sleep_forEm
                0x038045a0        0x4 c:\Users\Soren\AppData\Roaming\Code\User\globalStorage\vexrobotics.vexcode\sdk\cpp\V5\V5_20240802_15_00_00/vexv5\libv5rt.a(vex_thread.cpp.obj)
                0x038045a0                vex::this_thread::sleep_for(unsigned long)
 .text._ZN3vex5event4initEmmPFvvE
                0x038045a4        0x4 c:\Users\Soren\AppData\Roaming\Code\User\globalStorage\vexrobotics.vexcode\sdk\cpp\V5\V5_20240802_15_00_00/vexv5\libv5rt.a(vex_event.cpp.obj)
                0x038045a4                vex::event::init(unsigned long, unsigned long, void (*)())
 .text._ZN3vex5event4initEmmPFvPvES1_
                0x038045a8        0x4 c:\Users\Soren\AppData\Roaming\Code\User\globalStorage\vexrobotics.vexcode\sdk\cpp\V5\V5_20240802_15_00_00/vexv5\libv5rt.a(vex_event.cpp.obj)
                0x038045a8                vex::event::init(unsigned long, unsigned long, void (*)(void*), void*)
 .text._ZN3vex5event9userindexEv
                0x038045ac        0x4 c:\Users\Soren\AppData\Roaming\Code\User\globalStorage\vexrobotics.vexcode\sdk\cpp\V5\V5_20240802_15_00_00/vexv5\libv5rt.a(vex_event.cpp.obj)
                0x038045ac                vex::event::userindex()
 .text._ZZN3vex6meventC4EmmENUlvE_4_FUNEv
                0x038045b0        0x4 c:\Users\Soren\AppData\Roaming\Code\User\globalStorage\vexrobotics.vexcode\sdk\cpp\V5\V5_20240802_15_00_00/vexv5\libv5rt.a(vex_mevent.cpp.obj)
 .text._ZN3vex6meventC2Emm
                0x038045b4       0x70 c:\Users\Soren\AppData\Roaming\Code\User\globalStorage\vexrobotics.vexcode\sdk\cpp\V5\V5_20240802_15_00_00/vexv5\libv5rt.a(vex_mevent.cpp.obj)
                0x038045b4                vex::mevent::mevent(unsigned long, unsigned long)
                0x038045b4                vex::mevent::mevent(unsigned long, unsigned long)
 .text._ZN3vex5brain9_getIndexEv
                0x03804624       0x10 c:\Users\Soren\AppData\Roaming\Code\User\globalStorage\vexrobotics.vexcode\sdk\cpp\V5\V5_20240802_15_00_00/vexv5\libv5rt.a(vex_brain.cpp.obj)
                0x03804624                vex::brain::_getIndex()
 .text._ZN3vex5brain3lcd9setCursorEll
                0x03804634       0x44 c:\Users\Soren\AppData\Roaming\Code\User\globalStorage\vexrobotics.vexcode\sdk\cpp\V5\V5_20240802_15_00_00/vexv5\libv5rt.a(vex_brain.cpp.obj)
                0x03804634                vex::brain::lcd::setCursor(long, long)
 .text._ZN3vex5brain3lcd7setFontENS_8fontTypeE
                0x03804678      0x23c c:\Users\Soren\AppData\Roaming\Code\User\globalStorage\vexrobotics.vexcode\sdk\cpp\V5\V5_20240802_15_00_00/vexv5\libv5rt.a(vex_brain.cpp.obj)
                0x03804678                vex::brain::lcd::setFont(vex::fontType)
 .text._ZN3vex5brain3lcdC2Ev
                0x038048b4       0x94 c:\Users\Soren\AppData\Roaming\Code\User\globalStorage\vexrobotics.vexcode\sdk\cpp\V5\V5_20240802_15_00_00/vexv5\libv5rt.a(vex_brain.cpp.obj)
                0x038048b4                vex::brain::lcd::lcd()
                0x038048b4                vex::brain::lcd::lcd()
 .text._ZN3vex5brainC2Ev
                0x03804948       0x3c c:\Users\Soren\AppData\Roaming\Code\User\globalStorage\vexrobotics.vexcode\sdk\cpp\V5\V5_20240802_15_00_00/vexv5\libv5rt.a(vex_brain.cpp.obj)
                0x03804948                vex::brain::brain()
                0x03804948                vex::brain::brain()
 .text._ZN3vex5brain3lcd7newLineEv
                0x03804984       0x20 c:\Users\Soren\AppData\Roaming\Code\User\globalStorage\vexrobotics.vexcode\sdk\cpp\V5\V5_20240802_15_00_00/vexv5\libv5rt.a(vex_brain.cpp.obj)
                0x03804984                vex::brain::lcd::newLine()
 .text._ZN3vex5brain3lcd10rowToPixelEl
                0x038049a4       0x34 c:\Users\Soren\AppData\Roaming\Code\User\globalStorage\vexrobotics.vexcode\sdk\cpp\V5\V5_20240802_15_00_00/vexv5\libv5rt.a(vex_brain.cpp.obj)
                0x038049a4                vex::brain::lcd::rowToPixel(long)
 .text._ZN3vex5brain3lcd9clearLineEv
                0x038049d8       0x38 c:\Users\Soren\AppData\Roaming\Code\User\globalStorage\vexrobotics.vexcode\sdk\cpp\V5\V5_20240802_15_00_00/vexv5\libv5rt.a(vex_brain.cpp.obj)
                0x038049d8                vex::brain::lcd::clearLine()
 .text._ZN3vex5brain3lcd5printEPKcz
                0x03804a10       0xb8 c:\Users\Soren\AppData\Roaming\Code\User\globalStorage\vexrobotics.vexcode\sdk\cpp\V5\V5_20240802_15_00_00/vexv5\libv5rt.a(vex_brain.cpp.obj)
                0x03804a10                vex::brain::lcd::print(char const*, ...)
 .text._ZN3vex5brainD2Ev
                0x03804ac8       0x20 c:\Users\Soren\AppData\Roaming\Code\User\globalStorage\vexrobotics.vexcode\sdk\cpp\V5\V5_20240802_15_00_00/vexv5\libv5rt.a(vex_brain.cpp.obj)
                0x03804ac8                vex::brain::~brain()
                0x03804ac8                vex::brain::~brain()
 .text._ZN3vex11competition8_disableEPv
                0x03804ae8       0xa4 c:\Users\Soren\AppData\Roaming\Code\User\globalStorage\vexrobotics.vexcode\sdk\cpp\V5\V5_20240802_15_00_00/vexv5\libv5rt.a(vex_competition.cpp.obj)
                0x03804ae8                vex::competition::_disable(void*)
 .text._ZN3vex11competition11_autonomousEv
                0x03804b8c       0x80 c:\Users\Soren\AppData\Roaming\Code\User\globalStorage\vexrobotics.vexcode\sdk\cpp\V5\V5_20240802_15_00_00/vexv5\libv5rt.a(vex_competition.cpp.obj)
                0x03804b8c                vex::competition::_autonomous()
 .text._ZN3vex11competition14_drivercontrolEv
                0x03804c0c       0x80 c:\Users\Soren\AppData\Roaming\Code\User\globalStorage\vexrobotics.vexcode\sdk\cpp\V5\V5_20240802_15_00_00/vexv5\libv5rt.a(vex_competition.cpp.obj)
                0x03804c0c                vex::competition::_drivercontrol()
 .text._ZN3vex11competitionC2Ev
                0x03804c8c      0x13c c:\Users\Soren\AppData\Roaming\Code\User\globalStorage\vexrobotics.vexcode\sdk\cpp\V5\V5_20240802_15_00_00/vexv5\libv5rt.a(vex_competition.cpp.obj)
                0x03804c8c                vex::competition::competition()
                0x03804c8c                vex::competition::competition()
 .text._ZN3vex11competitionD2Ev
                0x03804dc8        0x4 c:\Users\Soren\AppData\Roaming\Code\User\globalStorage\vexrobotics.vexcode\sdk\cpp\V5\V5_20240802_15_00_00/vexv5\libv5rt.a(vex_competition.cpp.obj)
                0x03804dc8                vex::competition::~competition()
                0x03804dc8                vex::competition::~competition()
 .text._ZN3vex11competition10autonomousEPFvvE
                0x03804dcc       0x44 c:\Users\Soren\AppData\Roaming\Code\User\globalStorage\vexrobotics.vexcode\sdk\cpp\V5\V5_20240802_15_00_00/vexv5\libv5rt.a(vex_competition.cpp.obj)
                0x03804dcc                vex::competition::autonomous(void (*)())
 .text._ZN3vex11competition13drivercontrolEPFvvE
                0x03804e10       0x44 c:\Users\Soren\AppData\Roaming\Code\User\globalStorage\vexrobotics.vexcode\sdk\cpp\V5\V5_20240802_15_00_00/vexv5\libv5rt.a(vex_competition.cpp.obj)
                0x03804e10                vex::competition::drivercontrol(void (*)())
 .text._ZN3vex7triportD2Ev
                0x03804e54       0x38 c:\Users\Soren\AppData\Roaming\Code\User\globalStorage\vexrobotics.vexcode\sdk\cpp\V5\V5_20240802_15_00_00/vexv5\libv5rt.a(vex_triport.cpp.obj)
                0x03804e54                vex::triport::~triport()
                0x03804e54                vex::triport::~triport()
 .text._ZN3vex7triportD0Ev
                0x03804e8c       0x1c c:\Users\Soren\AppData\Roaming\Code\User\globalStorage\vexrobotics.vexcode\sdk\cpp\V5\V5_20240802_15_00_00/vexv5\libv5rt.a(vex_triport.cpp.obj)
                0x03804e8c                vex::triport::~triport()
 .text._ZN3vex7triport9installedEv
                0x03804ea8       0x18 c:\Users\Soren\AppData\Roaming\Code\User\globalStorage\vexrobotics.vexcode\sdk\cpp\V5\V5_20240802_15_00_00/vexv5\libv5rt.a(vex_triport.cpp.obj)
                0x03804ea8                vex::triport::installed()
 .text._ZN3vex7triport4portC2ElPS0_
                0x03804ec0       0x74 c:\Users\Soren\AppData\Roaming\Code\User\globalStorage\vexrobotics.vexcode\sdk\cpp\V5\V5_20240802_15_00_00/vexv5\libv5rt.a(vex_triport.cpp.obj)
                0x03804ec0                vex::triport::port::port(long, vex::triport*)
                0x03804ec0                vex::triport::port::port(long, vex::triport*)
 .text._ZN3vex7triportC2El
                0x03804f34       0xf0 c:\Users\Soren\AppData\Roaming\Code\User\globalStorage\vexrobotics.vexcode\sdk\cpp\V5\V5_20240802_15_00_00/vexv5\libv5rt.a(vex_triport.cpp.obj)
                0x03804f34                vex::triport::triport(long)
                0x03804f34                vex::triport::triport(long)
 .text._ZN3vex7triport4port4typeENS_11triportTypeE
                0x03805024       0x30 c:\Users\Soren\AppData\Roaming\Code\User\globalStorage\vexrobotics.vexcode\sdk\cpp\V5\V5_20240802_15_00_00/vexv5\libv5rt.a(vex_triport.cpp.obj)
                0x03805024                vex::triport::port::type(vex::triportType)
 .text._ZN3vex7triport4port4typeEv
                0x03805054       0x38 c:\Users\Soren\AppData\Roaming\Code\User\globalStorage\vexrobotics.vexcode\sdk\cpp\V5\V5_20240802_15_00_00/vexv5\libv5rt.a(vex_triport.cpp.obj)
                0x03805054                vex::triport::port::type()
 .text._ZN3vex7triport4port5valueEv
                0x0380508c       0x14 c:\Users\Soren\AppData\Roaming\Code\User\globalStorage\vexrobotics.vexcode\sdk\cpp\V5\V5_20240802_15_00_00/vexv5\libv5rt.a(vex_triport.cpp.obj)
                0x0380508c                vex::triport::port::value()
 .text._ZN3vex7triport4port5valueEl
                0x038050a0       0x18 c:\Users\Soren\AppData\Roaming\Code\User\globalStorage\vexrobotics.vexcode\sdk\cpp\V5\V5_20240802_15_00_00/vexv5\libv5rt.a(vex_triport.cpp.obj)
                0x038050a0                vex::triport::port::value(long)
 .text._ZN3vex11__trideviceC2ERNS_7triport4portENS_11triportTypeE
                0x038050b8       0x5c c:\Users\Soren\AppData\Roaming\Code\User\globalStorage\vexrobotics.vexcode\sdk\cpp\V5\V5_20240802_15_00_00/vexv5\libv5rt.a(vex_triport.cpp.obj)
                0x038050b8                vex::__tridevice::__tridevice(vex::triport::port&, vex::triportType)
                0x038050b8                vex::__tridevice::__tridevice(vex::triport::port&, vex::triportType)
 .text._ZN3vex11digital_outC2ERNS_7triport4portE
                0x03805114       0x18 c:\Users\Soren\AppData\Roaming\Code\User\globalStorage\vexrobotics.vexcode\sdk\cpp\V5\V5_20240802_15_00_00/vexv5\libv5rt.a(vex_triport.cpp.obj)
                0x03805114                vex::digital_out::digital_out(vex::triport::port&)
                0x03805114                vex::digital_out::digital_out(vex::triport::port&)
 .text._ZN3vex11digital_out5valueEv
                0x0380512c        0x8 c:\Users\Soren\AppData\Roaming\Code\User\globalStorage\vexrobotics.vexcode\sdk\cpp\V5\V5_20240802_15_00_00/vexv5\libv5rt.a(vex_triport.cpp.obj)
                0x0380512c                vex::digital_out::value()
 .text._ZN3vex11digital_out3setEb
                0x03805134        0x8 c:\Users\Soren\AppData\Roaming\Code\User\globalStorage\vexrobotics.vexcode\sdk\cpp\V5\V5_20240802_15_00_00/vexv5\libv5rt.a(vex_triport.cpp.obj)
                0x03805134                vex::digital_out::set(bool)
 .text._ZN3vex3ledC2ERNS_7triport4portE
                0x0380513c       0x14 c:\Users\Soren\AppData\Roaming\Code\User\globalStorage\vexrobotics.vexcode\sdk\cpp\V5\V5_20240802_15_00_00/vexv5\libv5rt.a(vex_triport.cpp.obj)
                0x0380513c                vex::led::led(vex::triport::port&)
                0x0380513c                vex::led::led(vex::triport::port&)
 .text._ZN3vex3ledD2Ev
                0x03805150        0x4 c:\Users\Soren\AppData\Roaming\Code\User\globalStorage\vexrobotics.vexcode\sdk\cpp\V5\V5_20240802_15_00_00/vexv5\libv5rt.a(vex_triport.cpp.obj)
                0x03805150                vex::led::~led()
                0x03805150                vex::led::~led()
 .text._ZN3vex7encoderC2ERNS_7triport4portE
                0x03805154       0x20 c:\Users\Soren\AppData\Roaming\Code\User\globalStorage\vexrobotics.vexcode\sdk\cpp\V5\V5_20240802_15_00_00/vexv5\libv5rt.a(vex_triport.cpp.obj)
                0x03805154                vex::encoder::encoder(vex::triport::port&)
                0x03805154                vex::encoder::encoder(vex::triport::port&)
 .text._ZN3vex7encoderD2Ev
                0x03805174        0x4 c:\Users\Soren\AppData\Roaming\Code\User\globalStorage\vexrobotics.vexcode\sdk\cpp\V5\V5_20240802_15_00_00/vexv5\libv5rt.a(vex_triport.cpp.obj)
                0x03805174                vex::encoder::~encoder()
                0x03805174                vex::encoder::~encoder()
 .text._ZN3vex5colorD2Ev
                0x03805178        0x4 c:\Users\Soren\AppData\Roaming\Code\User\globalStorage\vexrobotics.vexcode\sdk\cpp\V5\V5_20240802_15_00_00/vexv5\libv5rt.a(vex_color.cpp.obj)
                0x03805178                vex::color::~color()
                0x03805178                vex::color::~color()
 .text._ZN3vex5colorC2Ev
                0x0380517c       0x10 c:\Users\Soren\AppData\Roaming\Code\User\globalStorage\vexrobotics.vexcode\sdk\cpp\V5\V5_20240802_15_00_00/vexv5\libv5rt.a(vex_color.cpp.obj)
                0x0380517c                vex::color::color()
                0x0380517c                vex::color::color()
 .text._ZN3vex5color3rgbEm
                0x0380518c       0x14 c:\Users\Soren\AppData\Roaming\Code\User\globalStorage\vexrobotics.vexcode\sdk\cpp\V5\V5_20240802_15_00_00/vexv5\libv5rt.a(vex_color.cpp.obj)
                0x0380518c                vex::color::rgb(unsigned long)
 .text._ZN3vex5color3rgbEhhh
                0x038051a0       0x20 c:\Users\Soren\AppData\Roaming\Code\User\globalStorage\vexrobotics.vexcode\sdk\cpp\V5\V5_20240802_15_00_00/vexv5\libv5rt.a(vex_color.cpp.obj)
                0x038051a0                vex::color::rgb(unsigned char, unsigned char, unsigned char)
 .text._ZNK3vex5color3rgbEv
                0x038051c0        0x8 c:\Users\Soren\AppData\Roaming\Code\User\globalStorage\vexrobotics.vexcode\sdk\cpp\V5\V5_20240802_15_00_00/vexv5\libv5rt.a(vex_color.cpp.obj)
                0x038051c0                vex::color::rgb() const
 .text.startup._GLOBAL__sub_I__ZN3vex5color5blackE
                0x038051c8      0x164 c:\Users\Soren\AppData\Roaming\Code\User\globalStorage\vexrobotics.vexcode\sdk\cpp\V5\V5_20240802_15_00_00/vexv5\libv5rt.a(vex_color.cpp.obj)
 .text._ZN3vex5timerD2Ev
                0x0380532c        0x4 c:\Users\Soren\AppData\Roaming\Code\User\globalStorage\vexrobotics.vexcode\sdk\cpp\V5\V5_20240802_15_00_00/vexv5\libv5rt.a(vex_timer.cpp.obj)
                0x0380532c                vex::timer::~timer()
                0x0380532c                vex::timer::~timer()
 .text._ZN3vex5timer5clearEv
                0x03805330       0x1c c:\Users\Soren\AppData\Roaming\Code\User\globalStorage\vexrobotics.vexcode\sdk\cpp\V5\V5_20240802_15_00_00/vexv5\libv5rt.a(vex_timer.cpp.obj)
                0x03805330                vex::timer::clear()
 .text._ZN3vex5timerC2Ev
                0x0380534c       0x14 c:\Users\Soren\AppData\Roaming\Code\User\globalStorage\vexrobotics.vexcode\sdk\cpp\V5\V5_20240802_15_00_00/vexv5\libv5rt.a(vex_timer.cpp.obj)
                0x0380534c                vex::timer::timer()
                0x0380534c                vex::timer::timer()
 .text._ZN3vex11motor_group18motor_group_motorsC2Ev
                0x03805360       0x28 c:\Users\Soren\AppData\Roaming\Code\User\globalStorage\vexrobotics.vexcode\sdk\cpp\V5\V5_20240802_15_00_00/vexv5\libv5rt.a(vex_motorgroup.cpp.obj)
                0x03805360                vex::motor_group::motor_group_motors::motor_group_motors()
                0x03805360                vex::motor_group::motor_group_motors::motor_group_motors()
 .text._ZN3vex11motor_group18motor_group_motorsC2ERKS1_
                0x03805388       0x20 c:\Users\Soren\AppData\Roaming\Code\User\globalStorage\vexrobotics.vexcode\sdk\cpp\V5\V5_20240802_15_00_00/vexv5\libv5rt.a(vex_motorgroup.cpp.obj)
                0x03805388                vex::motor_group::motor_group_motors::motor_group_motors(vex::motor_group::motor_group_motors const&)
                0x03805388                vex::motor_group::motor_group_motors::motor_group_motors(vex::motor_group::motor_group_motors const&)
 .text._ZN3vex11motor_groupC2Ev
                0x038053a8       0x1c c:\Users\Soren\AppData\Roaming\Code\User\globalStorage\vexrobotics.vexcode\sdk\cpp\V5\V5_20240802_15_00_00/vexv5\libv5rt.a(vex_motorgroup.cpp.obj)
                0x038053a8                vex::motor_group::motor_group()
                0x038053a8                vex::motor_group::motor_group()
 .text._ZN3vex11motor_groupD2Ev
                0x038053c4        0x4 c:\Users\Soren\AppData\Roaming\Code\User\globalStorage\vexrobotics.vexcode\sdk\cpp\V5\V5_20240802_15_00_00/vexv5\libv5rt.a(vex_motorgroup.cpp.obj)
                0x038053c4                vex::motor_group::~motor_group()
                0x038053c4                vex::motor_group::~motor_group()
 .text._ZN3vex11motor_group9_addMotorERNS_5motorE
                0x038053c8       0x20 c:\Users\Soren\AppData\Roaming\Code\User\globalStorage\vexrobotics.vexcode\sdk\cpp\V5\V5_20240802_15_00_00/vexv5\libv5rt.a(vex_motorgroup.cpp.obj)
                0x038053c8                vex::motor_group::_addMotor(vex::motor&)
 .text._ZN3vex11motor_group13resetPositionEv
                0x038053e8       0x30 c:\Users\Soren\AppData\Roaming\Code\User\globalStorage\vexrobotics.vexcode\sdk\cpp\V5\V5_20240802_15_00_00/vexv5\libv5rt.a(vex_motorgroup.cpp.obj)
                0x038053e8                vex::motor_group::resetPosition()
 .text._ZN3vex11motor_group11setPositionEdNS_13rotationUnitsE
                0x03805418       0x4c c:\Users\Soren\AppData\Roaming\Code\User\globalStorage\vexrobotics.vexcode\sdk\cpp\V5\V5_20240802_15_00_00/vexv5\libv5rt.a(vex_motorgroup.cpp.obj)
                0x03805418                vex::motor_group::setPosition(double, vex::rotationUnits)
 .text._ZN3vex11motor_group4spinENS_13directionTypeEdNS_13velocityUnitsE
                0x03805464       0x54 c:\Users\Soren\AppData\Roaming\Code\User\globalStorage\vexrobotics.vexcode\sdk\cpp\V5\V5_20240802_15_00_00/vexv5\libv5rt.a(vex_motorgroup.cpp.obj)
                0x03805464                vex::motor_group::spin(vex::directionType, double, vex::velocityUnits)
 .text._ZN3vex11motor_group4spinENS_13directionTypeEdNS_12voltageUnitsE
                0x038054b8       0x54 c:\Users\Soren\AppData\Roaming\Code\User\globalStorage\vexrobotics.vexcode\sdk\cpp\V5\V5_20240802_15_00_00/vexv5\libv5rt.a(vex_motorgroup.cpp.obj)
                0x038054b8                vex::motor_group::spin(vex::directionType, double, vex::voltageUnits)
 .text._ZN3vex11motor_group10isSpinningEv
                0x0380550c       0x40 c:\Users\Soren\AppData\Roaming\Code\User\globalStorage\vexrobotics.vexcode\sdk\cpp\V5\V5_20240802_15_00_00/vexv5\libv5rt.a(vex_motorgroup.cpp.obj)
                0x0380550c                vex::motor_group::isSpinning()
 .text._ZN3vex11motor_group6isDoneEv
                0x0380554c       0x14 c:\Users\Soren\AppData\Roaming\Code\User\globalStorage\vexrobotics.vexcode\sdk\cpp\V5\V5_20240802_15_00_00/vexv5\libv5rt.a(vex_motorgroup.cpp.obj)
                0x0380554c                vex::motor_group::isDone()
 .text._ZN3vex11motor_group4stopEv
                0x03805560       0x30 c:\Users\Soren\AppData\Roaming\Code\User\globalStorage\vexrobotics.vexcode\sdk\cpp\V5\V5_20240802_15_00_00/vexv5\libv5rt.a(vex_motorgroup.cpp.obj)
                0x03805560                vex::motor_group::stop()
 .text._ZN3vex11motor_group4stopENS_9brakeTypeE
                0x03805590       0x38 c:\Users\Soren\AppData\Roaming\Code\User\globalStorage\vexrobotics.vexcode\sdk\cpp\V5\V5_20240802_15_00_00/vexv5\libv5rt.a(vex_motorgroup.cpp.obj)
                0x03805590                vex::motor_group::stop(vex::brakeType)
 .text._ZN3vex11motor_group8positionENS_13rotationUnitsE
                0x038055c8        0xc c:\Users\Soren\AppData\Roaming\Code\User\globalStorage\vexrobotics.vexcode\sdk\cpp\V5\V5_20240802_15_00_00/vexv5\libv5rt.a(vex_motorgroup.cpp.obj)
                0x038055c8                vex::motor_group::position(vex::rotationUnits)
 .text._ZN3vex11motor_group20waitForCompletionAllEv
                0x038055d4       0x60 c:\Users\Soren\AppData\Roaming\Code\User\globalStorage\vexrobotics.vexcode\sdk\cpp\V5\V5_20240802_15_00_00/vexv5\libv5rt.a(vex_motorgroup.cpp.obj)
                0x038055d4                vex::motor_group::waitForCompletionAll()
 .text._ZN3vex11motor_group7spinForENS_13directionTypeEdNS_13rotationUnitsEdNS_13velocityUnitsEb
                0x03805634       0xa8 c:\Users\Soren\AppData\Roaming\Code\User\globalStorage\vexrobotics.vexcode\sdk\cpp\V5\V5_20240802_15_00_00/vexv5\libv5rt.a(vex_motorgroup.cpp.obj)
                0x03805634                vex::motor_group::spinFor(vex::directionType, double, vex::rotationUnits, double, vex::velocityUnits, bool)
 .text._ZN3vex8aivision9colordescD2Ev
                0x038056dc        0x4 c:\Users\Soren\AppData\Roaming\Code\User\globalStorage\vexrobotics.vexcode\sdk\cpp\V5\V5_20240802_15_00_00/vexv5\libv5rt.a(vex_aivision.cpp.obj)
                0x038056dc                vex::aivision::colordesc::~colordesc()
                0x038056dc                vex::aivision::colordesc::~colordesc()
 .text._ZN3vex8aivision9installedEv
                0x038056e0       0x18 c:\Users\Soren\AppData\Roaming\Code\User\globalStorage\vexrobotics.vexcode\sdk\cpp\V5\V5_20240802_15_00_00/vexv5\libv5rt.a(vex_aivision.cpp.obj)
                0x038056e0                vex::aivision::installed()
 .text._ZN3vex8aivisionD2Ev
                0x038056f8       0x54 c:\Users\Soren\AppData\Roaming\Code\User\globalStorage\vexrobotics.vexcode\sdk\cpp\V5\V5_20240802_15_00_00/vexv5\libv5rt.a(vex_aivision.cpp.obj)
                0x038056f8                vex::aivision::~aivision()
                0x038056f8                vex::aivision::~aivision()
 .text._ZN3vex8aivisionD0Ev
                0x0380574c       0x1c c:\Users\Soren\AppData\Roaming\Code\User\globalStorage\vexrobotics.vexcode\sdk\cpp\V5\V5_20240802_15_00_00/vexv5\libv5rt.a(vex_aivision.cpp.obj)
                0x0380574c                vex::aivision::~aivision()
 .text._ZN3vex8aivision5resetEv
                0x03805768        0xc c:\Users\Soren\AppData\Roaming\Code\User\globalStorage\vexrobotics.vexcode\sdk\cpp\V5\V5_20240802_15_00_00/vexv5\libv5rt.a(vex_aivision.cpp.obj)
                0x03805768                vex::aivision::reset()
 .text._ZN3vex8aivision14colorDetectionEbb
                0x03805774       0x48 c:\Users\Soren\AppData\Roaming\Code\User\globalStorage\vexrobotics.vexcode\sdk\cpp\V5\V5_20240802_15_00_00/vexv5\libv5rt.a(vex_aivision.cpp.obj)
                0x03805774                vex::aivision::colorDetection(bool, bool)
 .text._ZN3vex8aivision10usbOverlayEb
                0x038057bc       0x38 c:\Users\Soren\AppData\Roaming\Code\User\globalStorage\vexrobotics.vexcode\sdk\cpp\V5\V5_20240802_15_00_00/vexv5\libv5rt.a(vex_aivision.cpp.obj)
                0x038057bc                vex::aivision::usbOverlay(bool)
 .text._ZN3vex8aivision20setObjectDescriptionERKNS0_9colordescE
                0x038057f4       0x6c c:\Users\Soren\AppData\Roaming\Code\User\globalStorage\vexrobotics.vexcode\sdk\cpp\V5\V5_20240802_15_00_00/vexv5\libv5rt.a(vex_aivision.cpp.obj)
                0x038057f4                vex::aivision::setObjectDescription(vex::aivision::colordesc const&)
 .text._ZN3vex8aivision21_setObjectDescriptionEv
                0x03805860       0x40 c:\Users\Soren\AppData\Roaming\Code\User\globalStorage\vexrobotics.vexcode\sdk\cpp\V5\V5_20240802_15_00_00/vexv5\libv5rt.a(vex_aivision.cpp.obj)
                0x03805860                vex::aivision::_setObjectDescription()
 .text._ZN3vex8aivision9colordesc5clearEv
                0x038058a0       0x24 c:\Users\Soren\AppData\Roaming\Code\User\globalStorage\vexrobotics.vexcode\sdk\cpp\V5\V5_20240802_15_00_00/vexv5\libv5rt.a(vex_aivision.cpp.obj)
                0x038058a0                vex::aivision::colordesc::clear()
 .text._ZN3vex8aivision9colordescC2Ev
                0x038058c4       0x44 c:\Users\Soren\AppData\Roaming\Code\User\globalStorage\vexrobotics.vexcode\sdk\cpp\V5\V5_20240802_15_00_00/vexv5\libv5rt.a(vex_aivision.cpp.obj)
                0x038058c4                vex::aivision::colordesc::colordesc()
                0x038058c4                vex::aivision::colordesc::colordesc()
 .text._ZN3vex8aivision9colordescC2Elhhhff
                0x03805908       0x44 c:\Users\Soren\AppData\Roaming\Code\User\globalStorage\vexrobotics.vexcode\sdk\cpp\V5\V5_20240802_15_00_00/vexv5\libv5rt.a(vex_aivision.cpp.obj)
                0x03805908                vex::aivision::colordesc::colordesc(long, unsigned char, unsigned char, unsigned char, float, float)
                0x03805908                vex::aivision::colordesc::colordesc(long, unsigned char, unsigned char, unsigned char, float, float)
 *fill*         0x0380594c        0x4 
 .text._ZN3vex8aivision6object3setE24_V5_DeviceAiVisionObjectPc
                0x03805950      0x2b0 c:\Users\Soren\AppData\Roaming\Code\User\globalStorage\vexrobotics.vexcode\sdk\cpp\V5\V5_20240802_15_00_00/vexv5\libv5rt.a(vex_aivision.cpp.obj)
                0x03805950                vex::aivision::object::set(_V5_DeviceAiVisionObject, char*)
 .text._ZN3vex8aivision6object5clearEv
                0x03805c00       0x70 c:\Users\Soren\AppData\Roaming\Code\User\globalStorage\vexrobotics.vexcode\sdk\cpp\V5\V5_20240802_15_00_00/vexv5\libv5rt.a(vex_aivision.cpp.obj)
                0x03805c00                vex::aivision::object::clear()
 .text._ZN3vex8aivision6objectC2Ev
                0x03805c70       0x94 c:\Users\Soren\AppData\Roaming\Code\User\globalStorage\vexrobotics.vexcode\sdk\cpp\V5\V5_20240802_15_00_00/vexv5\libv5rt.a(vex_aivision.cpp.obj)
                0x03805c70                vex::aivision::object::object()
                0x03805c70                vex::aivision::object::object()
 .text._ZN3vex8aivision6objectaSERKS1_
                0x03805d04      0x100 c:\Users\Soren\AppData\Roaming\Code\User\globalStorage\vexrobotics.vexcode\sdk\cpp\V5\V5_20240802_15_00_00/vexv5\libv5rt.a(vex_aivision.cpp.obj)
                0x03805d04                vex::aivision::object::operator=(vex::aivision::object const&)
 .text._ZN3vex8aivision6objectaSEl
                0x03805e04       0x74 c:\Users\Soren\AppData\Roaming\Code\User\globalStorage\vexrobotics.vexcode\sdk\cpp\V5\V5_20240802_15_00_00/vexv5\libv5rt.a(vex_aivision.cpp.obj)
                0x03805e04                vex::aivision::object::operator=(long)
 .text._ZN3vex9safearrayINS_8aivision6objectELi24EEixEi
                0x03805e78       0x28 c:\Users\Soren\AppData\Roaming\Code\User\globalStorage\vexrobotics.vexcode\sdk\cpp\V5\V5_20240802_15_00_00/vexv5\libv5rt.a(vex_aivision.cpp.obj)
                0x03805e78                vex::safearray<vex::aivision::object, 24>::operator[](int)
 .text._ZN3vex8aivision13_clearObjectsEv
                0x03805ea0       0x34 c:\Users\Soren\AppData\Roaming\Code\User\globalStorage\vexrobotics.vexcode\sdk\cpp\V5\V5_20240802_15_00_00/vexv5\libv5rt.a(vex_aivision.cpp.obj)
                0x03805ea0                vex::aivision::_clearObjects()
 .text._ZN3vex8aivisionC2El
                0x03805ed4       0xa0 c:\Users\Soren\AppData\Roaming\Code\User\globalStorage\vexrobotics.vexcode\sdk\cpp\V5\V5_20240802_15_00_00/vexv5\libv5rt.a(vex_aivision.cpp.obj)
                0x03805ed4                vex::aivision::aivision(long)
                0x03805ed4                vex::aivision::aivision(long)
 .text._ZN3vex8aivision12takeSnapshotEmNS0_10objectTypeEm
                0x03805f74      0x28c c:\Users\Soren\AppData\Roaming\Code\User\globalStorage\vexrobotics.vexcode\sdk\cpp\V5\V5_20240802_15_00_00/vexv5\libv5rt.a(vex_aivision.cpp.obj)
                0x03805f74                vex::aivision::takeSnapshot(unsigned long, vex::aivision::objectType, unsigned long)
 .text._ZN3vex8aivision12takeSnapshotERKNS0_9colordescEl
                0x03806200       0x14 c:\Users\Soren\AppData\Roaming\Code\User\globalStorage\vexrobotics.vexcode\sdk\cpp\V5\V5_20240802_15_00_00/vexv5\libv5rt.a(vex_aivision.cpp.obj)
                0x03806200                vex::aivision::takeSnapshot(vex::aivision::colordesc const&, long)
 .text.startup._GLOBAL__sub_I__ZN3vex8aivision8ALL_TAGSE
                0x03806214       0xb8 c:\Users\Soren\AppData\Roaming\Code\User\globalStorage\vexrobotics.vexcode\sdk\cpp\V5\V5_20240802_15_00_00/vexv5\libv5rt.a(vex_aivision.cpp.obj)
 .text.vexAdiPortConfigSet
                0x038062cc       0x28 c:\Users\Soren\AppData\Roaming\Code\User\globalStorage\vexrobotics.vexcode\sdk\cpp\V5\V5_20240802_15_00_00/vexv5\libv5rt.a(v5_apiuser.c.obj)
                0x038062cc                vexAdiPortConfigSet
 .text.vexAdiPortConfigGet
                0x038062f4       0x28 c:\Users\Soren\AppData\Roaming\Code\User\globalStorage\vexrobotics.vexcode\sdk\cpp\V5\V5_20240802_15_00_00/vexv5\libv5rt.a(v5_apiuser.c.obj)
                0x038062f4                vexAdiPortConfigGet
 .text.vexAdiValueSet
                0x0380631c       0x28 c:\Users\Soren\AppData\Roaming\Code\User\globalStorage\vexrobotics.vexcode\sdk\cpp\V5\V5_20240802_15_00_00/vexv5\libv5rt.a(v5_apiuser.c.obj)
                0x0380631c                vexAdiValueSet
 .text.vexAdiValueGet
                0x03806344       0x20 c:\Users\Soren\AppData\Roaming\Code\User\globalStorage\vexrobotics.vexcode\sdk\cpp\V5\V5_20240802_15_00_00/vexv5\libv5rt.a(v5_apiuser.c.obj)
                0x03806344                vexAdiValueGet
 .text.vexMotorVelocitySet
                0x03806364       0x20 c:\Users\Soren\AppData\Roaming\Code\User\globalStorage\vexrobotics.vexcode\sdk\cpp\V5\V5_20240802_15_00_00/vexv5\libv5rt.a(v5_apiuser.c.obj)
                0x03806364                vexMotorVelocitySet
 .text.vexMotorVoltageSet
                0x03806384       0x20 c:\Users\Soren\AppData\Roaming\Code\User\globalStorage\vexrobotics.vexcode\sdk\cpp\V5\V5_20240802_15_00_00/vexv5\libv5rt.a(v5_apiuser.c.obj)
                0x03806384                vexMotorVoltageSet
 .text.vexMotorVelocityGet
                0x038063a4       0x18 c:\Users\Soren\AppData\Roaming\Code\User\globalStorage\vexrobotics.vexcode\sdk\cpp\V5\V5_20240802_15_00_00/vexv5\libv5rt.a(v5_apiuser.c.obj)
                0x038063a4                vexMotorVelocityGet
 .text.vexMotorActualVelocityGet
                0x038063bc       0x24 c:\Users\Soren\AppData\Roaming\Code\User\globalStorage\vexrobotics.vexcode\sdk\cpp\V5\V5_20240802_15_00_00/vexv5\libv5rt.a(v5_apiuser.c.obj)
                0x038063bc                vexMotorActualVelocityGet
 .text.vexMotorModeGet
                0x038063e0       0x18 c:\Users\Soren\AppData\Roaming\Code\User\globalStorage\vexrobotics.vexcode\sdk\cpp\V5\V5_20240802_15_00_00/vexv5\libv5rt.a(v5_apiuser.c.obj)
                0x038063e0                vexMotorModeGet
 .text.vexMotorZeroPositionFlagGet
                0x038063f8       0x18 c:\Users\Soren\AppData\Roaming\Code\User\globalStorage\vexrobotics.vexcode\sdk\cpp\V5\V5_20240802_15_00_00/vexv5\libv5rt.a(v5_apiuser.c.obj)
                0x038063f8                vexMotorZeroPositionFlagGet
 .text.vexMotorReverseFlagSet
                0x03806410       0x20 c:\Users\Soren\AppData\Roaming\Code\User\globalStorage\vexrobotics.vexcode\sdk\cpp\V5\V5_20240802_15_00_00/vexv5\libv5rt.a(v5_apiuser.c.obj)
                0x03806410                vexMotorReverseFlagSet
 .text.vexMotorEncoderUnitsSet
                0x03806430       0x20 c:\Users\Soren\AppData\Roaming\Code\User\globalStorage\vexrobotics.vexcode\sdk\cpp\V5\V5_20240802_15_00_00/vexv5\libv5rt.a(v5_apiuser.c.obj)
                0x03806430                vexMotorEncoderUnitsSet
 .text.vexMotorBrakeModeSet
                0x03806450       0x20 c:\Users\Soren\AppData\Roaming\Code\User\globalStorage\vexrobotics.vexcode\sdk\cpp\V5\V5_20240802_15_00_00/vexv5\libv5rt.a(v5_apiuser.c.obj)
                0x03806450                vexMotorBrakeModeSet
 .text.vexMotorPositionSet
                0x03806470       0x28 c:\Users\Soren\AppData\Roaming\Code\User\globalStorage\vexrobotics.vexcode\sdk\cpp\V5\V5_20240802_15_00_00/vexv5\libv5rt.a(v5_apiuser.c.obj)
                0x03806470                vexMotorPositionSet
 .text.vexMotorPositionGet
                0x03806498       0x24 c:\Users\Soren\AppData\Roaming\Code\User\globalStorage\vexrobotics.vexcode\sdk\cpp\V5\V5_20240802_15_00_00/vexv5\libv5rt.a(v5_apiuser.c.obj)
                0x03806498                vexMotorPositionGet
 .text.vexMotorRelativeTargetSet
                0x038064bc       0x30 c:\Users\Soren\AppData\Roaming\Code\User\globalStorage\vexrobotics.vexcode\sdk\cpp\V5\V5_20240802_15_00_00/vexv5\libv5rt.a(v5_apiuser.c.obj)
                0x038064bc                vexMotorRelativeTargetSet
 .text.vexMotorGearingSet
                0x038064ec       0x20 c:\Users\Soren\AppData\Roaming\Code\User\globalStorage\vexrobotics.vexcode\sdk\cpp\V5\V5_20240802_15_00_00/vexv5\libv5rt.a(v5_apiuser.c.obj)
                0x038064ec                vexMotorGearingSet
 .text.vexMotorGearingGet
                0x0380650c       0x18 c:\Users\Soren\AppData\Roaming\Code\User\globalStorage\vexrobotics.vexcode\sdk\cpp\V5\V5_20240802_15_00_00/vexv5\libv5rt.a(v5_apiuser.c.obj)
                0x0380650c                vexMotorGearingGet
 .text.vexImuReset
                0x03806524       0x10 c:\Users\Soren\AppData\Roaming\Code\User\globalStorage\vexrobotics.vexcode\sdk\cpp\V5\V5_20240802_15_00_00/vexv5\libv5rt.a(v5_apiuser.c.obj)
                0x03806524                vexImuReset
 .text.vexImuHeadingGet
                0x03806534       0x10 c:\Users\Soren\AppData\Roaming\Code\User\globalStorage\vexrobotics.vexcode\sdk\cpp\V5\V5_20240802_15_00_00/vexv5\libv5rt.a(v5_apiuser.c.obj)
                0x03806534                vexImuHeadingGet
 .text.vexImuDegreesGet
                0x03806544       0x10 c:\Users\Soren\AppData\Roaming\Code\User\globalStorage\vexrobotics.vexcode\sdk\cpp\V5\V5_20240802_15_00_00/vexv5\libv5rt.a(v5_apiuser.c.obj)
                0x03806544                vexImuDegreesGet
 .text.vexImuStatusGet
                0x03806554       0x10 c:\Users\Soren\AppData\Roaming\Code\User\globalStorage\vexrobotics.vexcode\sdk\cpp\V5\V5_20240802_15_00_00/vexv5\libv5rt.a(v5_apiuser.c.obj)
                0x03806554                vexImuStatusGet
 .text.vexAbsEncPositionSet
                0x03806564       0x18 c:\Users\Soren\AppData\Roaming\Code\User\globalStorage\vexrobotics.vexcode\sdk\cpp\V5\V5_20240802_15_00_00/vexv5\libv5rt.a(v5_apiuser.c.obj)
                0x03806564                vexAbsEncPositionSet
 .text.vexAbsEncPositionGet
                0x0380657c       0x10 c:\Users\Soren\AppData\Roaming\Code\User\globalStorage\vexrobotics.vexcode\sdk\cpp\V5\V5_20240802_15_00_00/vexv5\libv5rt.a(v5_apiuser.c.obj)
                0x0380657c                vexAbsEncPositionGet
 .text.vexAbsEncAngleGet
                0x0380658c       0x10 c:\Users\Soren\AppData\Roaming\Code\User\globalStorage\vexrobotics.vexcode\sdk\cpp\V5\V5_20240802_15_00_00/vexv5\libv5rt.a(v5_apiuser.c.obj)
                0x0380658c                vexAbsEncAngleGet
 .text.vexAbsEncReverseFlagSet
                0x0380659c       0x18 c:\Users\Soren\AppData\Roaming\Code\User\globalStorage\vexrobotics.vexcode\sdk\cpp\V5\V5_20240802_15_00_00/vexv5\libv5rt.a(v5_apiuser.c.obj)
                0x0380659c                vexAbsEncReverseFlagSet
 .text.vexAiVisionModeSet
                0x038065b4       0x20 c:\Users\Soren\AppData\Roaming\Code\User\globalStorage\vexrobotics.vexcode\sdk\cpp\V5\V5_20240802_15_00_00/vexv5\libv5rt.a(v5_apiuser.c.obj)
                0x038065b4                vexAiVisionModeSet
 .text.vexAiVisionObjectCountGet
                0x038065d4       0x18 c:\Users\Soren\AppData\Roaming\Code\User\globalStorage\vexrobotics.vexcode\sdk\cpp\V5\V5_20240802_15_00_00/vexv5\libv5rt.a(v5_apiuser.c.obj)
                0x038065d4                vexAiVisionObjectCountGet
 .text.vexAiVisionObjectGet
                0x038065ec       0x28 c:\Users\Soren\AppData\Roaming\Code\User\globalStorage\vexrobotics.vexcode\sdk\cpp\V5\V5_20240802_15_00_00/vexv5\libv5rt.a(v5_apiuser.c.obj)
                0x038065ec                vexAiVisionObjectGet
 .text.vexAiVisionColorSet